running develop
running egg_info
creating dofbot_config.egg-info
writing dofbot_config.egg-info/PKG-INFO
writing dependency_links to dofbot_config.egg-info/dependency_links.txt
writing entry points to dofbot_config.egg-info/entry_points.txt
writing requirements to dofbot_config.egg-info/requires.txt
writing top-level names to dofbot_config.egg-info/top_level.txt
writing manifest file 'dofbot_config.egg-info/SOURCES.txt'
reading manifest file 'dofbot_config.egg-info/SOURCES.txt'
writing manifest file 'dofbot_config.egg-info/SOURCES.txt'
running build_ext
Creating /home/arrgusr/ROS2Dev/tsr-2027-1/dofbot_ws/install/dofbot_config/lib/python3.12/site-packages/dofbot-config.egg-link (link to .)
Installing param_srv script to /home/arrgusr/ROS2Dev/tsr-2027-1/dofbot_ws/install/dofbot_config/lib/dofbot_config

Installed /home/arrgusr/ROS2Dev/tsr-2027-1/dofbot_ws/build/dofbot_config
running symlink_data
creating /home/arrgusr/ROS2Dev/tsr-2027-1/dofbot_ws/install/dofbot_config/share/ament_index
creating /home/arrgusr/ROS2Dev/tsr-2027-1/dofbot_ws/install/dofbot_config/share/ament_index/resource_index
creating /home/arrgusr/ROS2Dev/tsr-2027-1/dofbot_ws/install/dofbot_config/share/ament_index/resource_index/packages
symbolically linking /home/arrgusr/ROS2Dev/tsr-2027-1/dofbot_ws/build/dofbot_config/resource/dofbot_config -> /home/arrgusr/ROS2Dev/tsr-2027-1/dofbot_ws/install/dofbot_config/share/ament_index/resource_index/packages
symbolically linking /home/arrgusr/ROS2Dev/tsr-2027-1/dofbot_ws/build/dofbot_config/package.xml -> /home/arrgusr/ROS2Dev/tsr-2027-1/dofbot_ws/install/dofbot_config/share/dofbot_config
