[1.208s] Invoking command in '/home/arrgusr/ROS2Dev/tsr-2027-1/dofbot_ws/build/dofbot_config': DEBUGINFOD_URLS=https://debuginfod.ubuntu.com PYTHONPATH=/home/arrgusr/ROS2Dev/tsr-2027-1/dofbot_ws/build/dofbot_config/prefix_override:/usr/lib/python3/dist-packages/colcon_core/task/python/colcon_distutils_commands:/home/arrgusr/ROS2Dev/tsr-2027-1/dofbot_ws/install/dofbot_config/lib/python3.12/site-packages:${PYTHONPATH} /usr/bin/python3 -W ignore:setup.py install is deprecated -W ignore:easy_install command is deprecated setup.py develop --editable --build-directory /home/arrgusr/ROS2Dev/tsr-2027-1/dofbot_ws/build/dofbot_config/build --no-deps symlink_data
[1.477s] running develop
[1.637s] running egg_info
[1.637s] creating dofbot_config.egg-info
[1.652s] writing dofbot_config.egg-info/PKG-INFO
[1.652s] writing dependency_links to dofbot_config.egg-info/dependency_links.txt
[1.652s] writing entry points to dofbot_config.egg-info/entry_points.txt
[1.652s] writing requirements to dofbot_config.egg-info/requires.txt
[1.652s] writing top-level names to dofbot_config.egg-info/top_level.txt
[1.652s] writing manifest file 'dofbot_config.egg-info/SOURCES.txt'
[1.680s] reading manifest file 'dofbot_config.egg-info/SOURCES.txt'
[1.681s] writing manifest file 'dofbot_config.egg-info/SOURCES.txt'
[1.696s] running build_ext
[1.696s] Creating /home/arrgusr/ROS2Dev/tsr-2027-1/dofbot_ws/install/dofbot_config/lib/python3.12/site-packages/dofbot-config.egg-link (link to .)
[1.697s] Installing param_srv script to /home/arrgusr/ROS2Dev/tsr-2027-1/dofbot_ws/install/dofbot_config/lib/dofbot_config
[1.697s] 
[1.697s] Installed /home/arrgusr/ROS2Dev/tsr-2027-1/dofbot_ws/build/dofbot_config
[1.697s] running symlink_data
[1.697s] creating /home/arrgusr/ROS2Dev/tsr-2027-1/dofbot_ws/install/dofbot_config/share/ament_index
[1.697s] creating /home/arrgusr/ROS2Dev/tsr-2027-1/dofbot_ws/install/dofbot_config/share/ament_index/resource_index
[1.697s] creating /home/arrgusr/ROS2Dev/tsr-2027-1/dofbot_ws/install/dofbot_config/share/ament_index/resource_index/packages
[1.697s] symbolically linking /home/arrgusr/ROS2Dev/tsr-2027-1/dofbot_ws/build/dofbot_config/resource/dofbot_config -> /home/arrgusr/ROS2Dev/tsr-2027-1/dofbot_ws/install/dofbot_config/share/ament_index/resource_index/packages
[1.698s] symbolically linking /home/arrgusr/ROS2Dev/tsr-2027-1/dofbot_ws/build/dofbot_config/package.xml -> /home/arrgusr/ROS2Dev/tsr-2027-1/dofbot_ws/install/dofbot_config/share/dofbot_config
[1.723s] Invoked command in '/home/arrgusr/ROS2Dev/tsr-2027-1/dofbot_ws/build/dofbot_config' returned '0': DEBUGINFOD_URLS=https://debuginfod.ubuntu.com PYTHONPATH=/home/arrgusr/ROS2Dev/tsr-2027-1/dofbot_ws/build/dofbot_config/prefix_override:/usr/lib/python3/dist-packages/colcon_core/task/python/colcon_distutils_commands:/home/arrgusr/ROS2Dev/tsr-2027-1/dofbot_ws/install/dofbot_config/lib/python3.12/site-packages:${PYTHONPATH} /usr/bin/python3 -W ignore:setup.py install is deprecated -W ignore:easy_install command is deprecated setup.py develop --editable --build-directory /home/arrgusr/ROS2Dev/tsr-2027-1/dofbot_ws/build/dofbot_config/build --no-deps symlink_data
