[0.020s] Invoking command in '/home/arrgusr/ROS2Dev/tsr-2027-1/dofbot_ws/build/dofbot_interfaces': CMAKE_PREFIX_PATH=${CMAKE_PREFIX_PATH}:/home/arrgusr/ROS2Dev/tsr-2027-1/dofbot_ws/install/primer_py:/home/arrgusr/ROS2Dev/tsr-2027-1/dofbot_ws/install/dofbot_telemetry:/opt/ros/jazzy DEBUGINFOD_URLS=https://debuginfod.ubuntu.com /usr/bin/cmake --build /home/arrgusr/ROS2Dev/tsr-2027-1/dofbot_ws/build/dofbot_interfaces -- -j2 -l2
[0.093s] [  2%] Built target dofbot_interfaces__rosidl_generator_type_description
[0.095s] [  5%] Built target dofbot_interfaces__rs
[0.138s] [ 20%] Built target dofbot_interfaces__rosidl_generator_c
[0.141s] [ 20%] Built target ament_cmake_python_copy_dofbot_interfaces
[0.169s] [ 22%] Built target dofbot_interfaces__cpp
[0.172s] [ 31%] Built target dofbot_interfaces__rosidl_typesupport_fastrtps_c
[0.210s] [ 40%] Built target dofbot_interfaces__rosidl_typesupport_c
[0.212s] [ 48%] Built target dofbot_interfaces__rosidl_typesupport_introspection_c
[0.250s] [ 65%] Built target dofbot_interfaces__rosidl_typesupport_introspection_cpp
[0.250s] [ 65%] Built target dofbot_interfaces__rosidl_typesupport_fastrtps_cpp
[0.287s] [ 74%] Built target dofbot_interfaces__rosidl_typesupport_cpp
[0.330s] [ 74%] Built target dofbot_interfaces
[0.372s] [ 77%] Built target dofbot_interfaces__py
[0.412s] [ 82%] Built target dofbot_interfaces__rosidl_generator_py
[0.450s] [ 88%] Built target dofbot_interfaces_s__rosidl_typesupport_fastrtps_c
[0.482s] [ 94%] Built target dofbot_interfaces_s__rosidl_typesupport_introspection_c
[0.529s] [100%] Built target dofbot_interfaces_s__rosidl_typesupport_c
[0.583s] running egg_info
[0.600s] writing dofbot_interfaces.egg-info/PKG-INFO
[0.601s] writing dependency_links to dofbot_interfaces.egg-info/dependency_links.txt
[0.601s] writing top-level names to dofbot_interfaces.egg-info/top_level.txt
[0.658s] reading manifest file 'dofbot_interfaces.egg-info/SOURCES.txt'
[0.658s] writing manifest file 'dofbot_interfaces.egg-info/SOURCES.txt'
[0.692s] [100%] Built target ament_cmake_python_build_dofbot_interfaces_egg
[0.716s] Invoked command in '/home/arrgusr/ROS2Dev/tsr-2027-1/dofbot_ws/build/dofbot_interfaces' returned '0': CMAKE_PREFIX_PATH=${CMAKE_PREFIX_PATH}:/home/arrgusr/ROS2Dev/tsr-2027-1/dofbot_ws/install/primer_py:/home/arrgusr/ROS2Dev/tsr-2027-1/dofbot_ws/install/dofbot_telemetry:/opt/ros/jazzy DEBUGINFOD_URLS=https://debuginfod.ubuntu.com /usr/bin/cmake --build /home/arrgusr/ROS2Dev/tsr-2027-1/dofbot_ws/build/dofbot_interfaces -- -j2 -l2
[0.731s] Invoking command in '/home/arrgusr/ROS2Dev/tsr-2027-1/dofbot_ws/build/dofbot_interfaces': CMAKE_PREFIX_PATH=${CMAKE_PREFIX_PATH}:/home/arrgusr/ROS2Dev/tsr-2027-1/dofbot_ws/install/primer_py:/home/arrgusr/ROS2Dev/tsr-2027-1/dofbot_ws/install/dofbot_telemetry:/opt/ros/jazzy DEBUGINFOD_URLS=https://debuginfod.ubuntu.com /usr/bin/cmake --install /home/arrgusr/ROS2Dev/tsr-2027-1/dofbot_ws/build/dofbot_interfaces
[0.750s] -- Install configuration: ""
[0.750s] -- Up-to-date: /home/arrgusr/ROS2Dev/tsr-2027-1/dofbot_ws/install/dofbot_interfaces/share/ament_index/resource_index/rosidl_interfaces/dofbot_interfaces
[0.750s] -- Up-to-date: /home/arrgusr/ROS2Dev/tsr-2027-1/dofbot_ws/install/dofbot_interfaces/share/dofbot_interfaces/msg/Telemetry.json
[0.750s] -- Up-to-date: /home/arrgusr/ROS2Dev/tsr-2027-1/dofbot_ws/install/dofbot_interfaces/include/dofbot_interfaces/dofbot_interfaces
[0.750s] -- Up-to-date: /home/arrgusr/ROS2Dev/tsr-2027-1/dofbot_ws/install/dofbot_interfaces/include/dofbot_interfaces/dofbot_interfaces/msg
[0.750s] -- Up-to-date: /home/arrgusr/ROS2Dev/tsr-2027-1/dofbot_ws/install/dofbot_interfaces/include/dofbot_interfaces/dofbot_interfaces/msg/telemetry.h
[0.750s] -- Up-to-date: /home/arrgusr/ROS2Dev/tsr-2027-1/dofbot_ws/install/dofbot_interfaces/include/dofbot_interfaces/dofbot_interfaces/msg/rosidl_generator_c__visibility_control.h
[0.750s] -- Up-to-date: /home/arrgusr/ROS2Dev/tsr-2027-1/dofbot_ws/install/dofbot_interfaces/include/dofbot_interfaces/dofbot_interfaces/msg/detail
[0.750s] -- Up-to-date: /home/arrgusr/ROS2Dev/tsr-2027-1/dofbot_ws/install/dofbot_interfaces/include/dofbot_interfaces/dofbot_interfaces/msg/detail/telemetry__type_support.h
[0.750s] -- Up-to-date: /home/arrgusr/ROS2Dev/tsr-2027-1/dofbot_ws/install/dofbot_interfaces/include/dofbot_interfaces/dofbot_interfaces/msg/detail/telemetry__struct.h
[0.750s] -- Up-to-date: /home/arrgusr/ROS2Dev/tsr-2027-1/dofbot_ws/install/dofbot_interfaces/include/dofbot_interfaces/dofbot_interfaces/msg/detail/telemetry__type_support.c
[0.751s] -- Up-to-date: /home/arrgusr/ROS2Dev/tsr-2027-1/dofbot_ws/install/dofbot_interfaces/include/dofbot_interfaces/dofbot_interfaces/msg/detail/telemetry__functions.c
[0.751s] -- Up-to-date: /home/arrgusr/ROS2Dev/tsr-2027-1/dofbot_ws/install/dofbot_interfaces/include/dofbot_interfaces/dofbot_interfaces/msg/detail/telemetry__description.c
[0.751s] -- Up-to-date: /home/arrgusr/ROS2Dev/tsr-2027-1/dofbot_ws/install/dofbot_interfaces/include/dofbot_interfaces/dofbot_interfaces/msg/detail/telemetry__functions.h
[0.751s] -- Up-to-date: /home/arrgusr/ROS2Dev/tsr-2027-1/dofbot_ws/install/dofbot_interfaces/share/dofbot_interfaces/environment/library_path.sh
[0.751s] -- Up-to-date: /home/arrgusr/ROS2Dev/tsr-2027-1/dofbot_ws/install/dofbot_interfaces/share/dofbot_interfaces/environment/library_path.dsv
[0.751s] -- Up-to-date: /home/arrgusr/ROS2Dev/tsr-2027-1/dofbot_ws/install/dofbot_interfaces/lib/libdofbot_interfaces__rosidl_generator_c.so
[0.751s] -- Up-to-date: /home/arrgusr/ROS2Dev/tsr-2027-1/dofbot_ws/install/dofbot_interfaces/include/dofbot_interfaces/dofbot_interfaces
[0.751s] -- Up-to-date: /home/arrgusr/ROS2Dev/tsr-2027-1/dofbot_ws/install/dofbot_interfaces/include/dofbot_interfaces/dofbot_interfaces/msg
[0.752s] -- Up-to-date: /home/arrgusr/ROS2Dev/tsr-2027-1/dofbot_ws/install/dofbot_interfaces/include/dofbot_interfaces/dofbot_interfaces/msg/rosidl_typesupport_fastrtps_c__visibility_control.h
[0.752s] -- Up-to-date: /home/arrgusr/ROS2Dev/tsr-2027-1/dofbot_ws/install/dofbot_interfaces/include/dofbot_interfaces/dofbot_interfaces/msg/detail
[0.752s] -- Up-to-date: /home/arrgusr/ROS2Dev/tsr-2027-1/dofbot_ws/install/dofbot_interfaces/include/dofbot_interfaces/dofbot_interfaces/msg/detail/telemetry__rosidl_typesupport_fastrtps_c.h
[0.752s] -- Up-to-date: /home/arrgusr/ROS2Dev/tsr-2027-1/dofbot_ws/install/dofbot_interfaces/lib/libdofbot_interfaces__rosidl_typesupport_fastrtps_c.so
[0.752s] -- Up-to-date: /home/arrgusr/ROS2Dev/tsr-2027-1/dofbot_ws/install/dofbot_interfaces/include/dofbot_interfaces/dofbot_interfaces
[0.752s] -- Up-to-date: /home/arrgusr/ROS2Dev/tsr-2027-1/dofbot_ws/install/dofbot_interfaces/include/dofbot_interfaces/dofbot_interfaces/msg
[0.752s] -- Up-to-date: /home/arrgusr/ROS2Dev/tsr-2027-1/dofbot_ws/install/dofbot_interfaces/include/dofbot_interfaces/dofbot_interfaces/msg/rosidl_typesupport_introspection_c__visibility_control.h
[0.752s] -- Up-to-date: /home/arrgusr/ROS2Dev/tsr-2027-1/dofbot_ws/install/dofbot_interfaces/include/dofbot_interfaces/dofbot_interfaces/msg/detail
[0.752s] -- Up-to-date: /home/arrgusr/ROS2Dev/tsr-2027-1/dofbot_ws/install/dofbot_interfaces/include/dofbot_interfaces/dofbot_interfaces/msg/detail/telemetry__type_support.c
[0.753s] -- Up-to-date: /home/arrgusr/ROS2Dev/tsr-2027-1/dofbot_ws/install/dofbot_interfaces/include/dofbot_interfaces/dofbot_interfaces/msg/detail/telemetry__rosidl_typesupport_introspection_c.h
[0.753s] -- Up-to-date: /home/arrgusr/ROS2Dev/tsr-2027-1/dofbot_ws/install/dofbot_interfaces/lib/libdofbot_interfaces__rosidl_typesupport_introspection_c.so
[0.753s] -- Up-to-date: /home/arrgusr/ROS2Dev/tsr-2027-1/dofbot_ws/install/dofbot_interfaces/lib/libdofbot_interfaces__rosidl_typesupport_c.so
[0.753s] -- Up-to-date: /home/arrgusr/ROS2Dev/tsr-2027-1/dofbot_ws/install/dofbot_interfaces/include/dofbot_interfaces/dofbot_interfaces
[0.753s] -- Up-to-date: /home/arrgusr/ROS2Dev/tsr-2027-1/dofbot_ws/install/dofbot_interfaces/include/dofbot_interfaces/dofbot_interfaces/msg
[0.753s] -- Up-to-date: /home/arrgusr/ROS2Dev/tsr-2027-1/dofbot_ws/install/dofbot_interfaces/include/dofbot_interfaces/dofbot_interfaces/msg/rosidl_generator_cpp__visibility_control.hpp
[0.753s] -- Up-to-date: /home/arrgusr/ROS2Dev/tsr-2027-1/dofbot_ws/install/dofbot_interfaces/include/dofbot_interfaces/dofbot_interfaces/msg/telemetry.hpp
[0.753s] -- Up-to-date: /home/arrgusr/ROS2Dev/tsr-2027-1/dofbot_ws/install/dofbot_interfaces/include/dofbot_interfaces/dofbot_interfaces/msg/detail
[0.754s] -- Up-to-date: /home/arrgusr/ROS2Dev/tsr-2027-1/dofbot_ws/install/dofbot_interfaces/include/dofbot_interfaces/dofbot_interfaces/msg/detail/telemetry__traits.hpp
[0.754s] -- Up-to-date: /home/arrgusr/ROS2Dev/tsr-2027-1/dofbot_ws/install/dofbot_interfaces/include/dofbot_interfaces/dofbot_interfaces/msg/detail/telemetry__builder.hpp
[0.754s] -- Up-to-date: /home/arrgusr/ROS2Dev/tsr-2027-1/dofbot_ws/install/dofbot_interfaces/include/dofbot_interfaces/dofbot_interfaces/msg/detail/telemetry__struct.hpp
[0.754s] -- Up-to-date: /home/arrgusr/ROS2Dev/tsr-2027-1/dofbot_ws/install/dofbot_interfaces/include/dofbot_interfaces/dofbot_interfaces/msg/detail/telemetry__type_support.hpp
[0.754s] -- Up-to-date: /home/arrgusr/ROS2Dev/tsr-2027-1/dofbot_ws/install/dofbot_interfaces/include/dofbot_interfaces/dofbot_interfaces
[0.754s] -- Up-to-date: /home/arrgusr/ROS2Dev/tsr-2027-1/dofbot_ws/install/dofbot_interfaces/include/dofbot_interfaces/dofbot_interfaces/msg
[0.754s] -- Up-to-date: /home/arrgusr/ROS2Dev/tsr-2027-1/dofbot_ws/install/dofbot_interfaces/include/dofbot_interfaces/dofbot_interfaces/msg/rosidl_typesupport_fastrtps_cpp__visibility_control.h
[0.754s] -- Up-to-date: /home/arrgusr/ROS2Dev/tsr-2027-1/dofbot_ws/install/dofbot_interfaces/include/dofbot_interfaces/dofbot_interfaces/msg/detail
[0.754s] -- Up-to-date: /home/arrgusr/ROS2Dev/tsr-2027-1/dofbot_ws/install/dofbot_interfaces/include/dofbot_interfaces/dofbot_interfaces/msg/detail/dds_fastrtps
[0.754s] -- Up-to-date: /home/arrgusr/ROS2Dev/tsr-2027-1/dofbot_ws/install/dofbot_interfaces/include/dofbot_interfaces/dofbot_interfaces/msg/detail/telemetry__rosidl_typesupport_fastrtps_cpp.hpp
[0.755s] -- Up-to-date: /home/arrgusr/ROS2Dev/tsr-2027-1/dofbot_ws/install/dofbot_interfaces/lib/libdofbot_interfaces__rosidl_typesupport_fastrtps_cpp.so
[0.755s] -- Up-to-date: /home/arrgusr/ROS2Dev/tsr-2027-1/dofbot_ws/install/dofbot_interfaces/include/dofbot_interfaces/dofbot_interfaces
[0.755s] -- Up-to-date: /home/arrgusr/ROS2Dev/tsr-2027-1/dofbot_ws/install/dofbot_interfaces/include/dofbot_interfaces/dofbot_interfaces/msg
[0.755s] -- Up-to-date: /home/arrgusr/ROS2Dev/tsr-2027-1/dofbot_ws/install/dofbot_interfaces/include/dofbot_interfaces/dofbot_interfaces/msg/detail
[0.755s] -- Up-to-date: /home/arrgusr/ROS2Dev/tsr-2027-1/dofbot_ws/install/dofbot_interfaces/include/dofbot_interfaces/dofbot_interfaces/msg/detail/telemetry__rosidl_typesupport_introspection_cpp.hpp
[0.755s] -- Up-to-date: /home/arrgusr/ROS2Dev/tsr-2027-1/dofbot_ws/install/dofbot_interfaces/include/dofbot_interfaces/dofbot_interfaces/msg/detail/telemetry__type_support.cpp
[0.755s] -- Up-to-date: /home/arrgusr/ROS2Dev/tsr-2027-1/dofbot_ws/install/dofbot_interfaces/lib/libdofbot_interfaces__rosidl_typesupport_introspection_cpp.so
[0.755s] -- Up-to-date: /home/arrgusr/ROS2Dev/tsr-2027-1/dofbot_ws/install/dofbot_interfaces/lib/libdofbot_interfaces__rosidl_typesupport_cpp.so
[0.755s] -- Up-to-date: /home/arrgusr/ROS2Dev/tsr-2027-1/dofbot_ws/install/dofbot_interfaces/share/dofbot_interfaces/environment/pythonpath.sh
[0.755s] -- Up-to-date: /home/arrgusr/ROS2Dev/tsr-2027-1/dofbot_ws/install/dofbot_interfaces/share/dofbot_interfaces/environment/pythonpath.dsv
[0.755s] -- Up-to-date: /home/arrgusr/ROS2Dev/tsr-2027-1/dofbot_ws/install/dofbot_interfaces/lib/python3.12/site-packages/dofbot_interfaces-0.0.0-py3.12.egg-info
[0.756s] -- Installing: /home/arrgusr/ROS2Dev/tsr-2027-1/dofbot_ws/install/dofbot_interfaces/lib/python3.12/site-packages/dofbot_interfaces-0.0.0-py3.12.egg-info/PKG-INFO
[0.756s] -- Installing: /home/arrgusr/ROS2Dev/tsr-2027-1/dofbot_ws/install/dofbot_interfaces/lib/python3.12/site-packages/dofbot_interfaces-0.0.0-py3.12.egg-info/SOURCES.txt
[0.756s] -- Installing: /home/arrgusr/ROS2Dev/tsr-2027-1/dofbot_ws/install/dofbot_interfaces/lib/python3.12/site-packages/dofbot_interfaces-0.0.0-py3.12.egg-info/top_level.txt
[0.757s] -- Installing: /home/arrgusr/ROS2Dev/tsr-2027-1/dofbot_ws/install/dofbot_interfaces/lib/python3.12/site-packages/dofbot_interfaces-0.0.0-py3.12.egg-info/dependency_links.txt
[0.757s] -- Up-to-date: /home/arrgusr/ROS2Dev/tsr-2027-1/dofbot_ws/install/dofbot_interfaces/lib/python3.12/site-packages/dofbot_interfaces
[0.757s] -- Up-to-date: /home/arrgusr/ROS2Dev/tsr-2027-1/dofbot_ws/install/dofbot_interfaces/lib/python3.12/site-packages/dofbot_interfaces/__init__.py
[0.758s] -- Up-to-date: /home/arrgusr/ROS2Dev/tsr-2027-1/dofbot_ws/install/dofbot_interfaces/lib/python3.12/site-packages/dofbot_interfaces/dofbot_interfaces_s__rosidl_typesupport_c.so
[0.758s] -- Up-to-date: /home/arrgusr/ROS2Dev/tsr-2027-1/dofbot_ws/install/dofbot_interfaces/lib/python3.12/site-packages/dofbot_interfaces/dofbot_interfaces_s__rosidl_typesupport_introspection_c.so
[0.758s] -- Up-to-date: /home/arrgusr/ROS2Dev/tsr-2027-1/dofbot_ws/install/dofbot_interfaces/lib/python3.12/site-packages/dofbot_interfaces/_dofbot_interfaces_s.ep.rosidl_typesupport_fastrtps_c.c
[0.758s] -- Up-to-date: /home/arrgusr/ROS2Dev/tsr-2027-1/dofbot_ws/install/dofbot_interfaces/lib/python3.12/site-packages/dofbot_interfaces/_dofbot_interfaces_s.ep.rosidl_typesupport_c.c
[0.758s] -- Up-to-date: /home/arrgusr/ROS2Dev/tsr-2027-1/dofbot_ws/install/dofbot_interfaces/lib/python3.12/site-packages/dofbot_interfaces/msg
[0.758s] -- Up-to-date: /home/arrgusr/ROS2Dev/tsr-2027-1/dofbot_ws/install/dofbot_interfaces/lib/python3.12/site-packages/dofbot_interfaces/msg/__init__.py
[0.758s] -- Up-to-date: /home/arrgusr/ROS2Dev/tsr-2027-1/dofbot_ws/install/dofbot_interfaces/lib/python3.12/site-packages/dofbot_interfaces/msg/_telemetry.py
[0.758s] -- Up-to-date: /home/arrgusr/ROS2Dev/tsr-2027-1/dofbot_ws/install/dofbot_interfaces/lib/python3.12/site-packages/dofbot_interfaces/msg/_telemetry_s.c
[0.758s] -- Up-to-date: /home/arrgusr/ROS2Dev/tsr-2027-1/dofbot_ws/install/dofbot_interfaces/lib/python3.12/site-packages/dofbot_interfaces/_dofbot_interfaces_s.ep.rosidl_typesupport_introspection_c.c
[0.758s] -- Up-to-date: /home/arrgusr/ROS2Dev/tsr-2027-1/dofbot_ws/install/dofbot_interfaces/lib/python3.12/site-packages/dofbot_interfaces/dofbot_interfaces_s__rosidl_typesupport_fastrtps_c.so
[0.876s] Listing '/home/arrgusr/ROS2Dev/tsr-2027-1/dofbot_ws/install/dofbot_interfaces/lib/python3.12/site-packages/dofbot_interfaces'...
[0.876s] Listing '/home/arrgusr/ROS2Dev/tsr-2027-1/dofbot_ws/install/dofbot_interfaces/lib/python3.12/site-packages/dofbot_interfaces/msg'...
[0.880s] -- Up-to-date: /home/arrgusr/ROS2Dev/tsr-2027-1/dofbot_ws/install/dofbot_interfaces/lib/python3.12/site-packages/dofbot_interfaces/dofbot_interfaces_s__rosidl_typesupport_fastrtps_c.so
[0.880s] -- Up-to-date: /home/arrgusr/ROS2Dev/tsr-2027-1/dofbot_ws/install/dofbot_interfaces/lib/python3.12/site-packages/dofbot_interfaces/dofbot_interfaces_s__rosidl_typesupport_introspection_c.so
[0.881s] -- Up-to-date: /home/arrgusr/ROS2Dev/tsr-2027-1/dofbot_ws/install/dofbot_interfaces/lib/python3.12/site-packages/dofbot_interfaces/dofbot_interfaces_s__rosidl_typesupport_c.so
[0.881s] -- Up-to-date: /home/arrgusr/ROS2Dev/tsr-2027-1/dofbot_ws/install/dofbot_interfaces/lib/libdofbot_interfaces__rosidl_generator_py.so
[0.883s] -- Up-to-date: /home/arrgusr/ROS2Dev/tsr-2027-1/dofbot_ws/install/dofbot_interfaces/share/dofbot_interfaces/rust
[0.883s] -- Up-to-date: /home/arrgusr/ROS2Dev/tsr-2027-1/dofbot_ws/install/dofbot_interfaces/share/dofbot_interfaces/rust/build.rs
[0.883s] -- Up-to-date: /home/arrgusr/ROS2Dev/tsr-2027-1/dofbot_ws/install/dofbot_interfaces/share/dofbot_interfaces/rust/Cargo.toml
[0.883s] -- Up-to-date: /home/arrgusr/ROS2Dev/tsr-2027-1/dofbot_ws/install/dofbot_interfaces/share/dofbot_interfaces/rust/src
[0.883s] -- Up-to-date: /home/arrgusr/ROS2Dev/tsr-2027-1/dofbot_ws/install/dofbot_interfaces/share/dofbot_interfaces/rust/src/msg.rs
[0.883s] -- Up-to-date: /home/arrgusr/ROS2Dev/tsr-2027-1/dofbot_ws/install/dofbot_interfaces/share/dofbot_interfaces/rust/src/msg
[0.883s] -- Up-to-date: /home/arrgusr/ROS2Dev/tsr-2027-1/dofbot_ws/install/dofbot_interfaces/share/dofbot_interfaces/rust/src/msg/rmw.rs
[0.883s] -- Up-to-date: /home/arrgusr/ROS2Dev/tsr-2027-1/dofbot_ws/install/dofbot_interfaces/share/dofbot_interfaces/rust/src/lib.rs
[0.883s] -- Up-to-date: /home/arrgusr/ROS2Dev/tsr-2027-1/dofbot_ws/install/dofbot_interfaces/share/dofbot_interfaces/msg/Telemetry.idl
[0.883s] -- Up-to-date: /home/arrgusr/ROS2Dev/tsr-2027-1/dofbot_ws/install/dofbot_interfaces/share/dofbot_interfaces/msg/Telemetry.msg
[0.883s] -- Up-to-date: /home/arrgusr/ROS2Dev/tsr-2027-1/dofbot_ws/install/dofbot_interfaces/share/ament_index/resource_index/package_run_dependencies/dofbot_interfaces
[0.883s] -- Up-to-date: /home/arrgusr/ROS2Dev/tsr-2027-1/dofbot_ws/install/dofbot_interfaces/share/ament_index/resource_index/parent_prefix_path/dofbot_interfaces
[0.883s] -- Up-to-date: /home/arrgusr/ROS2Dev/tsr-2027-1/dofbot_ws/install/dofbot_interfaces/share/dofbot_interfaces/environment/ament_prefix_path.sh
[0.884s] -- Up-to-date: /home/arrgusr/ROS2Dev/tsr-2027-1/dofbot_ws/install/dofbot_interfaces/share/dofbot_interfaces/environment/ament_prefix_path.dsv
[0.884s] -- Up-to-date: /home/arrgusr/ROS2Dev/tsr-2027-1/dofbot_ws/install/dofbot_interfaces/share/dofbot_interfaces/environment/path.sh
[0.884s] -- Up-to-date: /home/arrgusr/ROS2Dev/tsr-2027-1/dofbot_ws/install/dofbot_interfaces/share/dofbot_interfaces/environment/path.dsv
[0.884s] -- Up-to-date: /home/arrgusr/ROS2Dev/tsr-2027-1/dofbot_ws/install/dofbot_interfaces/share/dofbot_interfaces/local_setup.bash
[0.884s] -- Up-to-date: /home/arrgusr/ROS2Dev/tsr-2027-1/dofbot_ws/install/dofbot_interfaces/share/dofbot_interfaces/local_setup.sh
[0.884s] -- Up-to-date: /home/arrgusr/ROS2Dev/tsr-2027-1/dofbot_ws/install/dofbot_interfaces/share/dofbot_interfaces/local_setup.zsh
[0.884s] -- Up-to-date: /home/arrgusr/ROS2Dev/tsr-2027-1/dofbot_ws/install/dofbot_interfaces/share/dofbot_interfaces/local_setup.dsv
[0.884s] -- Installing: /home/arrgusr/ROS2Dev/tsr-2027-1/dofbot_ws/install/dofbot_interfaces/share/dofbot_interfaces/package.dsv
[0.884s] -- Up-to-date: /home/arrgusr/ROS2Dev/tsr-2027-1/dofbot_ws/install/dofbot_interfaces/share/ament_index/resource_index/packages/dofbot_interfaces
[0.884s] -- Up-to-date: /home/arrgusr/ROS2Dev/tsr-2027-1/dofbot_ws/install/dofbot_interfaces/share/dofbot_interfaces/cmake/export_dofbot_interfaces__rosidl_generator_cExport.cmake
[0.884s] -- Up-to-date: /home/arrgusr/ROS2Dev/tsr-2027-1/dofbot_ws/install/dofbot_interfaces/share/dofbot_interfaces/cmake/export_dofbot_interfaces__rosidl_generator_cExport-noconfig.cmake
[0.884s] -- Up-to-date: /home/arrgusr/ROS2Dev/tsr-2027-1/dofbot_ws/install/dofbot_interfaces/share/dofbot_interfaces/cmake/export_dofbot_interfaces__rosidl_typesupport_fastrtps_cExport.cmake
[0.884s] -- Up-to-date: /home/arrgusr/ROS2Dev/tsr-2027-1/dofbot_ws/install/dofbot_interfaces/share/dofbot_interfaces/cmake/export_dofbot_interfaces__rosidl_typesupport_fastrtps_cExport-noconfig.cmake
[0.884s] -- Up-to-date: /home/arrgusr/ROS2Dev/tsr-2027-1/dofbot_ws/install/dofbot_interfaces/share/dofbot_interfaces/cmake/dofbot_interfaces__rosidl_typesupport_introspection_cExport.cmake
[0.885s] -- Up-to-date: /home/arrgusr/ROS2Dev/tsr-2027-1/dofbot_ws/install/dofbot_interfaces/share/dofbot_interfaces/cmake/dofbot_interfaces__rosidl_typesupport_introspection_cExport-noconfig.cmake
[0.885s] -- Up-to-date: /home/arrgusr/ROS2Dev/tsr-2027-1/dofbot_ws/install/dofbot_interfaces/share/dofbot_interfaces/cmake/dofbot_interfaces__rosidl_typesupport_cExport.cmake
[0.885s] -- Up-to-date: /home/arrgusr/ROS2Dev/tsr-2027-1/dofbot_ws/install/dofbot_interfaces/share/dofbot_interfaces/cmake/dofbot_interfaces__rosidl_typesupport_cExport-noconfig.cmake
[0.885s] -- Up-to-date: /home/arrgusr/ROS2Dev/tsr-2027-1/dofbot_ws/install/dofbot_interfaces/share/dofbot_interfaces/cmake/export_dofbot_interfaces__rosidl_generator_cppExport.cmake
[0.885s] -- Up-to-date: /home/arrgusr/ROS2Dev/tsr-2027-1/dofbot_ws/install/dofbot_interfaces/share/dofbot_interfaces/cmake/export_dofbot_interfaces__rosidl_typesupport_fastrtps_cppExport.cmake
[0.885s] -- Up-to-date: /home/arrgusr/ROS2Dev/tsr-2027-1/dofbot_ws/install/dofbot_interfaces/share/dofbot_interfaces/cmake/export_dofbot_interfaces__rosidl_typesupport_fastrtps_cppExport-noconfig.cmake
[0.885s] -- Up-to-date: /home/arrgusr/ROS2Dev/tsr-2027-1/dofbot_ws/install/dofbot_interfaces/share/dofbot_interfaces/cmake/dofbot_interfaces__rosidl_typesupport_introspection_cppExport.cmake
[0.885s] -- Up-to-date: /home/arrgusr/ROS2Dev/tsr-2027-1/dofbot_ws/install/dofbot_interfaces/share/dofbot_interfaces/cmake/dofbot_interfaces__rosidl_typesupport_introspection_cppExport-noconfig.cmake
[0.886s] -- Up-to-date: /home/arrgusr/ROS2Dev/tsr-2027-1/dofbot_ws/install/dofbot_interfaces/share/dofbot_interfaces/cmake/dofbot_interfaces__rosidl_typesupport_cppExport.cmake
[0.886s] -- Up-to-date: /home/arrgusr/ROS2Dev/tsr-2027-1/dofbot_ws/install/dofbot_interfaces/share/dofbot_interfaces/cmake/dofbot_interfaces__rosidl_typesupport_cppExport-noconfig.cmake
[0.886s] -- Up-to-date: /home/arrgusr/ROS2Dev/tsr-2027-1/dofbot_ws/install/dofbot_interfaces/share/dofbot_interfaces/cmake/export_dofbot_interfaces__rosidl_generator_pyExport.cmake
[0.886s] -- Up-to-date: /home/arrgusr/ROS2Dev/tsr-2027-1/dofbot_ws/install/dofbot_interfaces/share/dofbot_interfaces/cmake/export_dofbot_interfaces__rosidl_generator_pyExport-noconfig.cmake
[0.886s] -- Up-to-date: /home/arrgusr/ROS2Dev/tsr-2027-1/dofbot_ws/install/dofbot_interfaces/share/dofbot_interfaces/cmake/rosidl_cmake-extras.cmake
[0.886s] -- Up-to-date: /home/arrgusr/ROS2Dev/tsr-2027-1/dofbot_ws/install/dofbot_interfaces/share/dofbot_interfaces/cmake/ament_cmake_export_dependencies-extras.cmake
[0.886s] -- Up-to-date: /home/arrgusr/ROS2Dev/tsr-2027-1/dofbot_ws/install/dofbot_interfaces/share/dofbot_interfaces/cmake/ament_cmake_export_include_directories-extras.cmake
[0.886s] -- Up-to-date: /home/arrgusr/ROS2Dev/tsr-2027-1/dofbot_ws/install/dofbot_interfaces/share/dofbot_interfaces/cmake/ament_cmake_export_libraries-extras.cmake
[0.887s] -- Up-to-date: /home/arrgusr/ROS2Dev/tsr-2027-1/dofbot_ws/install/dofbot_interfaces/share/dofbot_interfaces/cmake/ament_cmake_export_targets-extras.cmake
[0.887s] -- Up-to-date: /home/arrgusr/ROS2Dev/tsr-2027-1/dofbot_ws/install/dofbot_interfaces/share/dofbot_interfaces/cmake/rosidl_cmake_export_typesupport_targets-extras.cmake
[0.887s] -- Up-to-date: /home/arrgusr/ROS2Dev/tsr-2027-1/dofbot_ws/install/dofbot_interfaces/share/dofbot_interfaces/cmake/rosidl_cmake_export_typesupport_libraries-extras.cmake
[0.887s] -- Up-to-date: /home/arrgusr/ROS2Dev/tsr-2027-1/dofbot_ws/install/dofbot_interfaces/share/dofbot_interfaces/cmake/rosidl_cmake_aggregate_target-extras.cmake
[0.887s] -- Up-to-date: /home/arrgusr/ROS2Dev/tsr-2027-1/dofbot_ws/install/dofbot_interfaces/share/dofbot_interfaces/cmake/dofbot_interfacesConfig.cmake
[0.887s] -- Up-to-date: /home/arrgusr/ROS2Dev/tsr-2027-1/dofbot_ws/install/dofbot_interfaces/share/dofbot_interfaces/cmake/dofbot_interfacesConfig-version.cmake
[0.888s] -- Up-to-date: /home/arrgusr/ROS2Dev/tsr-2027-1/dofbot_ws/install/dofbot_interfaces/share/dofbot_interfaces/package.xml
[0.890s] Invoked command in '/home/arrgusr/ROS2Dev/tsr-2027-1/dofbot_ws/build/dofbot_interfaces' returned '0': CMAKE_PREFIX_PATH=${CMAKE_PREFIX_PATH}:/home/arrgusr/ROS2Dev/tsr-2027-1/dofbot_ws/install/primer_py:/home/arrgusr/ROS2Dev/tsr-2027-1/dofbot_ws/install/dofbot_telemetry:/opt/ros/jazzy DEBUGINFOD_URLS=https://debuginfod.ubuntu.com /usr/bin/cmake --install /home/arrgusr/ROS2Dev/tsr-2027-1/dofbot_ws/build/dofbot_interfaces
