[0.981s] Invoking command in '/home/arrgusr/ROS2Dev/tsr-2027-1/dofbot_ws/build/primer_py': DEBUGINFOD_URLS=https://debuginfod.ubuntu.com PYTHONPATH=/home/arrgusr/ROS2Dev/tsr-2027-1/dofbot_ws/build/primer_py/prefix_override:/usr/lib/python3/dist-packages/colcon_core/task/python/colcon_distutils_commands:/home/arrgusr/ROS2Dev/tsr-2027-1/dofbot_ws/install/primer_py/lib/python3.12/site-packages:${PYTHONPATH} /usr/bin/python3 -W ignore:setup.py install is deprecated -W ignore:easy_install command is deprecated setup.py develop --editable --build-directory /home/arrgusr/ROS2Dev/tsr-2027-1/dofbot_ws/build/primer_py/build --no-deps symlink_data
[1.359s] running develop
[1.576s] running egg_info
[1.576s] creating primer_py.egg-info
[1.600s] writing primer_py.egg-info/PKG-INFO
[1.600s] writing dependency_links to primer_py.egg-info/dependency_links.txt
[1.600s] writing entry points to primer_py.egg-info/entry_points.txt
[1.600s] writing requirements to primer_py.egg-info/requires.txt
[1.601s] writing top-level names to primer_py.egg-info/top_level.txt
[1.601s] writing manifest file 'primer_py.egg-info/SOURCES.txt'
[1.664s] reading manifest file 'primer_py.egg-info/SOURCES.txt'
[1.665s] writing manifest file 'primer_py.egg-info/SOURCES.txt'
[1.689s] running build_ext
[1.689s] Creating /home/arrgusr/ROS2Dev/tsr-2027-1/dofbot_ws/install/primer_py/lib/python3.12/site-packages/primer-py.egg-link (link to .)
[1.691s] Installing ejemplo_1_py script to /home/arrgusr/ROS2Dev/tsr-2027-1/dofbot_ws/install/primer_py/lib/primer_py
[1.691s] Installing ejemplo_2_py script to /home/arrgusr/ROS2Dev/tsr-2027-1/dofbot_ws/install/primer_py/lib/primer_py
[1.692s] Installing publicador_py script to /home/arrgusr/ROS2Dev/tsr-2027-1/dofbot_ws/install/primer_py/lib/primer_py
[1.692s] Installing subcriptor_py script to /home/arrgusr/ROS2Dev/tsr-2027-1/dofbot_ws/install/primer_py/lib/primer_py
[1.692s] 
[1.693s] Installed /home/arrgusr/ROS2Dev/tsr-2027-1/dofbot_ws/build/primer_py
[1.693s] running symlink_data
[1.693s] creating /home/arrgusr/ROS2Dev/tsr-2027-1/dofbot_ws/install/primer_py/share/ament_index
[1.693s] creating /home/arrgusr/ROS2Dev/tsr-2027-1/dofbot_ws/install/primer_py/share/ament_index/resource_index
[1.693s] creating /home/arrgusr/ROS2Dev/tsr-2027-1/dofbot_ws/install/primer_py/share/ament_index/resource_index/packages
[1.694s] symbolically linking /home/arrgusr/ROS2Dev/tsr-2027-1/dofbot_ws/build/primer_py/resource/primer_py -> /home/arrgusr/ROS2Dev/tsr-2027-1/dofbot_ws/install/primer_py/share/ament_index/resource_index/packages
[1.694s] symbolically linking /home/arrgusr/ROS2Dev/tsr-2027-1/dofbot_ws/build/primer_py/package.xml -> /home/arrgusr/ROS2Dev/tsr-2027-1/dofbot_ws/install/primer_py/share/primer_py
[1.740s] Invoked command in '/home/arrgusr/ROS2Dev/tsr-2027-1/dofbot_ws/build/primer_py' returned '0': DEBUGINFOD_URLS=https://debuginfod.ubuntu.com PYTHONPATH=/home/arrgusr/ROS2Dev/tsr-2027-1/dofbot_ws/build/primer_py/prefix_override:/usr/lib/python3/dist-packages/colcon_core/task/python/colcon_distutils_commands:/home/arrgusr/ROS2Dev/tsr-2027-1/dofbot_ws/install/primer_py/lib/python3.12/site-packages:${PYTHONPATH} /usr/bin/python3 -W ignore:setup.py install is deprecated -W ignore:easy_install command is deprecated setup.py develop --editable --build-directory /home/arrgusr/ROS2Dev/tsr-2027-1/dofbot_ws/build/primer_py/build --no-deps symlink_data
