[0.185s] DEBUG:colcon:Command line arguments: ['/usr/bin/colcon', 'build', '--packages-select', 'dofbot_config', '--symlink-install']
[0.185s] DEBUG:colcon:Parsed command line arguments: Namespace(log_base=None, log_level=None, verb_name='build', build_base='build', install_base='install', merge_install=False, symlink_install=True, test_result_base=None, continue_on_error=False, executor='parallel', parallel_workers=2, event_handlers=None, ignore_user_meta=False, metas=['./colcon.meta'], base_paths=['.'], packages_ignore=None, packages_ignore_regex=None, paths=None, packages_up_to=None, packages_up_to_regex=None, packages_above=None, packages_above_and_dependencies=None, packages_above_depth=None, packages_select_by_dep=None, packages_skip_by_dep=None, packages_skip_up_to=None, packages_select_build_failed=False, packages_skip_build_finished=False, packages_select_test_failures=False, packages_skip_test_passed=False, packages_select=['dofbot_config'], packages_skip=None, packages_select_regex=None, packages_skip_regex=None, packages_start=None, packages_end=None, allow_overriding=[], cmake_args=None, cmake_target=None, cmake_target_skip_unavailable=False, cmake_clean_cache=False, cmake_clean_first=False, cmake_force_configure=False, ament_cmake_args=None, catkin_cmake_args=None, catkin_skip_building_tests=False, mixin_files=None, mixin=None, verb_parser=<colcon_mixin.mixin.mixin_argument.MixinArgumentDecorator object at 0x787ea1735550>, verb_extension=<colcon_core.verb.build.BuildVerb object at 0x787ea1735310>, main=<bound method BuildVerb.main of <colcon_core.verb.build.BuildVerb object at 0x787ea1735310>>, mixin_verb=('build',))
[0.219s] Level 1:colcon.colcon_core.package_discovery:discover_packages(colcon_meta) check parameters
[0.219s] Level 1:colcon.colcon_core.package_discovery:discover_packages(recursive) check parameters
[0.219s] Level 1:colcon.colcon_core.package_discovery:discover_packages(ignore) check parameters
[0.219s] Level 1:colcon.colcon_core.package_discovery:discover_packages(path) check parameters
[0.219s] Level 1:colcon.colcon_core.package_discovery:discover_packages(colcon_meta) discover
[0.219s] Level 1:colcon.colcon_core.package_discovery:discover_packages(recursive) discover
[0.219s] INFO:colcon.colcon_core.package_discovery:Crawling recursively for packages in '/home/arrgusr/ROS2Dev/tsr-2027-1/dofbot_ws'
[0.219s] Level 1:colcon.colcon_core.package_identification:_identify(.) by extensions ['ignore', 'ignore_ament_install']
[0.220s] Level 1:colcon.colcon_core.package_identification:_identify(.) by extension 'ignore'
[0.220s] Level 1:colcon.colcon_core.package_identification:_identify(.) by extension 'ignore_ament_install'
[0.220s] Level 1:colcon.colcon_core.package_identification:_identify(.) by extensions ['colcon_pkg']
[0.220s] Level 1:colcon.colcon_core.package_identification:_identify(.) by extension 'colcon_pkg'
[0.220s] Level 1:colcon.colcon_core.package_identification:_identify(.) by extensions ['colcon_meta']
[0.220s] Level 1:colcon.colcon_core.package_identification:_identify(.) by extension 'colcon_meta'
[0.220s] Level 1:colcon.colcon_core.package_identification:_identify(.) by extensions ['ros']
[0.220s] Level 1:colcon.colcon_core.package_identification:_identify(.) by extension 'ros'
[0.240s] Level 1:colcon.colcon_core.package_identification:_identify(.) by extensions ['cmake', 'python']
[0.240s] Level 1:colcon.colcon_core.package_identification:_identify(.) by extension 'cmake'
[0.240s] Level 1:colcon.colcon_core.package_identification:_identify(.) by extension 'python'
[0.240s] Level 1:colcon.colcon_core.package_identification:_identify(.) by extensions ['python_setup_py']
[0.240s] Level 1:colcon.colcon_core.package_identification:_identify(.) by extension 'python_setup_py'
[0.240s] Level 1:colcon.colcon_core.package_identification:_identify(build) by extensions ['ignore', 'ignore_ament_install']
[0.240s] Level 1:colcon.colcon_core.package_identification:_identify(build) by extension 'ignore'
[0.240s] Level 1:colcon.colcon_core.package_identification:_identify(build) ignored
[0.241s] Level 1:colcon.colcon_core.package_identification:_identify(install) by extensions ['ignore', 'ignore_ament_install']
[0.241s] Level 1:colcon.colcon_core.package_identification:_identify(install) by extension 'ignore'
[0.241s] Level 1:colcon.colcon_core.package_identification:_identify(install) ignored
[0.241s] Level 1:colcon.colcon_core.package_identification:_identify(log) by extensions ['ignore', 'ignore_ament_install']
[0.241s] Level 1:colcon.colcon_core.package_identification:_identify(log) by extension 'ignore'
[0.241s] Level 1:colcon.colcon_core.package_identification:_identify(log) ignored
[0.241s] Level 1:colcon.colcon_core.package_identification:_identify(src) by extensions ['ignore', 'ignore_ament_install']
[0.241s] Level 1:colcon.colcon_core.package_identification:_identify(src) by extension 'ignore'
[0.241s] Level 1:colcon.colcon_core.package_identification:_identify(src) by extension 'ignore_ament_install'
[0.242s] Level 1:colcon.colcon_core.package_identification:_identify(src) by extensions ['colcon_pkg']
[0.242s] Level 1:colcon.colcon_core.package_identification:_identify(src) by extension 'colcon_pkg'
[0.242s] Level 1:colcon.colcon_core.package_identification:_identify(src) by extensions ['colcon_meta']
[0.242s] Level 1:colcon.colcon_core.package_identification:_identify(src) by extension 'colcon_meta'
[0.242s] Level 1:colcon.colcon_core.package_identification:_identify(src) by extensions ['ros']
[0.242s] Level 1:colcon.colcon_core.package_identification:_identify(src) by extension 'ros'
[0.242s] Level 1:colcon.colcon_core.package_identification:_identify(src) by extensions ['cmake', 'python']
[0.242s] Level 1:colcon.colcon_core.package_identification:_identify(src) by extension 'cmake'
[0.242s] Level 1:colcon.colcon_core.package_identification:_identify(src) by extension 'python'
[0.242s] Level 1:colcon.colcon_core.package_identification:_identify(src) by extensions ['python_setup_py']
[0.242s] Level 1:colcon.colcon_core.package_identification:_identify(src) by extension 'python_setup_py'
[0.242s] Level 1:colcon.colcon_core.package_identification:_identify(src/dofbot_config) by extensions ['ignore', 'ignore_ament_install']
[0.242s] Level 1:colcon.colcon_core.package_identification:_identify(src/dofbot_config) by extension 'ignore'
[0.242s] Level 1:colcon.colcon_core.package_identification:_identify(src/dofbot_config) by extension 'ignore_ament_install'
[0.242s] Level 1:colcon.colcon_core.package_identification:_identify(src/dofbot_config) by extensions ['colcon_pkg']
[0.242s] Level 1:colcon.colcon_core.package_identification:_identify(src/dofbot_config) by extension 'colcon_pkg'
[0.242s] Level 1:colcon.colcon_core.package_identification:_identify(src/dofbot_config) by extensions ['colcon_meta']
[0.242s] Level 1:colcon.colcon_core.package_identification:_identify(src/dofbot_config) by extension 'colcon_meta'
[0.242s] Level 1:colcon.colcon_core.package_identification:_identify(src/dofbot_config) by extensions ['ros']
[0.242s] Level 1:colcon.colcon_core.package_identification:_identify(src/dofbot_config) by extension 'ros'
[0.245s] DEBUG:colcon.colcon_core.package_identification:Package 'src/dofbot_config' with type 'ros.ament_python' and name 'dofbot_config'
[0.245s] Level 1:colcon.colcon_core.package_identification:_identify(src/dofbot_interfaces) by extensions ['ignore', 'ignore_ament_install']
[0.246s] Level 1:colcon.colcon_core.package_identification:_identify(src/dofbot_interfaces) by extension 'ignore'
[0.246s] Level 1:colcon.colcon_core.package_identification:_identify(src/dofbot_interfaces) by extension 'ignore_ament_install'
[0.246s] Level 1:colcon.colcon_core.package_identification:_identify(src/dofbot_interfaces) by extensions ['colcon_pkg']
[0.246s] Level 1:colcon.colcon_core.package_identification:_identify(src/dofbot_interfaces) by extension 'colcon_pkg'
[0.246s] Level 1:colcon.colcon_core.package_identification:_identify(src/dofbot_interfaces) by extensions ['colcon_meta']
[0.246s] Level 1:colcon.colcon_core.package_identification:_identify(src/dofbot_interfaces) by extension 'colcon_meta'
[0.246s] Level 1:colcon.colcon_core.package_identification:_identify(src/dofbot_interfaces) by extensions ['ros']
[0.246s] Level 1:colcon.colcon_core.package_identification:_identify(src/dofbot_interfaces) by extension 'ros'
[0.246s] DEBUG:colcon.colcon_core.package_identification:Package 'src/dofbot_interfaces' with type 'ros.ament_cmake' and name 'dofbot_interfaces'
[0.247s] Level 1:colcon.colcon_core.package_identification:_identify(src/dofbot_telemetry) by extensions ['ignore', 'ignore_ament_install']
[0.247s] Level 1:colcon.colcon_core.package_identification:_identify(src/dofbot_telemetry) by extension 'ignore'
[0.247s] Level 1:colcon.colcon_core.package_identification:_identify(src/dofbot_telemetry) by extension 'ignore_ament_install'
[0.247s] Level 1:colcon.colcon_core.package_identification:_identify(src/dofbot_telemetry) by extensions ['colcon_pkg']
[0.247s] Level 1:colcon.colcon_core.package_identification:_identify(src/dofbot_telemetry) by extension 'colcon_pkg'
[0.247s] Level 1:colcon.colcon_core.package_identification:_identify(src/dofbot_telemetry) by extensions ['colcon_meta']
[0.247s] Level 1:colcon.colcon_core.package_identification:_identify(src/dofbot_telemetry) by extension 'colcon_meta'
[0.247s] Level 1:colcon.colcon_core.package_identification:_identify(src/dofbot_telemetry) by extensions ['ros']
[0.247s] Level 1:colcon.colcon_core.package_identification:_identify(src/dofbot_telemetry) by extension 'ros'
[0.247s] DEBUG:colcon.colcon_core.package_identification:Package 'src/dofbot_telemetry' with type 'ros.ament_python' and name 'dofbot_telemetry'
[0.248s] Level 1:colcon.colcon_core.package_identification:_identify(src/primer_cpp) by extensions ['ignore', 'ignore_ament_install']
[0.248s] Level 1:colcon.colcon_core.package_identification:_identify(src/primer_cpp) by extension 'ignore'
[0.248s] Level 1:colcon.colcon_core.package_identification:_identify(src/primer_cpp) by extension 'ignore_ament_install'
[0.248s] Level 1:colcon.colcon_core.package_identification:_identify(src/primer_cpp) by extensions ['colcon_pkg']
[0.248s] Level 1:colcon.colcon_core.package_identification:_identify(src/primer_cpp) by extension 'colcon_pkg'
[0.248s] Level 1:colcon.colcon_core.package_identification:_identify(src/primer_cpp) by extensions ['colcon_meta']
[0.248s] Level 1:colcon.colcon_core.package_identification:_identify(src/primer_cpp) by extension 'colcon_meta'
[0.248s] Level 1:colcon.colcon_core.package_identification:_identify(src/primer_cpp) by extensions ['ros']
[0.248s] Level 1:colcon.colcon_core.package_identification:_identify(src/primer_cpp) by extension 'ros'
[0.248s] DEBUG:colcon.colcon_core.package_identification:Package 'src/primer_cpp' with type 'ros.ament_cmake' and name 'primer_cpp'
[0.248s] Level 1:colcon.colcon_core.package_identification:_identify(src/primer_py) by extensions ['ignore', 'ignore_ament_install']
[0.248s] Level 1:colcon.colcon_core.package_identification:_identify(src/primer_py) by extension 'ignore'
[0.249s] Level 1:colcon.colcon_core.package_identification:_identify(src/primer_py) by extension 'ignore_ament_install'
[0.249s] Level 1:colcon.colcon_core.package_identification:_identify(src/primer_py) by extensions ['colcon_pkg']
[0.249s] Level 1:colcon.colcon_core.package_identification:_identify(src/primer_py) by extension 'colcon_pkg'
[0.249s] Level 1:colcon.colcon_core.package_identification:_identify(src/primer_py) by extensions ['colcon_meta']
[0.249s] Level 1:colcon.colcon_core.package_identification:_identify(src/primer_py) by extension 'colcon_meta'
[0.249s] Level 1:colcon.colcon_core.package_identification:_identify(src/primer_py) by extensions ['ros']
[0.249s] Level 1:colcon.colcon_core.package_identification:_identify(src/primer_py) by extension 'ros'
[0.249s] DEBUG:colcon.colcon_core.package_identification:Package 'src/primer_py' with type 'ros.ament_python' and name 'primer_py'
[0.249s] Level 1:colcon.colcon_core.package_discovery:discover_packages(recursive) using defaults
[0.249s] Level 1:colcon.colcon_core.package_discovery:discover_packages(ignore) discover
[0.249s] Level 1:colcon.colcon_core.package_discovery:discover_packages(ignore) using defaults
[0.249s] Level 1:colcon.colcon_core.package_discovery:discover_packages(path) discover
[0.249s] Level 1:colcon.colcon_core.package_discovery:discover_packages(path) using defaults
[0.266s] INFO:colcon.colcon_core.package_selection:Skipping not selected package 'dofbot_interfaces' in 'src/dofbot_interfaces'
[0.266s] INFO:colcon.colcon_core.package_selection:Skipping not selected package 'primer_cpp' in 'src/primer_cpp'
[0.266s] INFO:colcon.colcon_core.package_selection:Skipping not selected package 'primer_py' in 'src/primer_py'
[0.266s] INFO:colcon.colcon_core.package_selection:Skipping not selected package 'dofbot_telemetry' in 'src/dofbot_telemetry'
[0.267s] Level 1:colcon.colcon_core.package_discovery:discover_packages(prefix_path) check parameters
[0.267s] Level 1:colcon.colcon_core.package_discovery:discover_packages(prefix_path) discover
[0.269s] DEBUG:colcon.colcon_installed_package_information.package_discovery:Found 3 installed packages in /home/arrgusr/ROS2Dev/tsr-2027-1/dofbot_ws/install
[0.271s] DEBUG:colcon.colcon_installed_package_information.package_discovery:Found 287 installed packages in /opt/ros/jazzy
[0.272s] Level 1:colcon.colcon_core.package_discovery:discover_packages(prefix_path) using defaults
[0.306s] Level 5:colcon.colcon_core.verb:set package 'dofbot_config' build argument 'cmake_args' from command line to 'None'
[0.306s] Level 5:colcon.colcon_core.verb:set package 'dofbot_config' build argument 'cmake_target' from command line to 'None'
[0.306s] Level 5:colcon.colcon_core.verb:set package 'dofbot_config' build argument 'cmake_target_skip_unavailable' from command line to 'False'
[0.306s] Level 5:colcon.colcon_core.verb:set package 'dofbot_config' build argument 'cmake_clean_cache' from command line to 'False'
[0.306s] Level 5:colcon.colcon_core.verb:set package 'dofbot_config' build argument 'cmake_clean_first' from command line to 'False'
[0.306s] Level 5:colcon.colcon_core.verb:set package 'dofbot_config' build argument 'cmake_force_configure' from command line to 'False'
[0.306s] Level 5:colcon.colcon_core.verb:set package 'dofbot_config' build argument 'ament_cmake_args' from command line to 'None'
[0.306s] Level 5:colcon.colcon_core.verb:set package 'dofbot_config' build argument 'catkin_cmake_args' from command line to 'None'
[0.306s] Level 5:colcon.colcon_core.verb:set package 'dofbot_config' build argument 'catkin_skip_building_tests' from command line to 'False'
[0.306s] DEBUG:colcon.colcon_core.verb:Building package 'dofbot_config' with the following arguments: {'ament_cmake_args': None, 'build_base': '/home/arrgusr/ROS2Dev/tsr-2027-1/dofbot_ws/build/dofbot_config', 'catkin_cmake_args': None, 'catkin_skip_building_tests': False, 'cmake_args': None, 'cmake_clean_cache': False, 'cmake_clean_first': False, 'cmake_force_configure': False, 'cmake_target': None, 'cmake_target_skip_unavailable': False, 'install_base': '/home/arrgusr/ROS2Dev/tsr-2027-1/dofbot_ws/install/dofbot_config', 'merge_install': False, 'path': '/home/arrgusr/ROS2Dev/tsr-2027-1/dofbot_ws/src/dofbot_config', 'symlink_install': True, 'test_result_base': None}
[0.306s] INFO:colcon.colcon_core.executor:Executing jobs using 'parallel' executor
[0.307s] DEBUG:colcon.colcon_parallel_executor.executor.parallel:run_until_complete
[0.307s] INFO:colcon.colcon_ros.task.ament_python.build:Building ROS package in '/home/arrgusr/ROS2Dev/tsr-2027-1/dofbot_ws/src/dofbot_config' with build type 'ament_python'
[0.307s] Level 1:colcon.colcon_core.shell:create_environment_hook('dofbot_config', 'ament_prefix_path')
[0.311s] INFO:colcon.colcon_core.plugin_system:Skipping extension 'colcon_core.shell.bat': Not used on non-Windows systems
[0.312s] INFO:colcon.colcon_core.shell:Creating environment hook '/home/arrgusr/ROS2Dev/tsr-2027-1/dofbot_ws/install/dofbot_config/share/dofbot_config/hook/ament_prefix_path.ps1'
[0.314s] INFO:colcon.colcon_core.shell:Creating environment descriptor '/home/arrgusr/ROS2Dev/tsr-2027-1/dofbot_ws/install/dofbot_config/share/dofbot_config/hook/ament_prefix_path.dsv'
[0.314s] INFO:colcon.colcon_core.shell:Creating environment hook '/home/arrgusr/ROS2Dev/tsr-2027-1/dofbot_ws/install/dofbot_config/share/dofbot_config/hook/ament_prefix_path.sh'
[0.315s] INFO:colcon.colcon_core.shell:Skip shell extension 'powershell' for command environment: Not usable outside of PowerShell
[0.315s] DEBUG:colcon.colcon_core.shell:Skip shell extension 'dsv' for command environment
[0.503s] INFO:colcon.colcon_core.task.python.build:Building Python package in '/home/arrgusr/ROS2Dev/tsr-2027-1/dofbot_ws/src/dofbot_config'
[0.503s] INFO:colcon.colcon_core.shell:Skip shell extension 'powershell' for command environment: Not usable outside of PowerShell
[0.503s] DEBUG:colcon.colcon_core.shell:Skip shell extension 'dsv' for command environment
[1.244s] DEBUG:colcon.colcon_core.task.python.build:Available setuptools commands: install_scripts, compile_catalog, alias, register, upload_docs, install_data, build_py, bdist_wheel, clean, build_clib, bdist_dumb, setopt, build_ext, build, install_headers, egg_info, install, init_catalog, bdist_rpm, sdist, extract_messages, bdist, test, easy_install, update_catalog, check, editable_wheel, upload, rotate, dist_info, install_lib, develop, saveopts, install_egg_info, bdist_egg, symlink_data, build_scripts
[1.515s] DEBUG:colcon.colcon_core.task.python.build:Available setuptools 'develop' options: --editable, --always-unzip, --no-user-cfg, --upgrade, --egg-path, --multi-version, --allow-hosts, --user, --find-links, --quiet, --build-directory, --local-snapshots-ok, --force-installation-into-system-dir, --zip-ok, --dry-run, --prefix, --install-layout, --always-copy, --version, --uninstall, --site-dirs, --record, --no-deps, --verbose, --optimize, --help, --install-dir, --exclude-scripts, --no-find-links, --index-url, --script-dir
[1.516s] DEBUG:colcon.colcon_core.event_handler.log_command:Invoking command in '/home/arrgusr/ROS2Dev/tsr-2027-1/dofbot_ws/build/dofbot_config': DEBUGINFOD_URLS=https://debuginfod.ubuntu.com PYTHONPATH=/home/arrgusr/ROS2Dev/tsr-2027-1/dofbot_ws/build/dofbot_config/prefix_override:/usr/lib/python3/dist-packages/colcon_core/task/python/colcon_distutils_commands:/home/arrgusr/ROS2Dev/tsr-2027-1/dofbot_ws/install/dofbot_config/lib/python3.12/site-packages:${PYTHONPATH} /usr/bin/python3 -W ignore:setup.py install is deprecated -W ignore:easy_install command is deprecated setup.py develop --editable --build-directory /home/arrgusr/ROS2Dev/tsr-2027-1/dofbot_ws/build/dofbot_config/build --no-deps symlink_data
[2.031s] Level 1:colcon.colcon_core.shell:create_environment_hook('dofbot_config', 'pythonpath_develop')
[2.031s] DEBUG:colcon.colcon_core.event_handler.log_command:Invoked command in '/home/arrgusr/ROS2Dev/tsr-2027-1/dofbot_ws/build/dofbot_config' returned '0': DEBUGINFOD_URLS=https://debuginfod.ubuntu.com PYTHONPATH=/home/arrgusr/ROS2Dev/tsr-2027-1/dofbot_ws/build/dofbot_config/prefix_override:/usr/lib/python3/dist-packages/colcon_core/task/python/colcon_distutils_commands:/home/arrgusr/ROS2Dev/tsr-2027-1/dofbot_ws/install/dofbot_config/lib/python3.12/site-packages:${PYTHONPATH} /usr/bin/python3 -W ignore:setup.py install is deprecated -W ignore:easy_install command is deprecated setup.py develop --editable --build-directory /home/arrgusr/ROS2Dev/tsr-2027-1/dofbot_ws/build/dofbot_config/build --no-deps symlink_data
[2.032s] INFO:colcon.colcon_core.shell:Creating environment hook '/home/arrgusr/ROS2Dev/tsr-2027-1/dofbot_ws/build/dofbot_config/share/dofbot_config/hook/pythonpath_develop.ps1'
[2.032s] INFO:colcon.colcon_core.shell:Creating environment descriptor '/home/arrgusr/ROS2Dev/tsr-2027-1/dofbot_ws/build/dofbot_config/share/dofbot_config/hook/pythonpath_develop.dsv'
[2.032s] INFO:colcon.colcon_core.shell:Creating environment hook '/home/arrgusr/ROS2Dev/tsr-2027-1/dofbot_ws/build/dofbot_config/share/dofbot_config/hook/pythonpath_develop.sh'
[2.036s] Level 1:colcon.colcon_core.environment:checking '/home/arrgusr/ROS2Dev/tsr-2027-1/dofbot_ws/install/dofbot_config' for CMake module files
[2.037s] Level 1:colcon.colcon_core.environment:checking '/home/arrgusr/ROS2Dev/tsr-2027-1/dofbot_ws/install/dofbot_config' for CMake config files
[2.037s] Level 1:colcon.colcon_core.environment:checking '/home/arrgusr/ROS2Dev/tsr-2027-1/dofbot_ws/install/dofbot_config/lib'
[2.037s] Level 1:colcon.colcon_core.environment:checking '/home/arrgusr/ROS2Dev/tsr-2027-1/dofbot_ws/install/dofbot_config/bin'
[2.037s] Level 1:colcon.colcon_core.environment:checking '/home/arrgusr/ROS2Dev/tsr-2027-1/dofbot_ws/install/dofbot_config/lib/pkgconfig/dofbot_config.pc'
[2.037s] Level 1:colcon.colcon_core.environment:checking '/home/arrgusr/ROS2Dev/tsr-2027-1/dofbot_ws/install/dofbot_config/lib/python3.12/site-packages'
[2.037s] Level 1:colcon.colcon_core.shell:create_environment_hook('dofbot_config', 'pythonpath')
[2.038s] INFO:colcon.colcon_core.shell:Creating environment hook '/home/arrgusr/ROS2Dev/tsr-2027-1/dofbot_ws/install/dofbot_config/share/dofbot_config/hook/pythonpath.ps1'
[2.038s] INFO:colcon.colcon_core.shell:Creating environment descriptor '/home/arrgusr/ROS2Dev/tsr-2027-1/dofbot_ws/install/dofbot_config/share/dofbot_config/hook/pythonpath.dsv'
[2.038s] INFO:colcon.colcon_core.shell:Creating environment hook '/home/arrgusr/ROS2Dev/tsr-2027-1/dofbot_ws/install/dofbot_config/share/dofbot_config/hook/pythonpath.sh'
[2.039s] Level 1:colcon.colcon_core.environment:checking '/home/arrgusr/ROS2Dev/tsr-2027-1/dofbot_ws/install/dofbot_config/bin'
[2.039s] Level 1:colcon.colcon_core.environment:create_environment_scripts_only(dofbot_config)
[2.039s] INFO:colcon.colcon_core.shell:Creating package script '/home/arrgusr/ROS2Dev/tsr-2027-1/dofbot_ws/install/dofbot_config/share/dofbot_config/package.ps1'
[2.039s] INFO:colcon.colcon_core.shell:Creating package descriptor '/home/arrgusr/ROS2Dev/tsr-2027-1/dofbot_ws/install/dofbot_config/share/dofbot_config/package.dsv'
[2.040s] INFO:colcon.colcon_core.shell:Creating package script '/home/arrgusr/ROS2Dev/tsr-2027-1/dofbot_ws/install/dofbot_config/share/dofbot_config/package.sh'
[2.041s] INFO:colcon.colcon_core.shell:Creating package script '/home/arrgusr/ROS2Dev/tsr-2027-1/dofbot_ws/install/dofbot_config/share/dofbot_config/package.bash'
[2.041s] INFO:colcon.colcon_core.shell:Creating package script '/home/arrgusr/ROS2Dev/tsr-2027-1/dofbot_ws/install/dofbot_config/share/dofbot_config/package.zsh'
[2.041s] Level 1:colcon.colcon_core.environment:create_file_with_runtime_dependencies(/home/arrgusr/ROS2Dev/tsr-2027-1/dofbot_ws/install/dofbot_config/share/colcon-core/packages/dofbot_config)
[2.042s] DEBUG:colcon.colcon_parallel_executor.executor.parallel:closing loop
[2.042s] DEBUG:colcon.colcon_parallel_executor.executor.parallel:loop closed
[2.042s] DEBUG:colcon.colcon_parallel_executor.executor.parallel:run_until_complete finished with '0'
[2.042s] DEBUG:colcon.colcon_core.event_reactor:joining thread
[2.053s] INFO:colcon.colcon_core.plugin_system:Skipping extension 'colcon_notification.desktop_notification.terminal_notifier': Not used on non-Darwin systems
[2.054s] INFO:colcon.colcon_core.plugin_system:Skipping extension 'colcon_notification.desktop_notification.win32': Not used on non-Windows systems
[2.054s] INFO:colcon.colcon_notification.desktop_notification:Sending desktop notification using 'notify2'
[2.093s] DEBUG:colcon.colcon_core.event_reactor:joined thread
[2.094s] INFO:colcon.colcon_core.shell:Creating prefix script '/home/arrgusr/ROS2Dev/tsr-2027-1/dofbot_ws/install/local_setup.ps1'
[2.095s] INFO:colcon.colcon_core.shell:Creating prefix util module '/home/arrgusr/ROS2Dev/tsr-2027-1/dofbot_ws/install/_local_setup_util_ps1.py'
[2.097s] INFO:colcon.colcon_core.shell:Creating prefix chain script '/home/arrgusr/ROS2Dev/tsr-2027-1/dofbot_ws/install/setup.ps1'
[2.098s] INFO:colcon.colcon_core.shell:Creating prefix script '/home/arrgusr/ROS2Dev/tsr-2027-1/dofbot_ws/install/local_setup.sh'
[2.099s] INFO:colcon.colcon_core.shell:Creating prefix util module '/home/arrgusr/ROS2Dev/tsr-2027-1/dofbot_ws/install/_local_setup_util_sh.py'
[2.099s] INFO:colcon.colcon_core.shell:Creating prefix chain script '/home/arrgusr/ROS2Dev/tsr-2027-1/dofbot_ws/install/setup.sh'
[2.101s] INFO:colcon.colcon_core.shell:Creating prefix script '/home/arrgusr/ROS2Dev/tsr-2027-1/dofbot_ws/install/local_setup.bash'
[2.101s] INFO:colcon.colcon_core.shell:Creating prefix chain script '/home/arrgusr/ROS2Dev/tsr-2027-1/dofbot_ws/install/setup.bash'
[2.102s] INFO:colcon.colcon_core.shell:Creating prefix script '/home/arrgusr/ROS2Dev/tsr-2027-1/dofbot_ws/install/local_setup.zsh'
[2.102s] INFO:colcon.colcon_core.shell:Creating prefix chain script '/home/arrgusr/ROS2Dev/tsr-2027-1/dofbot_ws/install/setup.zsh'
