running develop
running egg_info
creating dofbot_telemetry.egg-info
writing dofbot_telemetry.egg-info/PKG-INFO
writing dependency_links to dofbot_telemetry.egg-info/dependency_links.txt
writing entry points to dofbot_telemetry.egg-info/entry_points.txt
writing requirements to dofbot_telemetry.egg-info/requires.txt
writing top-level names to dofbot_telemetry.egg-info/top_level.txt
writing manifest file 'dofbot_telemetry.egg-info/SOURCES.txt'
reading manifest file 'dofbot_telemetry.egg-info/SOURCES.txt'
writing manifest file 'dofbot_telemetry.egg-info/SOURCES.txt'
running build_ext
Creating /home/arrgusr/ROS2Dev/tsr-2027-1/dofbot_ws/install/dofbot_telemetry/lib/python3.12/site-packages/dofbot-telemetry.egg-link (link to .)
Installing telemtry_info script to /home/arrgusr/ROS2Dev/tsr-2027-1/dofbot_ws/install/dofbot_telemetry/lib/dofbot_telemetry

Installed /home/arrgusr/ROS2Dev/tsr-2027-1/dofbot_ws/build/dofbot_telemetry
running symlink_data
creating /home/arrgusr/ROS2Dev/tsr-2027-1/dofbot_ws/install/dofbot_telemetry/share/ament_index
creating /home/arrgusr/ROS2Dev/tsr-2027-1/dofbot_ws/install/dofbot_telemetry/share/ament_index/resource_index
creating /home/arrgusr/ROS2Dev/tsr-2027-1/dofbot_ws/install/dofbot_telemetry/share/ament_index/resource_index/packages
symbolically linking /home/arrgusr/ROS2Dev/tsr-2027-1/dofbot_ws/build/dofbot_telemetry/resource/dofbot_telemetry -> /home/arrgusr/ROS2Dev/tsr-2027-1/dofbot_ws/install/dofbot_telemetry/share/ament_index/resource_index/packages
symbolically linking /home/arrgusr/ROS2Dev/tsr-2027-1/dofbot_ws/build/dofbot_telemetry/package.xml -> /home/arrgusr/ROS2Dev/tsr-2027-1/dofbot_ws/install/dofbot_telemetry/share/dofbot_telemetry
