-- Found ament_cmake: 2.5.6 (/opt/ros/jazzy/share/ament_cmake/cmake)
-- Found rosidl_default_generators: 1.6.1 (/opt/ros/jazzy/share/rosidl_default_generators/cmake)
-- Using all available rosidl_typesupport_c: rosidl_typesupport_fastrtps_c;rosidl_typesupport_introspection_c
-- Using all available rosidl_typesupport_cpp: rosidl_typesupport_fastrtps_cpp;rosidl_typesupport_introspection_cpp
-- Found rosidl_adapter: 4.6.9 (/opt/ros/jazzy/share/rosidl_adapter/cmake)
-- Found geometry_msgs: 5.3.8 (/opt/ros/jazzy/share/geometry_msgs/cmake)
-- Found ament_cmake_ros: 0.12.1 (/opt/ros/jazzy/share/ament_cmake_ros/cmake)
-- Using all available rosidl_typesupport_c: rosidl_typesupport_fastrtps_c;rosidl_typesupport_introspection_c
-- Using all available rosidl_typesupport_cpp: rosidl_typesupport_fastrtps_cpp;rosidl_typesupport_introspection_cpp
-- Found python_cmake_module: 0.11.1 (/opt/ros/jazzy/share/python_cmake_module/cmake)
-- Found Python3: /home/arrgusr/.pyenv/shims/python3 (found version "3.12.3") found components: Interpreter Development NumPy Development.Module Development.Embed 
-- Found Python3: /home/arrgusr/.pyenv/shims/python3 (found version "3.12.3") found components: Interpreter 
-- Configuring done (3.4s)
-- Generating done (0.1s)
-- Build files have been written to: /home/arrgusr/ROS2Dev/tsr-2027-1/dofbot_ws/build/dofbot_interfaces
[  2%] [34m[1mGenerating type hashes for ROS interfaces[0m
[  5%] [34m[1mGenerating Rust code for ROS interfaces[0m
[  5%] Built target dofbot_interfaces__rosidl_generator_type_description
[  5%] Built target ament_cmake_python_copy_dofbot_interfaces
[  5%] Built target dofbot_interfaces__rs
[  8%] [34m[1mGenerating C code for ROS interfaces[0m
[ 11%] [34m[1mGenerating C++ code for ROS interfaces[0m
[ 11%] Built target dofbot_interfaces__cpp
[ 14%] [32mBuilding C object CMakeFiles/dofbot_interfaces__rosidl_generator_c.dir/rosidl_generator_c/dofbot_interfaces/msg/detail/telemetry__description.c.o[0m
[ 17%] [32mBuilding C object CMakeFiles/dofbot_interfaces__rosidl_generator_c.dir/rosidl_generator_c/dofbot_interfaces/msg/detail/telemetry__functions.c.o[0m
[ 20%] [32mBuilding C object CMakeFiles/dofbot_interfaces__rosidl_generator_c.dir/rosidl_generator_c/dofbot_interfaces/msg/detail/telemetry__type_support.c.o[0m
[ 22%] [32m[1mLinking C shared library libdofbot_interfaces__rosidl_generator_c.so[0m
[ 22%] Built target dofbot_interfaces__rosidl_generator_c
[ 25%] [34m[1mGenerating C type support for eProsima Fast-RTPS[0m
running egg_info
writing dofbot_interfaces.egg-info/PKG-INFO
writing dependency_links to dofbot_interfaces.egg-info/dependency_links.txt
writing top-level names to dofbot_interfaces.egg-info/top_level.txt
reading manifest file 'dofbot_interfaces.egg-info/SOURCES.txt'
writing manifest file 'dofbot_interfaces.egg-info/SOURCES.txt'
[ 25%] Built target ament_cmake_python_build_dofbot_interfaces_egg
[ 28%] [34m[1mGenerating C introspection for ROS interfaces[0m
[ 31%] [32mBuilding CXX object CMakeFiles/dofbot_interfaces__rosidl_typesupport_fastrtps_c.dir/rosidl_typesupport_fastrtps_c/dofbot_interfaces/msg/detail/telemetry__type_support_c.cpp.o[0m
[ 34%] [32mBuilding C object CMakeFiles/dofbot_interfaces__rosidl_typesupport_introspection_c.dir/rosidl_typesupport_introspection_c/dofbot_interfaces/msg/detail/telemetry__type_support.c.o[0m
[ 37%] [32m[1mLinking C shared library libdofbot_interfaces__rosidl_typesupport_introspection_c.so[0m
[ 37%] Built target dofbot_interfaces__rosidl_typesupport_introspection_c
[ 40%] [34m[1mGenerating C type support dispatch for ROS interfaces[0m
[ 42%] [32m[1mLinking CXX shared library libdofbot_interfaces__rosidl_typesupport_fastrtps_c.so[0m
[ 42%] Built target dofbot_interfaces__rosidl_typesupport_fastrtps_c
[ 45%] [32mBuilding CXX object CMakeFiles/dofbot_interfaces__rosidl_typesupport_c.dir/rosidl_typesupport_c/dofbot_interfaces/msg/telemetry__type_support.cpp.o[0m
[ 48%] [34m[1mGenerating C++ type support for eProsima Fast-RTPS[0m
[ 51%] [32m[1mLinking CXX shared library libdofbot_interfaces__rosidl_typesupport_c.so[0m
[ 51%] Built target dofbot_interfaces__rosidl_typesupport_c
[ 54%] [34m[1mGenerating C++ introspection for ROS interfaces[0m
[ 57%] [32mBuilding CXX object CMakeFiles/dofbot_interfaces__rosidl_typesupport_fastrtps_cpp.dir/rosidl_typesupport_fastrtps_cpp/dofbot_interfaces/msg/detail/dds_fastrtps/telemetry__type_support.cpp.o[0m
[ 60%] [32mBuilding CXX object CMakeFiles/dofbot_interfaces__rosidl_typesupport_introspection_cpp.dir/rosidl_typesupport_introspection_cpp/dofbot_interfaces/msg/detail/telemetry__type_support.cpp.o[0m
[ 62%] [32m[1mLinking CXX shared library libdofbot_interfaces__rosidl_typesupport_introspection_cpp.so[0m
[ 65%] [32m[1mLinking CXX shared library libdofbot_interfaces__rosidl_typesupport_fastrtps_cpp.so[0m
[ 65%] Built target dofbot_interfaces__rosidl_typesupport_introspection_cpp
[ 68%] [34m[1mGenerating C++ type support dispatch for ROS interfaces[0m
[ 68%] Built target dofbot_interfaces__rosidl_typesupport_fastrtps_cpp
[ 71%] [32mBuilding CXX object CMakeFiles/dofbot_interfaces__rosidl_typesupport_cpp.dir/rosidl_typesupport_cpp/dofbot_interfaces/msg/telemetry__type_support.cpp.o[0m
[ 74%] [32m[1mLinking CXX shared library libdofbot_interfaces__rosidl_typesupport_cpp.so[0m
[ 74%] Built target dofbot_interfaces__rosidl_typesupport_cpp
[ 74%] Built target dofbot_interfaces
[ 77%] [34m[1mGenerating Python code for ROS interfaces[0m
[ 77%] Built target dofbot_interfaces__py
[ 80%] [32mBuilding C object CMakeFiles/dofbot_interfaces__rosidl_generator_py.dir/rosidl_generator_py/dofbot_interfaces/msg/_telemetry_s.c.o[0m
[ 82%] [32m[1mLinking C shared library libdofbot_interfaces__rosidl_generator_py.so[0m
[ 82%] Built target dofbot_interfaces__rosidl_generator_py
[ 85%] [32mBuilding C object CMakeFiles/dofbot_interfaces_s__rosidl_typesupport_fastrtps_c.dir/rosidl_generator_py/dofbot_interfaces/_dofbot_interfaces_s.ep.rosidl_typesupport_fastrtps_c.c.o[0m
[ 88%] [32mBuilding C object CMakeFiles/dofbot_interfaces_s__rosidl_typesupport_introspection_c.dir/rosidl_generator_py/dofbot_interfaces/_dofbot_interfaces_s.ep.rosidl_typesupport_introspection_c.c.o[0m
[ 94%] [32m[1mLinking C shared module rosidl_generator_py/dofbot_interfaces/dofbot_interfaces_s__rosidl_typesupport_introspection_c.so[0m
[ 94%] [32m[1mLinking C shared module rosidl_generator_py/dofbot_interfaces/dofbot_interfaces_s__rosidl_typesupport_fastrtps_c.so[0m
[ 94%] Built target dofbot_interfaces_s__rosidl_typesupport_introspection_c
[ 94%] Built target dofbot_interfaces_s__rosidl_typesupport_fastrtps_c
[ 97%] [32mBuilding C object CMakeFiles/dofbot_interfaces_s__rosidl_typesupport_c.dir/rosidl_generator_py/dofbot_interfaces/_dofbot_interfaces_s.ep.rosidl_typesupport_c.c.o[0m
[100%] [32m[1mLinking C shared module rosidl_generator_py/dofbot_interfaces/dofbot_interfaces_s__rosidl_typesupport_c.so[0m
[100%] Built target dofbot_interfaces_s__rosidl_typesupport_c
-- Install configuration: ""
-- Up-to-date: /home/arrgusr/ROS2Dev/tsr-2027-1/dofbot_ws/install/dofbot_interfaces/share/ament_index/resource_index/rosidl_interfaces/dofbot_interfaces
-- Installing: /home/arrgusr/ROS2Dev/tsr-2027-1/dofbot_ws/install/dofbot_interfaces/share/dofbot_interfaces/msg/Telemetry.json
-- Up-to-date: /home/arrgusr/ROS2Dev/tsr-2027-1/dofbot_ws/install/dofbot_interfaces/include/dofbot_interfaces/dofbot_interfaces
-- Up-to-date: /home/arrgusr/ROS2Dev/tsr-2027-1/dofbot_ws/install/dofbot_interfaces/include/dofbot_interfaces/dofbot_interfaces/msg
-- Installing: /home/arrgusr/ROS2Dev/tsr-2027-1/dofbot_ws/install/dofbot_interfaces/include/dofbot_interfaces/dofbot_interfaces/msg/telemetry.h
-- Up-to-date: /home/arrgusr/ROS2Dev/tsr-2027-1/dofbot_ws/install/dofbot_interfaces/include/dofbot_interfaces/dofbot_interfaces/msg/rosidl_generator_c__visibility_control.h
-- Up-to-date: /home/arrgusr/ROS2Dev/tsr-2027-1/dofbot_ws/install/dofbot_interfaces/include/dofbot_interfaces/dofbot_interfaces/msg/detail
-- Installing: /home/arrgusr/ROS2Dev/tsr-2027-1/dofbot_ws/install/dofbot_interfaces/include/dofbot_interfaces/dofbot_interfaces/msg/detail/telemetry__type_support.h
-- Installing: /home/arrgusr/ROS2Dev/tsr-2027-1/dofbot_ws/install/dofbot_interfaces/include/dofbot_interfaces/dofbot_interfaces/msg/detail/telemetry__struct.h
-- Installing: /home/arrgusr/ROS2Dev/tsr-2027-1/dofbot_ws/install/dofbot_interfaces/include/dofbot_interfaces/dofbot_interfaces/msg/detail/telemetry__type_support.c
-- Installing: /home/arrgusr/ROS2Dev/tsr-2027-1/dofbot_ws/install/dofbot_interfaces/include/dofbot_interfaces/dofbot_interfaces/msg/detail/telemetry__functions.c
-- Installing: /home/arrgusr/ROS2Dev/tsr-2027-1/dofbot_ws/install/dofbot_interfaces/include/dofbot_interfaces/dofbot_interfaces/msg/detail/telemetry__description.c
-- Installing: /home/arrgusr/ROS2Dev/tsr-2027-1/dofbot_ws/install/dofbot_interfaces/include/dofbot_interfaces/dofbot_interfaces/msg/detail/telemetry__functions.h
-- Up-to-date: /home/arrgusr/ROS2Dev/tsr-2027-1/dofbot_ws/install/dofbot_interfaces/share/dofbot_interfaces/environment/library_path.sh
-- Up-to-date: /home/arrgusr/ROS2Dev/tsr-2027-1/dofbot_ws/install/dofbot_interfaces/share/dofbot_interfaces/environment/library_path.dsv
-- Installing: /home/arrgusr/ROS2Dev/tsr-2027-1/dofbot_ws/install/dofbot_interfaces/lib/libdofbot_interfaces__rosidl_generator_c.so
-- Set non-toolchain portion of runtime path of "/home/arrgusr/ROS2Dev/tsr-2027-1/dofbot_ws/install/dofbot_interfaces/lib/libdofbot_interfaces__rosidl_generator_c.so" to ""
-- Up-to-date: /home/arrgusr/ROS2Dev/tsr-2027-1/dofbot_ws/install/dofbot_interfaces/include/dofbot_interfaces/dofbot_interfaces
-- Up-to-date: /home/arrgusr/ROS2Dev/tsr-2027-1/dofbot_ws/install/dofbot_interfaces/include/dofbot_interfaces/dofbot_interfaces/msg
-- Up-to-date: /home/arrgusr/ROS2Dev/tsr-2027-1/dofbot_ws/install/dofbot_interfaces/include/dofbot_interfaces/dofbot_interfaces/msg/rosidl_typesupport_fastrtps_c__visibility_control.h
-- Up-to-date: /home/arrgusr/ROS2Dev/tsr-2027-1/dofbot_ws/install/dofbot_interfaces/include/dofbot_interfaces/dofbot_interfaces/msg/detail
-- Installing: /home/arrgusr/ROS2Dev/tsr-2027-1/dofbot_ws/install/dofbot_interfaces/include/dofbot_interfaces/dofbot_interfaces/msg/detail/telemetry__rosidl_typesupport_fastrtps_c.h
-- Installing: /home/arrgusr/ROS2Dev/tsr-2027-1/dofbot_ws/install/dofbot_interfaces/lib/libdofbot_interfaces__rosidl_typesupport_fastrtps_c.so
-- Set non-toolchain portion of runtime path of "/home/arrgusr/ROS2Dev/tsr-2027-1/dofbot_ws/install/dofbot_interfaces/lib/libdofbot_interfaces__rosidl_typesupport_fastrtps_c.so" to ""
-- Up-to-date: /home/arrgusr/ROS2Dev/tsr-2027-1/dofbot_ws/install/dofbot_interfaces/include/dofbot_interfaces/dofbot_interfaces
-- Up-to-date: /home/arrgusr/ROS2Dev/tsr-2027-1/dofbot_ws/install/dofbot_interfaces/include/dofbot_interfaces/dofbot_interfaces/msg
-- Up-to-date: /home/arrgusr/ROS2Dev/tsr-2027-1/dofbot_ws/install/dofbot_interfaces/include/dofbot_interfaces/dofbot_interfaces/msg/rosidl_typesupport_introspection_c__visibility_control.h
-- Up-to-date: /home/arrgusr/ROS2Dev/tsr-2027-1/dofbot_ws/install/dofbot_interfaces/include/dofbot_interfaces/dofbot_interfaces/msg/detail
-- Installing: /home/arrgusr/ROS2Dev/tsr-2027-1/dofbot_ws/install/dofbot_interfaces/include/dofbot_interfaces/dofbot_interfaces/msg/detail/telemetry__type_support.c
-- Installing: /home/arrgusr/ROS2Dev/tsr-2027-1/dofbot_ws/install/dofbot_interfaces/include/dofbot_interfaces/dofbot_interfaces/msg/detail/telemetry__rosidl_typesupport_introspection_c.h
-- Installing: /home/arrgusr/ROS2Dev/tsr-2027-1/dofbot_ws/install/dofbot_interfaces/lib/libdofbot_interfaces__rosidl_typesupport_introspection_c.so
-- Set non-toolchain portion of runtime path of "/home/arrgusr/ROS2Dev/tsr-2027-1/dofbot_ws/install/dofbot_interfaces/lib/libdofbot_interfaces__rosidl_typesupport_introspection_c.so" to ""
-- Installing: /home/arrgusr/ROS2Dev/tsr-2027-1/dofbot_ws/install/dofbot_interfaces/lib/libdofbot_interfaces__rosidl_typesupport_c.so
-- Set non-toolchain portion of runtime path of "/home/arrgusr/ROS2Dev/tsr-2027-1/dofbot_ws/install/dofbot_interfaces/lib/libdofbot_interfaces__rosidl_typesupport_c.so" to ""
-- Up-to-date: /home/arrgusr/ROS2Dev/tsr-2027-1/dofbot_ws/install/dofbot_interfaces/include/dofbot_interfaces/dofbot_interfaces
-- Up-to-date: /home/arrgusr/ROS2Dev/tsr-2027-1/dofbot_ws/install/dofbot_interfaces/include/dofbot_interfaces/dofbot_interfaces/msg
-- Installing: /home/arrgusr/ROS2Dev/tsr-2027-1/dofbot_ws/install/dofbot_interfaces/include/dofbot_interfaces/dofbot_interfaces/msg/rosidl_generator_cpp__visibility_control.hpp
-- Installing: /home/arrgusr/ROS2Dev/tsr-2027-1/dofbot_ws/install/dofbot_interfaces/include/dofbot_interfaces/dofbot_interfaces/msg/telemetry.hpp
-- Up-to-date: /home/arrgusr/ROS2Dev/tsr-2027-1/dofbot_ws/install/dofbot_interfaces/include/dofbot_interfaces/dofbot_interfaces/msg/detail
-- Installing: /home/arrgusr/ROS2Dev/tsr-2027-1/dofbot_ws/install/dofbot_interfaces/include/dofbot_interfaces/dofbot_interfaces/msg/detail/telemetry__traits.hpp
-- Installing: /home/arrgusr/ROS2Dev/tsr-2027-1/dofbot_ws/install/dofbot_interfaces/include/dofbot_interfaces/dofbot_interfaces/msg/detail/telemetry__builder.hpp
-- Installing: /home/arrgusr/ROS2Dev/tsr-2027-1/dofbot_ws/install/dofbot_interfaces/include/dofbot_interfaces/dofbot_interfaces/msg/detail/telemetry__struct.hpp
-- Installing: /home/arrgusr/ROS2Dev/tsr-2027-1/dofbot_ws/install/dofbot_interfaces/include/dofbot_interfaces/dofbot_interfaces/msg/detail/telemetry__type_support.hpp
-- Up-to-date: /home/arrgusr/ROS2Dev/tsr-2027-1/dofbot_ws/install/dofbot_interfaces/include/dofbot_interfaces/dofbot_interfaces
-- Up-to-date: /home/arrgusr/ROS2Dev/tsr-2027-1/dofbot_ws/install/dofbot_interfaces/include/dofbot_interfaces/dofbot_interfaces/msg
-- Up-to-date: /home/arrgusr/ROS2Dev/tsr-2027-1/dofbot_ws/install/dofbot_interfaces/include/dofbot_interfaces/dofbot_interfaces/msg/rosidl_typesupport_fastrtps_cpp__visibility_control.h
-- Up-to-date: /home/arrgusr/ROS2Dev/tsr-2027-1/dofbot_ws/install/dofbot_interfaces/include/dofbot_interfaces/dofbot_interfaces/msg/detail
-- Up-to-date: /home/arrgusr/ROS2Dev/tsr-2027-1/dofbot_ws/install/dofbot_interfaces/include/dofbot_interfaces/dofbot_interfaces/msg/detail/dds_fastrtps
-- Installing: /home/arrgusr/ROS2Dev/tsr-2027-1/dofbot_ws/install/dofbot_interfaces/include/dofbot_interfaces/dofbot_interfaces/msg/detail/telemetry__rosidl_typesupport_fastrtps_cpp.hpp
-- Installing: /home/arrgusr/ROS2Dev/tsr-2027-1/dofbot_ws/install/dofbot_interfaces/lib/libdofbot_interfaces__rosidl_typesupport_fastrtps_cpp.so
-- Set non-toolchain portion of runtime path of "/home/arrgusr/ROS2Dev/tsr-2027-1/dofbot_ws/install/dofbot_interfaces/lib/libdofbot_interfaces__rosidl_typesupport_fastrtps_cpp.so" to ""
-- Up-to-date: /home/arrgusr/ROS2Dev/tsr-2027-1/dofbot_ws/install/dofbot_interfaces/include/dofbot_interfaces/dofbot_interfaces
-- Up-to-date: /home/arrgusr/ROS2Dev/tsr-2027-1/dofbot_ws/install/dofbot_interfaces/include/dofbot_interfaces/dofbot_interfaces/msg
-- Up-to-date: /home/arrgusr/ROS2Dev/tsr-2027-1/dofbot_ws/install/dofbot_interfaces/include/dofbot_interfaces/dofbot_interfaces/msg/detail
-- Installing: /home/arrgusr/ROS2Dev/tsr-2027-1/dofbot_ws/install/dofbot_interfaces/include/dofbot_interfaces/dofbot_interfaces/msg/detail/telemetry__rosidl_typesupport_introspection_cpp.hpp
-- Installing: /home/arrgusr/ROS2Dev/tsr-2027-1/dofbot_ws/install/dofbot_interfaces/include/dofbot_interfaces/dofbot_interfaces/msg/detail/telemetry__type_support.cpp
-- Installing: /home/arrgusr/ROS2Dev/tsr-2027-1/dofbot_ws/install/dofbot_interfaces/lib/libdofbot_interfaces__rosidl_typesupport_introspection_cpp.so
-- Set non-toolchain portion of runtime path of "/home/arrgusr/ROS2Dev/tsr-2027-1/dofbot_ws/install/dofbot_interfaces/lib/libdofbot_interfaces__rosidl_typesupport_introspection_cpp.so" to ""
-- Installing: /home/arrgusr/ROS2Dev/tsr-2027-1/dofbot_ws/install/dofbot_interfaces/lib/libdofbot_interfaces__rosidl_typesupport_cpp.so
-- Set non-toolchain portion of runtime path of "/home/arrgusr/ROS2Dev/tsr-2027-1/dofbot_ws/install/dofbot_interfaces/lib/libdofbot_interfaces__rosidl_typesupport_cpp.so" to ""
-- Up-to-date: /home/arrgusr/ROS2Dev/tsr-2027-1/dofbot_ws/install/dofbot_interfaces/share/dofbot_interfaces/environment/pythonpath.sh
-- Up-to-date: /home/arrgusr/ROS2Dev/tsr-2027-1/dofbot_ws/install/dofbot_interfaces/share/dofbot_interfaces/environment/pythonpath.dsv
-- Up-to-date: /home/arrgusr/ROS2Dev/tsr-2027-1/dofbot_ws/install/dofbot_interfaces/lib/python3.12/site-packages/dofbot_interfaces-0.0.0-py3.12.egg-info
-- Installing: /home/arrgusr/ROS2Dev/tsr-2027-1/dofbot_ws/install/dofbot_interfaces/lib/python3.12/site-packages/dofbot_interfaces-0.0.0-py3.12.egg-info/PKG-INFO
-- Installing: /home/arrgusr/ROS2Dev/tsr-2027-1/dofbot_ws/install/dofbot_interfaces/lib/python3.12/site-packages/dofbot_interfaces-0.0.0-py3.12.egg-info/SOURCES.txt
-- Installing: /home/arrgusr/ROS2Dev/tsr-2027-1/dofbot_ws/install/dofbot_interfaces/lib/python3.12/site-packages/dofbot_interfaces-0.0.0-py3.12.egg-info/top_level.txt
-- Installing: /home/arrgusr/ROS2Dev/tsr-2027-1/dofbot_ws/install/dofbot_interfaces/lib/python3.12/site-packages/dofbot_interfaces-0.0.0-py3.12.egg-info/dependency_links.txt
-- Up-to-date: /home/arrgusr/ROS2Dev/tsr-2027-1/dofbot_ws/install/dofbot_interfaces/lib/python3.12/site-packages/dofbot_interfaces
-- Installing: /home/arrgusr/ROS2Dev/tsr-2027-1/dofbot_ws/install/dofbot_interfaces/lib/python3.12/site-packages/dofbot_interfaces/__init__.py
-- Installing: /home/arrgusr/ROS2Dev/tsr-2027-1/dofbot_ws/install/dofbot_interfaces/lib/python3.12/site-packages/dofbot_interfaces/dofbot_interfaces_s__rosidl_typesupport_c.so
-- Installing: /home/arrgusr/ROS2Dev/tsr-2027-1/dofbot_ws/install/dofbot_interfaces/lib/python3.12/site-packages/dofbot_interfaces/dofbot_interfaces_s__rosidl_typesupport_introspection_c.so
-- Installing: /home/arrgusr/ROS2Dev/tsr-2027-1/dofbot_ws/install/dofbot_interfaces/lib/python3.12/site-packages/dofbot_interfaces/_dofbot_interfaces_s.ep.rosidl_typesupport_fastrtps_c.c
-- Installing: /home/arrgusr/ROS2Dev/tsr-2027-1/dofbot_ws/install/dofbot_interfaces/lib/python3.12/site-packages/dofbot_interfaces/_dofbot_interfaces_s.ep.rosidl_typesupport_c.c
-- Up-to-date: /home/arrgusr/ROS2Dev/tsr-2027-1/dofbot_ws/install/dofbot_interfaces/lib/python3.12/site-packages/dofbot_interfaces/msg
-- Installing: /home/arrgusr/ROS2Dev/tsr-2027-1/dofbot_ws/install/dofbot_interfaces/lib/python3.12/site-packages/dofbot_interfaces/msg/__init__.py
-- Installing: /home/arrgusr/ROS2Dev/tsr-2027-1/dofbot_ws/install/dofbot_interfaces/lib/python3.12/site-packages/dofbot_interfaces/msg/_telemetry.py
-- Installing: /home/arrgusr/ROS2Dev/tsr-2027-1/dofbot_ws/install/dofbot_interfaces/lib/python3.12/site-packages/dofbot_interfaces/msg/_telemetry_s.c
-- Installing: /home/arrgusr/ROS2Dev/tsr-2027-1/dofbot_ws/install/dofbot_interfaces/lib/python3.12/site-packages/dofbot_interfaces/_dofbot_interfaces_s.ep.rosidl_typesupport_introspection_c.c
-- Installing: /home/arrgusr/ROS2Dev/tsr-2027-1/dofbot_ws/install/dofbot_interfaces/lib/python3.12/site-packages/dofbot_interfaces/dofbot_interfaces_s__rosidl_typesupport_fastrtps_c.so
Listing '/home/arrgusr/ROS2Dev/tsr-2027-1/dofbot_ws/install/dofbot_interfaces/lib/python3.12/site-packages/dofbot_interfaces'...
Compiling '/home/arrgusr/ROS2Dev/tsr-2027-1/dofbot_ws/install/dofbot_interfaces/lib/python3.12/site-packages/dofbot_interfaces/__init__.py'...
Listing '/home/arrgusr/ROS2Dev/tsr-2027-1/dofbot_ws/install/dofbot_interfaces/lib/python3.12/site-packages/dofbot_interfaces/msg'...
Compiling '/home/arrgusr/ROS2Dev/tsr-2027-1/dofbot_ws/install/dofbot_interfaces/lib/python3.12/site-packages/dofbot_interfaces/msg/__init__.py'...
Compiling '/home/arrgusr/ROS2Dev/tsr-2027-1/dofbot_ws/install/dofbot_interfaces/lib/python3.12/site-packages/dofbot_interfaces/msg/_telemetry.py'...
-- Installing: /home/arrgusr/ROS2Dev/tsr-2027-1/dofbot_ws/install/dofbot_interfaces/lib/python3.12/site-packages/dofbot_interfaces/dofbot_interfaces_s__rosidl_typesupport_fastrtps_c.so
-- Set non-toolchain portion of runtime path of "/home/arrgusr/ROS2Dev/tsr-2027-1/dofbot_ws/install/dofbot_interfaces/lib/python3.12/site-packages/dofbot_interfaces/dofbot_interfaces_s__rosidl_typesupport_fastrtps_c.so" to ""
-- Installing: /home/arrgusr/ROS2Dev/tsr-2027-1/dofbot_ws/install/dofbot_interfaces/lib/python3.12/site-packages/dofbot_interfaces/dofbot_interfaces_s__rosidl_typesupport_introspection_c.so
-- Set non-toolchain portion of runtime path of "/home/arrgusr/ROS2Dev/tsr-2027-1/dofbot_ws/install/dofbot_interfaces/lib/python3.12/site-packages/dofbot_interfaces/dofbot_interfaces_s__rosidl_typesupport_introspection_c.so" to ""
-- Installing: /home/arrgusr/ROS2Dev/tsr-2027-1/dofbot_ws/install/dofbot_interfaces/lib/python3.12/site-packages/dofbot_interfaces/dofbot_interfaces_s__rosidl_typesupport_c.so
-- Set non-toolchain portion of runtime path of "/home/arrgusr/ROS2Dev/tsr-2027-1/dofbot_ws/install/dofbot_interfaces/lib/python3.12/site-packages/dofbot_interfaces/dofbot_interfaces_s__rosidl_typesupport_c.so" to ""
-- Installing: /home/arrgusr/ROS2Dev/tsr-2027-1/dofbot_ws/install/dofbot_interfaces/lib/libdofbot_interfaces__rosidl_generator_py.so
-- Set non-toolchain portion of runtime path of "/home/arrgusr/ROS2Dev/tsr-2027-1/dofbot_ws/install/dofbot_interfaces/lib/libdofbot_interfaces__rosidl_generator_py.so" to ""
-- Up-to-date: /home/arrgusr/ROS2Dev/tsr-2027-1/dofbot_ws/install/dofbot_interfaces/share/dofbot_interfaces/rust
-- Installing: /home/arrgusr/ROS2Dev/tsr-2027-1/dofbot_ws/install/dofbot_interfaces/share/dofbot_interfaces/rust/build.rs
-- Installing: /home/arrgusr/ROS2Dev/tsr-2027-1/dofbot_ws/install/dofbot_interfaces/share/dofbot_interfaces/rust/Cargo.toml
-- Up-to-date: /home/arrgusr/ROS2Dev/tsr-2027-1/dofbot_ws/install/dofbot_interfaces/share/dofbot_interfaces/rust/src
-- Installing: /home/arrgusr/ROS2Dev/tsr-2027-1/dofbot_ws/install/dofbot_interfaces/share/dofbot_interfaces/rust/src/msg.rs
-- Up-to-date: /home/arrgusr/ROS2Dev/tsr-2027-1/dofbot_ws/install/dofbot_interfaces/share/dofbot_interfaces/rust/src/msg
-- Installing: /home/arrgusr/ROS2Dev/tsr-2027-1/dofbot_ws/install/dofbot_interfaces/share/dofbot_interfaces/rust/src/msg/rmw.rs
-- Installing: /home/arrgusr/ROS2Dev/tsr-2027-1/dofbot_ws/install/dofbot_interfaces/share/dofbot_interfaces/rust/src/lib.rs
-- Installing: /home/arrgusr/ROS2Dev/tsr-2027-1/dofbot_ws/install/dofbot_interfaces/share/dofbot_interfaces/msg/Telemetry.idl
-- Installing: /home/arrgusr/ROS2Dev/tsr-2027-1/dofbot_ws/install/dofbot_interfaces/share/dofbot_interfaces/msg/Telemetry.msg
-- Installing: /home/arrgusr/ROS2Dev/tsr-2027-1/dofbot_ws/install/dofbot_interfaces/share/ament_index/resource_index/package_run_dependencies/dofbot_interfaces
-- Installing: /home/arrgusr/ROS2Dev/tsr-2027-1/dofbot_ws/install/dofbot_interfaces/share/ament_index/resource_index/parent_prefix_path/dofbot_interfaces
-- Up-to-date: /home/arrgusr/ROS2Dev/tsr-2027-1/dofbot_ws/install/dofbot_interfaces/share/dofbot_interfaces/environment/ament_prefix_path.sh
-- Up-to-date: /home/arrgusr/ROS2Dev/tsr-2027-1/dofbot_ws/install/dofbot_interfaces/share/dofbot_interfaces/environment/ament_prefix_path.dsv
-- Up-to-date: /home/arrgusr/ROS2Dev/tsr-2027-1/dofbot_ws/install/dofbot_interfaces/share/dofbot_interfaces/environment/path.sh
-- Up-to-date: /home/arrgusr/ROS2Dev/tsr-2027-1/dofbot_ws/install/dofbot_interfaces/share/dofbot_interfaces/environment/path.dsv
-- Up-to-date: /home/arrgusr/ROS2Dev/tsr-2027-1/dofbot_ws/install/dofbot_interfaces/share/dofbot_interfaces/local_setup.bash
-- Up-to-date: /home/arrgusr/ROS2Dev/tsr-2027-1/dofbot_ws/install/dofbot_interfaces/share/dofbot_interfaces/local_setup.sh
-- Up-to-date: /home/arrgusr/ROS2Dev/tsr-2027-1/dofbot_ws/install/dofbot_interfaces/share/dofbot_interfaces/local_setup.zsh
-- Up-to-date: /home/arrgusr/ROS2Dev/tsr-2027-1/dofbot_ws/install/dofbot_interfaces/share/dofbot_interfaces/local_setup.dsv
-- Installing: /home/arrgusr/ROS2Dev/tsr-2027-1/dofbot_ws/install/dofbot_interfaces/share/dofbot_interfaces/package.dsv
-- Up-to-date: /home/arrgusr/ROS2Dev/tsr-2027-1/dofbot_ws/install/dofbot_interfaces/share/ament_index/resource_index/packages/dofbot_interfaces
-- Old export file "/home/arrgusr/ROS2Dev/tsr-2027-1/dofbot_ws/install/dofbot_interfaces/share/dofbot_interfaces/cmake/export_dofbot_interfaces__rosidl_generator_cExport.cmake" will be replaced.  Removing files [/home/arrgusr/ROS2Dev/tsr-2027-1/dofbot_ws/install/dofbot_interfaces/share/dofbot_interfaces/cmake/export_dofbot_interfaces__rosidl_generator_cExport-noconfig.cmake].
-- Installing: /home/arrgusr/ROS2Dev/tsr-2027-1/dofbot_ws/install/dofbot_interfaces/share/dofbot_interfaces/cmake/export_dofbot_interfaces__rosidl_generator_cExport.cmake
-- Installing: /home/arrgusr/ROS2Dev/tsr-2027-1/dofbot_ws/install/dofbot_interfaces/share/dofbot_interfaces/cmake/export_dofbot_interfaces__rosidl_generator_cExport-noconfig.cmake
-- Old export file "/home/arrgusr/ROS2Dev/tsr-2027-1/dofbot_ws/install/dofbot_interfaces/share/dofbot_interfaces/cmake/export_dofbot_interfaces__rosidl_typesupport_fastrtps_cExport.cmake" will be replaced.  Removing files [/home/arrgusr/ROS2Dev/tsr-2027-1/dofbot_ws/install/dofbot_interfaces/share/dofbot_interfaces/cmake/export_dofbot_interfaces__rosidl_typesupport_fastrtps_cExport-noconfig.cmake].
-- Installing: /home/arrgusr/ROS2Dev/tsr-2027-1/dofbot_ws/install/dofbot_interfaces/share/dofbot_interfaces/cmake/export_dofbot_interfaces__rosidl_typesupport_fastrtps_cExport.cmake
-- Installing: /home/arrgusr/ROS2Dev/tsr-2027-1/dofbot_ws/install/dofbot_interfaces/share/dofbot_interfaces/cmake/export_dofbot_interfaces__rosidl_typesupport_fastrtps_cExport-noconfig.cmake
-- Old export file "/home/arrgusr/ROS2Dev/tsr-2027-1/dofbot_ws/install/dofbot_interfaces/share/dofbot_interfaces/cmake/dofbot_interfaces__rosidl_typesupport_introspection_cExport.cmake" will be replaced.  Removing files [/home/arrgusr/ROS2Dev/tsr-2027-1/dofbot_ws/install/dofbot_interfaces/share/dofbot_interfaces/cmake/dofbot_interfaces__rosidl_typesupport_introspection_cExport-noconfig.cmake].
-- Installing: /home/arrgusr/ROS2Dev/tsr-2027-1/dofbot_ws/install/dofbot_interfaces/share/dofbot_interfaces/cmake/dofbot_interfaces__rosidl_typesupport_introspection_cExport.cmake
-- Installing: /home/arrgusr/ROS2Dev/tsr-2027-1/dofbot_ws/install/dofbot_interfaces/share/dofbot_interfaces/cmake/dofbot_interfaces__rosidl_typesupport_introspection_cExport-noconfig.cmake
-- Old export file "/home/arrgusr/ROS2Dev/tsr-2027-1/dofbot_ws/install/dofbot_interfaces/share/dofbot_interfaces/cmake/dofbot_interfaces__rosidl_typesupport_cExport.cmake" will be replaced.  Removing files [/home/arrgusr/ROS2Dev/tsr-2027-1/dofbot_ws/install/dofbot_interfaces/share/dofbot_interfaces/cmake/dofbot_interfaces__rosidl_typesupport_cExport-noconfig.cmake].
-- Installing: /home/arrgusr/ROS2Dev/tsr-2027-1/dofbot_ws/install/dofbot_interfaces/share/dofbot_interfaces/cmake/dofbot_interfaces__rosidl_typesupport_cExport.cmake
-- Installing: /home/arrgusr/ROS2Dev/tsr-2027-1/dofbot_ws/install/dofbot_interfaces/share/dofbot_interfaces/cmake/dofbot_interfaces__rosidl_typesupport_cExport-noconfig.cmake
-- Installing: /home/arrgusr/ROS2Dev/tsr-2027-1/dofbot_ws/install/dofbot_interfaces/share/dofbot_interfaces/cmake/export_dofbot_interfaces__rosidl_generator_cppExport.cmake
-- Old export file "/home/arrgusr/ROS2Dev/tsr-2027-1/dofbot_ws/install/dofbot_interfaces/share/dofbot_interfaces/cmake/export_dofbot_interfaces__rosidl_typesupport_fastrtps_cppExport.cmake" will be replaced.  Removing files [/home/arrgusr/ROS2Dev/tsr-2027-1/dofbot_ws/install/dofbot_interfaces/share/dofbot_interfaces/cmake/export_dofbot_interfaces__rosidl_typesupport_fastrtps_cppExport-noconfig.cmake].
-- Installing: /home/arrgusr/ROS2Dev/tsr-2027-1/dofbot_ws/install/dofbot_interfaces/share/dofbot_interfaces/cmake/export_dofbot_interfaces__rosidl_typesupport_fastrtps_cppExport.cmake
-- Installing: /home/arrgusr/ROS2Dev/tsr-2027-1/dofbot_ws/install/dofbot_interfaces/share/dofbot_interfaces/cmake/export_dofbot_interfaces__rosidl_typesupport_fastrtps_cppExport-noconfig.cmake
-- Old export file "/home/arrgusr/ROS2Dev/tsr-2027-1/dofbot_ws/install/dofbot_interfaces/share/dofbot_interfaces/cmake/dofbot_interfaces__rosidl_typesupport_introspection_cppExport.cmake" will be replaced.  Removing files [/home/arrgusr/ROS2Dev/tsr-2027-1/dofbot_ws/install/dofbot_interfaces/share/dofbot_interfaces/cmake/dofbot_interfaces__rosidl_typesupport_introspection_cppExport-noconfig.cmake].
-- Installing: /home/arrgusr/ROS2Dev/tsr-2027-1/dofbot_ws/install/dofbot_interfaces/share/dofbot_interfaces/cmake/dofbot_interfaces__rosidl_typesupport_introspection_cppExport.cmake
-- Installing: /home/arrgusr/ROS2Dev/tsr-2027-1/dofbot_ws/install/dofbot_interfaces/share/dofbot_interfaces/cmake/dofbot_interfaces__rosidl_typesupport_introspection_cppExport-noconfig.cmake
-- Old export file "/home/arrgusr/ROS2Dev/tsr-2027-1/dofbot_ws/install/dofbot_interfaces/share/dofbot_interfaces/cmake/dofbot_interfaces__rosidl_typesupport_cppExport.cmake" will be replaced.  Removing files [/home/arrgusr/ROS2Dev/tsr-2027-1/dofbot_ws/install/dofbot_interfaces/share/dofbot_interfaces/cmake/dofbot_interfaces__rosidl_typesupport_cppExport-noconfig.cmake].
-- Installing: /home/arrgusr/ROS2Dev/tsr-2027-1/dofbot_ws/install/dofbot_interfaces/share/dofbot_interfaces/cmake/dofbot_interfaces__rosidl_typesupport_cppExport.cmake
-- Installing: /home/arrgusr/ROS2Dev/tsr-2027-1/dofbot_ws/install/dofbot_interfaces/share/dofbot_interfaces/cmake/dofbot_interfaces__rosidl_typesupport_cppExport-noconfig.cmake
-- Up-to-date: /home/arrgusr/ROS2Dev/tsr-2027-1/dofbot_ws/install/dofbot_interfaces/share/dofbot_interfaces/cmake/export_dofbot_interfaces__rosidl_generator_pyExport.cmake
-- Installing: /home/arrgusr/ROS2Dev/tsr-2027-1/dofbot_ws/install/dofbot_interfaces/share/dofbot_interfaces/cmake/export_dofbot_interfaces__rosidl_generator_pyExport-noconfig.cmake
-- Up-to-date: /home/arrgusr/ROS2Dev/tsr-2027-1/dofbot_ws/install/dofbot_interfaces/share/dofbot_interfaces/cmake/rosidl_cmake-extras.cmake
-- Installing: /home/arrgusr/ROS2Dev/tsr-2027-1/dofbot_ws/install/dofbot_interfaces/share/dofbot_interfaces/cmake/ament_cmake_export_dependencies-extras.cmake
-- Up-to-date: /home/arrgusr/ROS2Dev/tsr-2027-1/dofbot_ws/install/dofbot_interfaces/share/dofbot_interfaces/cmake/ament_cmake_export_include_directories-extras.cmake
-- Up-to-date: /home/arrgusr/ROS2Dev/tsr-2027-1/dofbot_ws/install/dofbot_interfaces/share/dofbot_interfaces/cmake/ament_cmake_export_libraries-extras.cmake
-- Up-to-date: /home/arrgusr/ROS2Dev/tsr-2027-1/dofbot_ws/install/dofbot_interfaces/share/dofbot_interfaces/cmake/ament_cmake_export_targets-extras.cmake
-- Up-to-date: /home/arrgusr/ROS2Dev/tsr-2027-1/dofbot_ws/install/dofbot_interfaces/share/dofbot_interfaces/cmake/rosidl_cmake_export_typesupport_targets-extras.cmake
-- Up-to-date: /home/arrgusr/ROS2Dev/tsr-2027-1/dofbot_ws/install/dofbot_interfaces/share/dofbot_interfaces/cmake/rosidl_cmake_export_typesupport_libraries-extras.cmake
-- Up-to-date: /home/arrgusr/ROS2Dev/tsr-2027-1/dofbot_ws/install/dofbot_interfaces/share/dofbot_interfaces/cmake/rosidl_cmake_aggregate_target-extras.cmake
-- Installing: /home/arrgusr/ROS2Dev/tsr-2027-1/dofbot_ws/install/dofbot_interfaces/share/dofbot_interfaces/cmake/dofbot_interfacesConfig.cmake
-- Up-to-date: /home/arrgusr/ROS2Dev/tsr-2027-1/dofbot_ws/install/dofbot_interfaces/share/dofbot_interfaces/cmake/dofbot_interfacesConfig-version.cmake
-- Installing: /home/arrgusr/ROS2Dev/tsr-2027-1/dofbot_ws/install/dofbot_interfaces/share/dofbot_interfaces/package.xml
