[0.022s] Invoking command in '/home/arrgusr/ROS2Dev/tsr-2027-1/dofbot_ws/build/dofbot_interfaces': CMAKE_PREFIX_PATH=${CMAKE_PREFIX_PATH}:/home/arrgusr/ROS2Dev/tsr-2027-1/dofbot_ws/install/primer_py:/home/arrgusr/ROS2Dev/tsr-2027-1/dofbot_ws/install/dofbot_telemetry:/opt/ros/jazzy DEBUGINFOD_URLS=https://debuginfod.ubuntu.com /usr/bin/cmake --build /home/arrgusr/ROS2Dev/tsr-2027-1/dofbot_ws/build/dofbot_interfaces -- -j2 -l2
[0.108s] -- Found ament_cmake: 2.5.6 (/opt/ros/jazzy/share/ament_cmake/cmake)
[0.434s] -- Found rosidl_default_generators: 1.6.1 (/opt/ros/jazzy/share/rosidl_default_generators/cmake)
[0.440s] -- Using all available rosidl_typesupport_c: rosidl_typesupport_fastrtps_c;rosidl_typesupport_introspection_c
[0.496s] -- Using all available rosidl_typesupport_cpp: rosidl_typesupport_fastrtps_cpp;rosidl_typesupport_introspection_cpp
[0.554s] -- Found rosidl_adapter: 4.6.9 (/opt/ros/jazzy/share/rosidl_adapter/cmake)
[0.565s] -- Found geometry_msgs: 5.3.8 (/opt/ros/jazzy/share/geometry_msgs/cmake)
[1.472s] -- Found ament_cmake_ros: 0.12.1 (/opt/ros/jazzy/share/ament_cmake_ros/cmake)
[2.016s] -- Using all available rosidl_typesupport_c: rosidl_typesupport_fastrtps_c;rosidl_typesupport_introspection_c
[2.683s] -- Using all available rosidl_typesupport_cpp: rosidl_typesupport_fastrtps_cpp;rosidl_typesupport_introspection_cpp
[2.686s] -- Found python_cmake_module: 0.11.1 (/opt/ros/jazzy/share/python_cmake_module/cmake)
[3.317s] -- Found Python3: /home/arrgusr/.pyenv/shims/python3 (found version "3.12.3") found components: Interpreter Development NumPy Development.Module Development.Embed 
[3.519s] -- Found Python3: /home/arrgusr/.pyenv/shims/python3 (found version "3.12.3") found components: Interpreter 
[3.545s] -- Configuring done (3.4s)
[3.627s] -- Generating done (0.1s)
[3.643s] -- Build files have been written to: /home/arrgusr/ROS2Dev/tsr-2027-1/dofbot_ws/build/dofbot_interfaces
[3.692s] [  2%] [34m[1mGenerating type hashes for ROS interfaces[0m
[3.692s] [  5%] [34m[1mGenerating Rust code for ROS interfaces[0m
[4.085s] [  5%] Built target dofbot_interfaces__rosidl_generator_type_description
[4.155s] [  5%] Built target ament_cmake_python_copy_dofbot_interfaces
[4.171s] [  5%] Built target dofbot_interfaces__rs
[4.171s] [  8%] [34m[1mGenerating C code for ROS interfaces[0m
[4.202s] [ 11%] [34m[1mGenerating C++ code for ROS interfaces[0m
[4.690s] [ 11%] Built target dofbot_interfaces__cpp
[4.773s] [ 14%] [32mBuilding C object CMakeFiles/dofbot_interfaces__rosidl_generator_c.dir/rosidl_generator_c/dofbot_interfaces/msg/detail/telemetry__description.c.o[0m
[4.895s] [ 17%] [32mBuilding C object CMakeFiles/dofbot_interfaces__rosidl_generator_c.dir/rosidl_generator_c/dofbot_interfaces/msg/detail/telemetry__functions.c.o[0m
[4.948s] [ 20%] [32mBuilding C object CMakeFiles/dofbot_interfaces__rosidl_generator_c.dir/rosidl_generator_c/dofbot_interfaces/msg/detail/telemetry__type_support.c.o[0m
[4.997s] [ 22%] [32m[1mLinking C shared library libdofbot_interfaces__rosidl_generator_c.so[0m
[5.090s] [ 22%] Built target dofbot_interfaces__rosidl_generator_c
[5.107s] [ 25%] [34m[1mGenerating C type support for eProsima Fast-RTPS[0m
[5.156s] running egg_info
[5.185s] writing dofbot_interfaces.egg-info/PKG-INFO
[5.186s] writing dependency_links to dofbot_interfaces.egg-info/dependency_links.txt
[5.186s] writing top-level names to dofbot_interfaces.egg-info/top_level.txt
[5.291s] reading manifest file 'dofbot_interfaces.egg-info/SOURCES.txt'
[5.292s] writing manifest file 'dofbot_interfaces.egg-info/SOURCES.txt'
[5.328s] [ 25%] Built target ament_cmake_python_build_dofbot_interfaces_egg
[5.346s] [ 28%] [34m[1mGenerating C introspection for ROS interfaces[0m
[5.618s] [ 31%] [32mBuilding CXX object CMakeFiles/dofbot_interfaces__rosidl_typesupport_fastrtps_c.dir/rosidl_typesupport_fastrtps_c/dofbot_interfaces/msg/detail/telemetry__type_support_c.cpp.o[0m
[5.840s] [ 34%] [32mBuilding C object CMakeFiles/dofbot_interfaces__rosidl_typesupport_introspection_c.dir/rosidl_typesupport_introspection_c/dofbot_interfaces/msg/detail/telemetry__type_support.c.o[0m
[5.890s] [ 37%] [32m[1mLinking C shared library libdofbot_interfaces__rosidl_typesupport_introspection_c.so[0m
[5.938s] [ 37%] Built target dofbot_interfaces__rosidl_typesupport_introspection_c
[5.960s] [ 40%] [34m[1mGenerating C type support dispatch for ROS interfaces[0m
[6.281s] [ 42%] [32m[1mLinking CXX shared library libdofbot_interfaces__rosidl_typesupport_fastrtps_c.so[0m
[6.406s] [ 42%] Built target dofbot_interfaces__rosidl_typesupport_fastrtps_c
[6.414s] [ 45%] [32mBuilding CXX object CMakeFiles/dofbot_interfaces__rosidl_typesupport_c.dir/rosidl_typesupport_c/dofbot_interfaces/msg/telemetry__type_support.cpp.o[0m
[6.420s] [ 48%] [34m[1mGenerating C++ type support for eProsima Fast-RTPS[0m
[6.488s] [ 51%] [32m[1mLinking CXX shared library libdofbot_interfaces__rosidl_typesupport_c.so[0m
[6.545s] [ 51%] Built target dofbot_interfaces__rosidl_typesupport_c
[6.565s] [ 54%] [34m[1mGenerating C++ introspection for ROS interfaces[0m
[6.896s] [ 57%] [32mBuilding CXX object CMakeFiles/dofbot_interfaces__rosidl_typesupport_fastrtps_cpp.dir/rosidl_typesupport_fastrtps_cpp/dofbot_interfaces/msg/detail/dds_fastrtps/telemetry__type_support.cpp.o[0m
[7.018s] [ 60%] [32mBuilding CXX object CMakeFiles/dofbot_interfaces__rosidl_typesupport_introspection_cpp.dir/rosidl_typesupport_introspection_cpp/dofbot_interfaces/msg/detail/telemetry__type_support.cpp.o[0m
[7.417s] [ 62%] [32m[1mLinking CXX shared library libdofbot_interfaces__rosidl_typesupport_introspection_cpp.so[0m
[7.470s] [ 65%] [32m[1mLinking CXX shared library libdofbot_interfaces__rosidl_typesupport_fastrtps_cpp.so[0m
[7.501s] [ 65%] Built target dofbot_interfaces__rosidl_typesupport_introspection_cpp
[7.516s] [ 68%] [34m[1mGenerating C++ type support dispatch for ROS interfaces[0m
[7.573s] [ 68%] Built target dofbot_interfaces__rosidl_typesupport_fastrtps_cpp
[7.859s] [ 71%] [32mBuilding CXX object CMakeFiles/dofbot_interfaces__rosidl_typesupport_cpp.dir/rosidl_typesupport_cpp/dofbot_interfaces/msg/telemetry__type_support.cpp.o[0m
[8.143s] [ 74%] [32m[1mLinking CXX shared library libdofbot_interfaces__rosidl_typesupport_cpp.so[0m
[8.203s] [ 74%] Built target dofbot_interfaces__rosidl_typesupport_cpp
[8.242s] [ 74%] Built target dofbot_interfaces
[8.284s] [ 77%] [34m[1mGenerating Python code for ROS interfaces[0m
[8.667s] [ 77%] Built target dofbot_interfaces__py
[8.708s] [ 80%] [32mBuilding C object CMakeFiles/dofbot_interfaces__rosidl_generator_py.dir/rosidl_generator_py/dofbot_interfaces/msg/_telemetry_s.c.o[0m
[8.925s] [ 82%] [32m[1mLinking C shared library libdofbot_interfaces__rosidl_generator_py.so[0m
[8.989s] [ 82%] Built target dofbot_interfaces__rosidl_generator_py
[9.022s] [ 85%] [32mBuilding C object CMakeFiles/dofbot_interfaces_s__rosidl_typesupport_fastrtps_c.dir/rosidl_generator_py/dofbot_interfaces/_dofbot_interfaces_s.ep.rosidl_typesupport_fastrtps_c.c.o[0m
[9.022s] [ 88%] [32mBuilding C object CMakeFiles/dofbot_interfaces_s__rosidl_typesupport_introspection_c.dir/rosidl_generator_py/dofbot_interfaces/_dofbot_interfaces_s.ep.rosidl_typesupport_introspection_c.c.o[0m
[9.153s] [ 94%] [32m[1mLinking C shared module rosidl_generator_py/dofbot_interfaces/dofbot_interfaces_s__rosidl_typesupport_introspection_c.so[0m
[9.153s] [ 94%] [32m[1mLinking C shared module rosidl_generator_py/dofbot_interfaces/dofbot_interfaces_s__rosidl_typesupport_fastrtps_c.so[0m
[9.207s] [ 94%] Built target dofbot_interfaces_s__rosidl_typesupport_introspection_c
[9.214s] [ 94%] Built target dofbot_interfaces_s__rosidl_typesupport_fastrtps_c
[9.247s] [ 97%] [32mBuilding C object CMakeFiles/dofbot_interfaces_s__rosidl_typesupport_c.dir/rosidl_generator_py/dofbot_interfaces/_dofbot_interfaces_s.ep.rosidl_typesupport_c.c.o[0m
[9.344s] [100%] [32m[1mLinking C shared module rosidl_generator_py/dofbot_interfaces/dofbot_interfaces_s__rosidl_typesupport_c.so[0m
[9.393s] [100%] Built target dofbot_interfaces_s__rosidl_typesupport_c
[9.418s] Invoked command in '/home/arrgusr/ROS2Dev/tsr-2027-1/dofbot_ws/build/dofbot_interfaces' returned '0': CMAKE_PREFIX_PATH=${CMAKE_PREFIX_PATH}:/home/arrgusr/ROS2Dev/tsr-2027-1/dofbot_ws/install/primer_py:/home/arrgusr/ROS2Dev/tsr-2027-1/dofbot_ws/install/dofbot_telemetry:/opt/ros/jazzy DEBUGINFOD_URLS=https://debuginfod.ubuntu.com /usr/bin/cmake --build /home/arrgusr/ROS2Dev/tsr-2027-1/dofbot_ws/build/dofbot_interfaces -- -j2 -l2
[9.430s] Invoking command in '/home/arrgusr/ROS2Dev/tsr-2027-1/dofbot_ws/build/dofbot_interfaces': CMAKE_PREFIX_PATH=${CMAKE_PREFIX_PATH}:/home/arrgusr/ROS2Dev/tsr-2027-1/dofbot_ws/install/primer_py:/home/arrgusr/ROS2Dev/tsr-2027-1/dofbot_ws/install/dofbot_telemetry:/opt/ros/jazzy DEBUGINFOD_URLS=https://debuginfod.ubuntu.com /usr/bin/cmake --install /home/arrgusr/ROS2Dev/tsr-2027-1/dofbot_ws/build/dofbot_interfaces
[9.440s] -- Install configuration: ""
[9.440s] -- Up-to-date: /home/arrgusr/ROS2Dev/tsr-2027-1/dofbot_ws/install/dofbot_interfaces/share/ament_index/resource_index/rosidl_interfaces/dofbot_interfaces
[9.441s] -- Installing: /home/arrgusr/ROS2Dev/tsr-2027-1/dofbot_ws/install/dofbot_interfaces/share/dofbot_interfaces/msg/Telemetry.json
[9.442s] -- Up-to-date: /home/arrgusr/ROS2Dev/tsr-2027-1/dofbot_ws/install/dofbot_interfaces/include/dofbot_interfaces/dofbot_interfaces
[9.443s] -- Up-to-date: /home/arrgusr/ROS2Dev/tsr-2027-1/dofbot_ws/install/dofbot_interfaces/include/dofbot_interfaces/dofbot_interfaces/msg
[9.444s] -- Installing: /home/arrgusr/ROS2Dev/tsr-2027-1/dofbot_ws/install/dofbot_interfaces/include/dofbot_interfaces/dofbot_interfaces/msg/telemetry.h
[9.444s] -- Up-to-date: /home/arrgusr/ROS2Dev/tsr-2027-1/dofbot_ws/install/dofbot_interfaces/include/dofbot_interfaces/dofbot_interfaces/msg/rosidl_generator_c__visibility_control.h
[9.444s] -- Up-to-date: /home/arrgusr/ROS2Dev/tsr-2027-1/dofbot_ws/install/dofbot_interfaces/include/dofbot_interfaces/dofbot_interfaces/msg/detail
[9.445s] -- Installing: /home/arrgusr/ROS2Dev/tsr-2027-1/dofbot_ws/install/dofbot_interfaces/include/dofbot_interfaces/dofbot_interfaces/msg/detail/telemetry__type_support.h
[9.446s] -- Installing: /home/arrgusr/ROS2Dev/tsr-2027-1/dofbot_ws/install/dofbot_interfaces/include/dofbot_interfaces/dofbot_interfaces/msg/detail/telemetry__struct.h
[9.446s] -- Installing: /home/arrgusr/ROS2Dev/tsr-2027-1/dofbot_ws/install/dofbot_interfaces/include/dofbot_interfaces/dofbot_interfaces/msg/detail/telemetry__type_support.c
[9.447s] -- Installing: /home/arrgusr/ROS2Dev/tsr-2027-1/dofbot_ws/install/dofbot_interfaces/include/dofbot_interfaces/dofbot_interfaces/msg/detail/telemetry__functions.c
[9.447s] -- Installing: /home/arrgusr/ROS2Dev/tsr-2027-1/dofbot_ws/install/dofbot_interfaces/include/dofbot_interfaces/dofbot_interfaces/msg/detail/telemetry__description.c
[9.447s] -- Installing: /home/arrgusr/ROS2Dev/tsr-2027-1/dofbot_ws/install/dofbot_interfaces/include/dofbot_interfaces/dofbot_interfaces/msg/detail/telemetry__functions.h
[9.448s] -- Up-to-date: /home/arrgusr/ROS2Dev/tsr-2027-1/dofbot_ws/install/dofbot_interfaces/share/dofbot_interfaces/environment/library_path.sh
[9.448s] -- Up-to-date: /home/arrgusr/ROS2Dev/tsr-2027-1/dofbot_ws/install/dofbot_interfaces/share/dofbot_interfaces/environment/library_path.dsv
[9.449s] -- Installing: /home/arrgusr/ROS2Dev/tsr-2027-1/dofbot_ws/install/dofbot_interfaces/lib/libdofbot_interfaces__rosidl_generator_c.so
[9.451s] -- Set non-toolchain portion of runtime path of "/home/arrgusr/ROS2Dev/tsr-2027-1/dofbot_ws/install/dofbot_interfaces/lib/libdofbot_interfaces__rosidl_generator_c.so" to ""
[9.452s] -- Up-to-date: /home/arrgusr/ROS2Dev/tsr-2027-1/dofbot_ws/install/dofbot_interfaces/include/dofbot_interfaces/dofbot_interfaces
[9.452s] -- Up-to-date: /home/arrgusr/ROS2Dev/tsr-2027-1/dofbot_ws/install/dofbot_interfaces/include/dofbot_interfaces/dofbot_interfaces/msg
[9.452s] -- Up-to-date: /home/arrgusr/ROS2Dev/tsr-2027-1/dofbot_ws/install/dofbot_interfaces/include/dofbot_interfaces/dofbot_interfaces/msg/rosidl_typesupport_fastrtps_c__visibility_control.h
[9.452s] -- Up-to-date: /home/arrgusr/ROS2Dev/tsr-2027-1/dofbot_ws/install/dofbot_interfaces/include/dofbot_interfaces/dofbot_interfaces/msg/detail
[9.453s] -- Installing: /home/arrgusr/ROS2Dev/tsr-2027-1/dofbot_ws/install/dofbot_interfaces/include/dofbot_interfaces/dofbot_interfaces/msg/detail/telemetry__rosidl_typesupport_fastrtps_c.h
[9.453s] -- Installing: /home/arrgusr/ROS2Dev/tsr-2027-1/dofbot_ws/install/dofbot_interfaces/lib/libdofbot_interfaces__rosidl_typesupport_fastrtps_c.so
[9.454s] -- Set non-toolchain portion of runtime path of "/home/arrgusr/ROS2Dev/tsr-2027-1/dofbot_ws/install/dofbot_interfaces/lib/libdofbot_interfaces__rosidl_typesupport_fastrtps_c.so" to ""
[9.456s] -- Up-to-date: /home/arrgusr/ROS2Dev/tsr-2027-1/dofbot_ws/install/dofbot_interfaces/include/dofbot_interfaces/dofbot_interfaces
[9.456s] -- Up-to-date: /home/arrgusr/ROS2Dev/tsr-2027-1/dofbot_ws/install/dofbot_interfaces/include/dofbot_interfaces/dofbot_interfaces/msg
[9.456s] -- Up-to-date: /home/arrgusr/ROS2Dev/tsr-2027-1/dofbot_ws/install/dofbot_interfaces/include/dofbot_interfaces/dofbot_interfaces/msg/rosidl_typesupport_introspection_c__visibility_control.h
[9.456s] -- Up-to-date: /home/arrgusr/ROS2Dev/tsr-2027-1/dofbot_ws/install/dofbot_interfaces/include/dofbot_interfaces/dofbot_interfaces/msg/detail
[9.456s] -- Installing: /home/arrgusr/ROS2Dev/tsr-2027-1/dofbot_ws/install/dofbot_interfaces/include/dofbot_interfaces/dofbot_interfaces/msg/detail/telemetry__type_support.c
[9.456s] -- Installing: /home/arrgusr/ROS2Dev/tsr-2027-1/dofbot_ws/install/dofbot_interfaces/include/dofbot_interfaces/dofbot_interfaces/msg/detail/telemetry__rosidl_typesupport_introspection_c.h
[9.457s] -- Installing: /home/arrgusr/ROS2Dev/tsr-2027-1/dofbot_ws/install/dofbot_interfaces/lib/libdofbot_interfaces__rosidl_typesupport_introspection_c.so
[9.457s] -- Set non-toolchain portion of runtime path of "/home/arrgusr/ROS2Dev/tsr-2027-1/dofbot_ws/install/dofbot_interfaces/lib/libdofbot_interfaces__rosidl_typesupport_introspection_c.so" to ""
[9.457s] -- Installing: /home/arrgusr/ROS2Dev/tsr-2027-1/dofbot_ws/install/dofbot_interfaces/lib/libdofbot_interfaces__rosidl_typesupport_c.so
[9.457s] -- Set non-toolchain portion of runtime path of "/home/arrgusr/ROS2Dev/tsr-2027-1/dofbot_ws/install/dofbot_interfaces/lib/libdofbot_interfaces__rosidl_typesupport_c.so" to ""
[9.457s] -- Up-to-date: /home/arrgusr/ROS2Dev/tsr-2027-1/dofbot_ws/install/dofbot_interfaces/include/dofbot_interfaces/dofbot_interfaces
[9.458s] -- Up-to-date: /home/arrgusr/ROS2Dev/tsr-2027-1/dofbot_ws/install/dofbot_interfaces/include/dofbot_interfaces/dofbot_interfaces/msg
[9.458s] -- Installing: /home/arrgusr/ROS2Dev/tsr-2027-1/dofbot_ws/install/dofbot_interfaces/include/dofbot_interfaces/dofbot_interfaces/msg/rosidl_generator_cpp__visibility_control.hpp
[9.460s] -- Installing: /home/arrgusr/ROS2Dev/tsr-2027-1/dofbot_ws/install/dofbot_interfaces/include/dofbot_interfaces/dofbot_interfaces/msg/telemetry.hpp
[9.460s] -- Up-to-date: /home/arrgusr/ROS2Dev/tsr-2027-1/dofbot_ws/install/dofbot_interfaces/include/dofbot_interfaces/dofbot_interfaces/msg/detail
[9.460s] -- Installing: /home/arrgusr/ROS2Dev/tsr-2027-1/dofbot_ws/install/dofbot_interfaces/include/dofbot_interfaces/dofbot_interfaces/msg/detail/telemetry__traits.hpp
[9.460s] -- Installing: /home/arrgusr/ROS2Dev/tsr-2027-1/dofbot_ws/install/dofbot_interfaces/include/dofbot_interfaces/dofbot_interfaces/msg/detail/telemetry__builder.hpp
[9.460s] -- Installing: /home/arrgusr/ROS2Dev/tsr-2027-1/dofbot_ws/install/dofbot_interfaces/include/dofbot_interfaces/dofbot_interfaces/msg/detail/telemetry__struct.hpp
[9.460s] -- Installing: /home/arrgusr/ROS2Dev/tsr-2027-1/dofbot_ws/install/dofbot_interfaces/include/dofbot_interfaces/dofbot_interfaces/msg/detail/telemetry__type_support.hpp
[9.460s] -- Up-to-date: /home/arrgusr/ROS2Dev/tsr-2027-1/dofbot_ws/install/dofbot_interfaces/include/dofbot_interfaces/dofbot_interfaces
[9.460s] -- Up-to-date: /home/arrgusr/ROS2Dev/tsr-2027-1/dofbot_ws/install/dofbot_interfaces/include/dofbot_interfaces/dofbot_interfaces/msg
[9.460s] -- Up-to-date: /home/arrgusr/ROS2Dev/tsr-2027-1/dofbot_ws/install/dofbot_interfaces/include/dofbot_interfaces/dofbot_interfaces/msg/rosidl_typesupport_fastrtps_cpp__visibility_control.h
[9.460s] -- Up-to-date: /home/arrgusr/ROS2Dev/tsr-2027-1/dofbot_ws/install/dofbot_interfaces/include/dofbot_interfaces/dofbot_interfaces/msg/detail
[9.460s] -- Up-to-date: /home/arrgusr/ROS2Dev/tsr-2027-1/dofbot_ws/install/dofbot_interfaces/include/dofbot_interfaces/dofbot_interfaces/msg/detail/dds_fastrtps
[9.460s] -- Installing: /home/arrgusr/ROS2Dev/tsr-2027-1/dofbot_ws/install/dofbot_interfaces/include/dofbot_interfaces/dofbot_interfaces/msg/detail/telemetry__rosidl_typesupport_fastrtps_cpp.hpp
[9.463s] -- Installing: /home/arrgusr/ROS2Dev/tsr-2027-1/dofbot_ws/install/dofbot_interfaces/lib/libdofbot_interfaces__rosidl_typesupport_fastrtps_cpp.so
[9.463s] -- Set non-toolchain portion of runtime path of "/home/arrgusr/ROS2Dev/tsr-2027-1/dofbot_ws/install/dofbot_interfaces/lib/libdofbot_interfaces__rosidl_typesupport_fastrtps_cpp.so" to ""
[9.463s] -- Up-to-date: /home/arrgusr/ROS2Dev/tsr-2027-1/dofbot_ws/install/dofbot_interfaces/include/dofbot_interfaces/dofbot_interfaces
[9.463s] -- Up-to-date: /home/arrgusr/ROS2Dev/tsr-2027-1/dofbot_ws/install/dofbot_interfaces/include/dofbot_interfaces/dofbot_interfaces/msg
[9.463s] -- Up-to-date: /home/arrgusr/ROS2Dev/tsr-2027-1/dofbot_ws/install/dofbot_interfaces/include/dofbot_interfaces/dofbot_interfaces/msg/detail
[9.463s] -- Installing: /home/arrgusr/ROS2Dev/tsr-2027-1/dofbot_ws/install/dofbot_interfaces/include/dofbot_interfaces/dofbot_interfaces/msg/detail/telemetry__rosidl_typesupport_introspection_cpp.hpp
[9.463s] -- Installing: /home/arrgusr/ROS2Dev/tsr-2027-1/dofbot_ws/install/dofbot_interfaces/include/dofbot_interfaces/dofbot_interfaces/msg/detail/telemetry__type_support.cpp
[9.463s] -- Installing: /home/arrgusr/ROS2Dev/tsr-2027-1/dofbot_ws/install/dofbot_interfaces/lib/libdofbot_interfaces__rosidl_typesupport_introspection_cpp.so
[9.463s] -- Set non-toolchain portion of runtime path of "/home/arrgusr/ROS2Dev/tsr-2027-1/dofbot_ws/install/dofbot_interfaces/lib/libdofbot_interfaces__rosidl_typesupport_introspection_cpp.so" to ""
[9.464s] -- Installing: /home/arrgusr/ROS2Dev/tsr-2027-1/dofbot_ws/install/dofbot_interfaces/lib/libdofbot_interfaces__rosidl_typesupport_cpp.so
[9.466s] -- Set non-toolchain portion of runtime path of "/home/arrgusr/ROS2Dev/tsr-2027-1/dofbot_ws/install/dofbot_interfaces/lib/libdofbot_interfaces__rosidl_typesupport_cpp.so" to ""
[9.466s] -- Up-to-date: /home/arrgusr/ROS2Dev/tsr-2027-1/dofbot_ws/install/dofbot_interfaces/share/dofbot_interfaces/environment/pythonpath.sh
[9.467s] -- Up-to-date: /home/arrgusr/ROS2Dev/tsr-2027-1/dofbot_ws/install/dofbot_interfaces/share/dofbot_interfaces/environment/pythonpath.dsv
[9.467s] -- Up-to-date: /home/arrgusr/ROS2Dev/tsr-2027-1/dofbot_ws/install/dofbot_interfaces/lib/python3.12/site-packages/dofbot_interfaces-0.0.0-py3.12.egg-info
[9.469s] -- Installing: /home/arrgusr/ROS2Dev/tsr-2027-1/dofbot_ws/install/dofbot_interfaces/lib/python3.12/site-packages/dofbot_interfaces-0.0.0-py3.12.egg-info/PKG-INFO
[9.469s] -- Installing: /home/arrgusr/ROS2Dev/tsr-2027-1/dofbot_ws/install/dofbot_interfaces/lib/python3.12/site-packages/dofbot_interfaces-0.0.0-py3.12.egg-info/SOURCES.txt
[9.471s] -- Installing: /home/arrgusr/ROS2Dev/tsr-2027-1/dofbot_ws/install/dofbot_interfaces/lib/python3.12/site-packages/dofbot_interfaces-0.0.0-py3.12.egg-info/top_level.txt
[9.472s] -- Installing: /home/arrgusr/ROS2Dev/tsr-2027-1/dofbot_ws/install/dofbot_interfaces/lib/python3.12/site-packages/dofbot_interfaces-0.0.0-py3.12.egg-info/dependency_links.txt
[9.473s] -- Up-to-date: /home/arrgusr/ROS2Dev/tsr-2027-1/dofbot_ws/install/dofbot_interfaces/lib/python3.12/site-packages/dofbot_interfaces
[9.473s] -- Installing: /home/arrgusr/ROS2Dev/tsr-2027-1/dofbot_ws/install/dofbot_interfaces/lib/python3.12/site-packages/dofbot_interfaces/__init__.py
[9.473s] -- Installing: /home/arrgusr/ROS2Dev/tsr-2027-1/dofbot_ws/install/dofbot_interfaces/lib/python3.12/site-packages/dofbot_interfaces/dofbot_interfaces_s__rosidl_typesupport_c.so
[9.474s] -- Installing: /home/arrgusr/ROS2Dev/tsr-2027-1/dofbot_ws/install/dofbot_interfaces/lib/python3.12/site-packages/dofbot_interfaces/dofbot_interfaces_s__rosidl_typesupport_introspection_c.so
[9.474s] -- Installing: /home/arrgusr/ROS2Dev/tsr-2027-1/dofbot_ws/install/dofbot_interfaces/lib/python3.12/site-packages/dofbot_interfaces/_dofbot_interfaces_s.ep.rosidl_typesupport_fastrtps_c.c
[9.474s] -- Installing: /home/arrgusr/ROS2Dev/tsr-2027-1/dofbot_ws/install/dofbot_interfaces/lib/python3.12/site-packages/dofbot_interfaces/_dofbot_interfaces_s.ep.rosidl_typesupport_c.c
[9.474s] -- Up-to-date: /home/arrgusr/ROS2Dev/tsr-2027-1/dofbot_ws/install/dofbot_interfaces/lib/python3.12/site-packages/dofbot_interfaces/msg
[9.475s] -- Installing: /home/arrgusr/ROS2Dev/tsr-2027-1/dofbot_ws/install/dofbot_interfaces/lib/python3.12/site-packages/dofbot_interfaces/msg/__init__.py
[9.475s] -- Installing: /home/arrgusr/ROS2Dev/tsr-2027-1/dofbot_ws/install/dofbot_interfaces/lib/python3.12/site-packages/dofbot_interfaces/msg/_telemetry.py
[9.475s] -- Installing: /home/arrgusr/ROS2Dev/tsr-2027-1/dofbot_ws/install/dofbot_interfaces/lib/python3.12/site-packages/dofbot_interfaces/msg/_telemetry_s.c
[9.476s] -- Installing: /home/arrgusr/ROS2Dev/tsr-2027-1/dofbot_ws/install/dofbot_interfaces/lib/python3.12/site-packages/dofbot_interfaces/_dofbot_interfaces_s.ep.rosidl_typesupport_introspection_c.c
[9.476s] -- Installing: /home/arrgusr/ROS2Dev/tsr-2027-1/dofbot_ws/install/dofbot_interfaces/lib/python3.12/site-packages/dofbot_interfaces/dofbot_interfaces_s__rosidl_typesupport_fastrtps_c.so
[9.617s] Listing '/home/arrgusr/ROS2Dev/tsr-2027-1/dofbot_ws/install/dofbot_interfaces/lib/python3.12/site-packages/dofbot_interfaces'...
[9.617s] Compiling '/home/arrgusr/ROS2Dev/tsr-2027-1/dofbot_ws/install/dofbot_interfaces/lib/python3.12/site-packages/dofbot_interfaces/__init__.py'...
[9.617s] Listing '/home/arrgusr/ROS2Dev/tsr-2027-1/dofbot_ws/install/dofbot_interfaces/lib/python3.12/site-packages/dofbot_interfaces/msg'...
[9.618s] Compiling '/home/arrgusr/ROS2Dev/tsr-2027-1/dofbot_ws/install/dofbot_interfaces/lib/python3.12/site-packages/dofbot_interfaces/msg/__init__.py'...
[9.618s] Compiling '/home/arrgusr/ROS2Dev/tsr-2027-1/dofbot_ws/install/dofbot_interfaces/lib/python3.12/site-packages/dofbot_interfaces/msg/_telemetry.py'...
[9.630s] -- Installing: /home/arrgusr/ROS2Dev/tsr-2027-1/dofbot_ws/install/dofbot_interfaces/lib/python3.12/site-packages/dofbot_interfaces/dofbot_interfaces_s__rosidl_typesupport_fastrtps_c.so
[9.631s] -- Set non-toolchain portion of runtime path of "/home/arrgusr/ROS2Dev/tsr-2027-1/dofbot_ws/install/dofbot_interfaces/lib/python3.12/site-packages/dofbot_interfaces/dofbot_interfaces_s__rosidl_typesupport_fastrtps_c.so" to ""
[9.632s] -- Installing: /home/arrgusr/ROS2Dev/tsr-2027-1/dofbot_ws/install/dofbot_interfaces/lib/python3.12/site-packages/dofbot_interfaces/dofbot_interfaces_s__rosidl_typesupport_introspection_c.so
[9.633s] -- Set non-toolchain portion of runtime path of "/home/arrgusr/ROS2Dev/tsr-2027-1/dofbot_ws/install/dofbot_interfaces/lib/python3.12/site-packages/dofbot_interfaces/dofbot_interfaces_s__rosidl_typesupport_introspection_c.so" to ""
[9.634s] -- Installing: /home/arrgusr/ROS2Dev/tsr-2027-1/dofbot_ws/install/dofbot_interfaces/lib/python3.12/site-packages/dofbot_interfaces/dofbot_interfaces_s__rosidl_typesupport_c.so
[9.635s] -- Set non-toolchain portion of runtime path of "/home/arrgusr/ROS2Dev/tsr-2027-1/dofbot_ws/install/dofbot_interfaces/lib/python3.12/site-packages/dofbot_interfaces/dofbot_interfaces_s__rosidl_typesupport_c.so" to ""
[9.636s] -- Installing: /home/arrgusr/ROS2Dev/tsr-2027-1/dofbot_ws/install/dofbot_interfaces/lib/libdofbot_interfaces__rosidl_generator_py.so
[9.636s] -- Set non-toolchain portion of runtime path of "/home/arrgusr/ROS2Dev/tsr-2027-1/dofbot_ws/install/dofbot_interfaces/lib/libdofbot_interfaces__rosidl_generator_py.so" to ""
[9.637s] -- Up-to-date: /home/arrgusr/ROS2Dev/tsr-2027-1/dofbot_ws/install/dofbot_interfaces/share/dofbot_interfaces/rust
[9.637s] -- Installing: /home/arrgusr/ROS2Dev/tsr-2027-1/dofbot_ws/install/dofbot_interfaces/share/dofbot_interfaces/rust/build.rs
[9.638s] -- Installing: /home/arrgusr/ROS2Dev/tsr-2027-1/dofbot_ws/install/dofbot_interfaces/share/dofbot_interfaces/rust/Cargo.toml
[9.638s] -- Up-to-date: /home/arrgusr/ROS2Dev/tsr-2027-1/dofbot_ws/install/dofbot_interfaces/share/dofbot_interfaces/rust/src
[9.639s] -- Installing: /home/arrgusr/ROS2Dev/tsr-2027-1/dofbot_ws/install/dofbot_interfaces/share/dofbot_interfaces/rust/src/msg.rs
[9.640s] -- Up-to-date: /home/arrgusr/ROS2Dev/tsr-2027-1/dofbot_ws/install/dofbot_interfaces/share/dofbot_interfaces/rust/src/msg
[9.641s] -- Installing: /home/arrgusr/ROS2Dev/tsr-2027-1/dofbot_ws/install/dofbot_interfaces/share/dofbot_interfaces/rust/src/msg/rmw.rs
[9.641s] -- Installing: /home/arrgusr/ROS2Dev/tsr-2027-1/dofbot_ws/install/dofbot_interfaces/share/dofbot_interfaces/rust/src/lib.rs
[9.642s] -- Installing: /home/arrgusr/ROS2Dev/tsr-2027-1/dofbot_ws/install/dofbot_interfaces/share/dofbot_interfaces/msg/Telemetry.idl
[9.643s] -- Installing: /home/arrgusr/ROS2Dev/tsr-2027-1/dofbot_ws/install/dofbot_interfaces/share/dofbot_interfaces/msg/Telemetry.msg
[9.643s] -- Installing: /home/arrgusr/ROS2Dev/tsr-2027-1/dofbot_ws/install/dofbot_interfaces/share/ament_index/resource_index/package_run_dependencies/dofbot_interfaces
[9.645s] -- Installing: /home/arrgusr/ROS2Dev/tsr-2027-1/dofbot_ws/install/dofbot_interfaces/share/ament_index/resource_index/parent_prefix_path/dofbot_interfaces
[9.646s] -- Up-to-date: /home/arrgusr/ROS2Dev/tsr-2027-1/dofbot_ws/install/dofbot_interfaces/share/dofbot_interfaces/environment/ament_prefix_path.sh
[9.646s] -- Up-to-date: /home/arrgusr/ROS2Dev/tsr-2027-1/dofbot_ws/install/dofbot_interfaces/share/dofbot_interfaces/environment/ament_prefix_path.dsv
[9.647s] -- Up-to-date: /home/arrgusr/ROS2Dev/tsr-2027-1/dofbot_ws/install/dofbot_interfaces/share/dofbot_interfaces/environment/path.sh
[9.647s] -- Up-to-date: /home/arrgusr/ROS2Dev/tsr-2027-1/dofbot_ws/install/dofbot_interfaces/share/dofbot_interfaces/environment/path.dsv
[9.648s] -- Up-to-date: /home/arrgusr/ROS2Dev/tsr-2027-1/dofbot_ws/install/dofbot_interfaces/share/dofbot_interfaces/local_setup.bash
[9.648s] -- Up-to-date: /home/arrgusr/ROS2Dev/tsr-2027-1/dofbot_ws/install/dofbot_interfaces/share/dofbot_interfaces/local_setup.sh
[9.648s] -- Up-to-date: /home/arrgusr/ROS2Dev/tsr-2027-1/dofbot_ws/install/dofbot_interfaces/share/dofbot_interfaces/local_setup.zsh
[9.648s] -- Up-to-date: /home/arrgusr/ROS2Dev/tsr-2027-1/dofbot_ws/install/dofbot_interfaces/share/dofbot_interfaces/local_setup.dsv
[9.649s] -- Installing: /home/arrgusr/ROS2Dev/tsr-2027-1/dofbot_ws/install/dofbot_interfaces/share/dofbot_interfaces/package.dsv
[9.649s] -- Up-to-date: /home/arrgusr/ROS2Dev/tsr-2027-1/dofbot_ws/install/dofbot_interfaces/share/ament_index/resource_index/packages/dofbot_interfaces
[9.650s] -- Old export file "/home/arrgusr/ROS2Dev/tsr-2027-1/dofbot_ws/install/dofbot_interfaces/share/dofbot_interfaces/cmake/export_dofbot_interfaces__rosidl_generator_cExport.cmake" will be replaced.  Removing files [/home/arrgusr/ROS2Dev/tsr-2027-1/dofbot_ws/install/dofbot_interfaces/share/dofbot_interfaces/cmake/export_dofbot_interfaces__rosidl_generator_cExport-noconfig.cmake].
[9.650s] -- Installing: /home/arrgusr/ROS2Dev/tsr-2027-1/dofbot_ws/install/dofbot_interfaces/share/dofbot_interfaces/cmake/export_dofbot_interfaces__rosidl_generator_cExport.cmake
[9.650s] -- Installing: /home/arrgusr/ROS2Dev/tsr-2027-1/dofbot_ws/install/dofbot_interfaces/share/dofbot_interfaces/cmake/export_dofbot_interfaces__rosidl_generator_cExport-noconfig.cmake
[9.651s] -- Old export file "/home/arrgusr/ROS2Dev/tsr-2027-1/dofbot_ws/install/dofbot_interfaces/share/dofbot_interfaces/cmake/export_dofbot_interfaces__rosidl_typesupport_fastrtps_cExport.cmake" will be replaced.  Removing files [/home/arrgusr/ROS2Dev/tsr-2027-1/dofbot_ws/install/dofbot_interfaces/share/dofbot_interfaces/cmake/export_dofbot_interfaces__rosidl_typesupport_fastrtps_cExport-noconfig.cmake].
[9.651s] -- Installing: /home/arrgusr/ROS2Dev/tsr-2027-1/dofbot_ws/install/dofbot_interfaces/share/dofbot_interfaces/cmake/export_dofbot_interfaces__rosidl_typesupport_fastrtps_cExport.cmake
[9.652s] -- Installing: /home/arrgusr/ROS2Dev/tsr-2027-1/dofbot_ws/install/dofbot_interfaces/share/dofbot_interfaces/cmake/export_dofbot_interfaces__rosidl_typesupport_fastrtps_cExport-noconfig.cmake
[9.652s] -- Old export file "/home/arrgusr/ROS2Dev/tsr-2027-1/dofbot_ws/install/dofbot_interfaces/share/dofbot_interfaces/cmake/dofbot_interfaces__rosidl_typesupport_introspection_cExport.cmake" will be replaced.  Removing files [/home/arrgusr/ROS2Dev/tsr-2027-1/dofbot_ws/install/dofbot_interfaces/share/dofbot_interfaces/cmake/dofbot_interfaces__rosidl_typesupport_introspection_cExport-noconfig.cmake].
[9.653s] -- Installing: /home/arrgusr/ROS2Dev/tsr-2027-1/dofbot_ws/install/dofbot_interfaces/share/dofbot_interfaces/cmake/dofbot_interfaces__rosidl_typesupport_introspection_cExport.cmake
[9.653s] -- Installing: /home/arrgusr/ROS2Dev/tsr-2027-1/dofbot_ws/install/dofbot_interfaces/share/dofbot_interfaces/cmake/dofbot_interfaces__rosidl_typesupport_introspection_cExport-noconfig.cmake
[9.654s] -- Old export file "/home/arrgusr/ROS2Dev/tsr-2027-1/dofbot_ws/install/dofbot_interfaces/share/dofbot_interfaces/cmake/dofbot_interfaces__rosidl_typesupport_cExport.cmake" will be replaced.  Removing files [/home/arrgusr/ROS2Dev/tsr-2027-1/dofbot_ws/install/dofbot_interfaces/share/dofbot_interfaces/cmake/dofbot_interfaces__rosidl_typesupport_cExport-noconfig.cmake].
[9.654s] -- Installing: /home/arrgusr/ROS2Dev/tsr-2027-1/dofbot_ws/install/dofbot_interfaces/share/dofbot_interfaces/cmake/dofbot_interfaces__rosidl_typesupport_cExport.cmake
[9.655s] -- Installing: /home/arrgusr/ROS2Dev/tsr-2027-1/dofbot_ws/install/dofbot_interfaces/share/dofbot_interfaces/cmake/dofbot_interfaces__rosidl_typesupport_cExport-noconfig.cmake
[9.655s] -- Installing: /home/arrgusr/ROS2Dev/tsr-2027-1/dofbot_ws/install/dofbot_interfaces/share/dofbot_interfaces/cmake/export_dofbot_interfaces__rosidl_generator_cppExport.cmake
[9.655s] -- Old export file "/home/arrgusr/ROS2Dev/tsr-2027-1/dofbot_ws/install/dofbot_interfaces/share/dofbot_interfaces/cmake/export_dofbot_interfaces__rosidl_typesupport_fastrtps_cppExport.cmake" will be replaced.  Removing files [/home/arrgusr/ROS2Dev/tsr-2027-1/dofbot_ws/install/dofbot_interfaces/share/dofbot_interfaces/cmake/export_dofbot_interfaces__rosidl_typesupport_fastrtps_cppExport-noconfig.cmake].
[9.655s] -- Installing: /home/arrgusr/ROS2Dev/tsr-2027-1/dofbot_ws/install/dofbot_interfaces/share/dofbot_interfaces/cmake/export_dofbot_interfaces__rosidl_typesupport_fastrtps_cppExport.cmake
[9.658s] -- Installing: /home/arrgusr/ROS2Dev/tsr-2027-1/dofbot_ws/install/dofbot_interfaces/share/dofbot_interfaces/cmake/export_dofbot_interfaces__rosidl_typesupport_fastrtps_cppExport-noconfig.cmake
[9.659s] -- Old export file "/home/arrgusr/ROS2Dev/tsr-2027-1/dofbot_ws/install/dofbot_interfaces/share/dofbot_interfaces/cmake/dofbot_interfaces__rosidl_typesupport_introspection_cppExport.cmake" will be replaced.  Removing files [/home/arrgusr/ROS2Dev/tsr-2027-1/dofbot_ws/install/dofbot_interfaces/share/dofbot_interfaces/cmake/dofbot_interfaces__rosidl_typesupport_introspection_cppExport-noconfig.cmake].
[9.659s] -- Installing: /home/arrgusr/ROS2Dev/tsr-2027-1/dofbot_ws/install/dofbot_interfaces/share/dofbot_interfaces/cmake/dofbot_interfaces__rosidl_typesupport_introspection_cppExport.cmake
[9.659s] -- Installing: /home/arrgusr/ROS2Dev/tsr-2027-1/dofbot_ws/install/dofbot_interfaces/share/dofbot_interfaces/cmake/dofbot_interfaces__rosidl_typesupport_introspection_cppExport-noconfig.cmake
[9.659s] -- Old export file "/home/arrgusr/ROS2Dev/tsr-2027-1/dofbot_ws/install/dofbot_interfaces/share/dofbot_interfaces/cmake/dofbot_interfaces__rosidl_typesupport_cppExport.cmake" will be replaced.  Removing files [/home/arrgusr/ROS2Dev/tsr-2027-1/dofbot_ws/install/dofbot_interfaces/share/dofbot_interfaces/cmake/dofbot_interfaces__rosidl_typesupport_cppExport-noconfig.cmake].
[9.659s] -- Installing: /home/arrgusr/ROS2Dev/tsr-2027-1/dofbot_ws/install/dofbot_interfaces/share/dofbot_interfaces/cmake/dofbot_interfaces__rosidl_typesupport_cppExport.cmake
[9.659s] -- Installing: /home/arrgusr/ROS2Dev/tsr-2027-1/dofbot_ws/install/dofbot_interfaces/share/dofbot_interfaces/cmake/dofbot_interfaces__rosidl_typesupport_cppExport-noconfig.cmake
[9.659s] -- Up-to-date: /home/arrgusr/ROS2Dev/tsr-2027-1/dofbot_ws/install/dofbot_interfaces/share/dofbot_interfaces/cmake/export_dofbot_interfaces__rosidl_generator_pyExport.cmake
[9.659s] -- Installing: /home/arrgusr/ROS2Dev/tsr-2027-1/dofbot_ws/install/dofbot_interfaces/share/dofbot_interfaces/cmake/export_dofbot_interfaces__rosidl_generator_pyExport-noconfig.cmake
[9.662s] -- Up-to-date: /home/arrgusr/ROS2Dev/tsr-2027-1/dofbot_ws/install/dofbot_interfaces/share/dofbot_interfaces/cmake/rosidl_cmake-extras.cmake
[9.662s] -- Installing: /home/arrgusr/ROS2Dev/tsr-2027-1/dofbot_ws/install/dofbot_interfaces/share/dofbot_interfaces/cmake/ament_cmake_export_dependencies-extras.cmake
[9.663s] -- Up-to-date: /home/arrgusr/ROS2Dev/tsr-2027-1/dofbot_ws/install/dofbot_interfaces/share/dofbot_interfaces/cmake/ament_cmake_export_include_directories-extras.cmake
[9.663s] -- Up-to-date: /home/arrgusr/ROS2Dev/tsr-2027-1/dofbot_ws/install/dofbot_interfaces/share/dofbot_interfaces/cmake/ament_cmake_export_libraries-extras.cmake
[9.663s] -- Up-to-date: /home/arrgusr/ROS2Dev/tsr-2027-1/dofbot_ws/install/dofbot_interfaces/share/dofbot_interfaces/cmake/ament_cmake_export_targets-extras.cmake
[9.663s] -- Up-to-date: /home/arrgusr/ROS2Dev/tsr-2027-1/dofbot_ws/install/dofbot_interfaces/share/dofbot_interfaces/cmake/rosidl_cmake_export_typesupport_targets-extras.cmake
[9.664s] -- Up-to-date: /home/arrgusr/ROS2Dev/tsr-2027-1/dofbot_ws/install/dofbot_interfaces/share/dofbot_interfaces/cmake/rosidl_cmake_export_typesupport_libraries-extras.cmake
[9.666s] -- Up-to-date: /home/arrgusr/ROS2Dev/tsr-2027-1/dofbot_ws/install/dofbot_interfaces/share/dofbot_interfaces/cmake/rosidl_cmake_aggregate_target-extras.cmake
[9.666s] -- Installing: /home/arrgusr/ROS2Dev/tsr-2027-1/dofbot_ws/install/dofbot_interfaces/share/dofbot_interfaces/cmake/dofbot_interfacesConfig.cmake
[9.666s] -- Up-to-date: /home/arrgusr/ROS2Dev/tsr-2027-1/dofbot_ws/install/dofbot_interfaces/share/dofbot_interfaces/cmake/dofbot_interfacesConfig-version.cmake
[9.666s] -- Installing: /home/arrgusr/ROS2Dev/tsr-2027-1/dofbot_ws/install/dofbot_interfaces/share/dofbot_interfaces/package.xml
[9.669s] Invoked command in '/home/arrgusr/ROS2Dev/tsr-2027-1/dofbot_ws/build/dofbot_interfaces' returned '0': CMAKE_PREFIX_PATH=${CMAKE_PREFIX_PATH}:/home/arrgusr/ROS2Dev/tsr-2027-1/dofbot_ws/install/primer_py:/home/arrgusr/ROS2Dev/tsr-2027-1/dofbot_ws/install/dofbot_telemetry:/opt/ros/jazzy DEBUGINFOD_URLS=https://debuginfod.ubuntu.com /usr/bin/cmake --install /home/arrgusr/ROS2Dev/tsr-2027-1/dofbot_ws/build/dofbot_interfaces
