[0.165s] DEBUG:colcon:Command line arguments: ['/usr/bin/colcon', 'build', '--packages-select', 'dofbot_telemetry', '--symlink-install']
[0.165s] DEBUG:colcon:Parsed command line arguments: Namespace(log_base=None, log_level=None, verb_name='build', build_base='build', install_base='install', merge_install=False, symlink_install=True, test_result_base=None, continue_on_error=False, executor='parallel', parallel_workers=2, event_handlers=None, ignore_user_meta=False, metas=['./colcon.meta'], base_paths=['.'], packages_ignore=None, packages_ignore_regex=None, paths=None, packages_up_to=None, packages_up_to_regex=None, packages_above=None, packages_above_and_dependencies=None, packages_above_depth=None, packages_select_by_dep=None, packages_skip_by_dep=None, packages_skip_up_to=None, packages_select_build_failed=False, packages_skip_build_finished=False, packages_select_test_failures=False, packages_skip_test_passed=False, packages_select=['dofbot_telemetry'], packages_skip=None, packages_select_regex=None, packages_skip_regex=None, packages_start=None, packages_end=None, allow_overriding=[], cmake_args=None, cmake_target=None, cmake_target_skip_unavailable=False, cmake_clean_cache=False, cmake_clean_first=False, cmake_force_configure=False, ament_cmake_args=None, catkin_cmake_args=None, catkin_skip_building_tests=False, mixin_files=None, mixin=None, verb_parser=<colcon_mixin.mixin.mixin_argument.MixinArgumentDecorator object at 0x7c50bb255700>, verb_extension=<colcon_core.verb.build.BuildVerb object at 0x7c50bb255490>, main=<bound method BuildVerb.main of <colcon_core.verb.build.BuildVerb object at 0x7c50bb255490>>, mixin_verb=('build',))
[0.208s] Level 1:colcon.colcon_core.package_discovery:discover_packages(colcon_meta) check parameters
[0.208s] Level 1:colcon.colcon_core.package_discovery:discover_packages(recursive) check parameters
[0.208s] Level 1:colcon.colcon_core.package_discovery:discover_packages(ignore) check parameters
[0.208s] Level 1:colcon.colcon_core.package_discovery:discover_packages(path) check parameters
[0.208s] Level 1:colcon.colcon_core.package_discovery:discover_packages(colcon_meta) discover
[0.208s] Level 1:colcon.colcon_core.package_discovery:discover_packages(recursive) discover
[0.208s] INFO:colcon.colcon_core.package_discovery:Crawling recursively for packages in '/home/arrgusr/ROS2Dev/tsr-2027-1/dofbot_ws'
[0.208s] Level 1:colcon.colcon_core.package_identification:_identify(.) by extensions ['ignore', 'ignore_ament_install']
[0.208s] Level 1:colcon.colcon_core.package_identification:_identify(.) by extension 'ignore'
[0.208s] Level 1:colcon.colcon_core.package_identification:_identify(.) by extension 'ignore_ament_install'
[0.208s] Level 1:colcon.colcon_core.package_identification:_identify(.) by extensions ['colcon_pkg']
[0.208s] Level 1:colcon.colcon_core.package_identification:_identify(.) by extension 'colcon_pkg'
[0.208s] Level 1:colcon.colcon_core.package_identification:_identify(.) by extensions ['colcon_meta']
[0.208s] Level 1:colcon.colcon_core.package_identification:_identify(.) by extension 'colcon_meta'
[0.209s] Level 1:colcon.colcon_core.package_identification:_identify(.) by extensions ['ros']
[0.209s] Level 1:colcon.colcon_core.package_identification:_identify(.) by extension 'ros'
[0.244s] Level 1:colcon.colcon_core.package_identification:_identify(.) by extensions ['cmake', 'python']
[0.244s] Level 1:colcon.colcon_core.package_identification:_identify(.) by extension 'cmake'
[0.245s] Level 1:colcon.colcon_core.package_identification:_identify(.) by extension 'python'
[0.245s] Level 1:colcon.colcon_core.package_identification:_identify(.) by extensions ['python_setup_py']
[0.245s] Level 1:colcon.colcon_core.package_identification:_identify(.) by extension 'python_setup_py'
[0.245s] Level 1:colcon.colcon_core.package_identification:_identify(build) by extensions ['ignore', 'ignore_ament_install']
[0.245s] Level 1:colcon.colcon_core.package_identification:_identify(build) by extension 'ignore'
[0.245s] Level 1:colcon.colcon_core.package_identification:_identify(build) ignored
[0.246s] Level 1:colcon.colcon_core.package_identification:_identify(install) by extensions ['ignore', 'ignore_ament_install']
[0.246s] Level 1:colcon.colcon_core.package_identification:_identify(install) by extension 'ignore'
[0.246s] Level 1:colcon.colcon_core.package_identification:_identify(install) ignored
[0.246s] Level 1:colcon.colcon_core.package_identification:_identify(log) by extensions ['ignore', 'ignore_ament_install']
[0.246s] Level 1:colcon.colcon_core.package_identification:_identify(log) by extension 'ignore'
[0.247s] Level 1:colcon.colcon_core.package_identification:_identify(log) ignored
[0.247s] Level 1:colcon.colcon_core.package_identification:_identify(src) by extensions ['ignore', 'ignore_ament_install']
[0.247s] Level 1:colcon.colcon_core.package_identification:_identify(src) by extension 'ignore'
[0.247s] Level 1:colcon.colcon_core.package_identification:_identify(src) by extension 'ignore_ament_install'
[0.247s] Level 1:colcon.colcon_core.package_identification:_identify(src) by extensions ['colcon_pkg']
[0.247s] Level 1:colcon.colcon_core.package_identification:_identify(src) by extension 'colcon_pkg'
[0.247s] Level 1:colcon.colcon_core.package_identification:_identify(src) by extensions ['colcon_meta']
[0.247s] Level 1:colcon.colcon_core.package_identification:_identify(src) by extension 'colcon_meta'
[0.247s] Level 1:colcon.colcon_core.package_identification:_identify(src) by extensions ['ros']
[0.247s] Level 1:colcon.colcon_core.package_identification:_identify(src) by extension 'ros'
[0.247s] Level 1:colcon.colcon_core.package_identification:_identify(src) by extensions ['cmake', 'python']
[0.247s] Level 1:colcon.colcon_core.package_identification:_identify(src) by extension 'cmake'
[0.248s] Level 1:colcon.colcon_core.package_identification:_identify(src) by extension 'python'
[0.248s] Level 1:colcon.colcon_core.package_identification:_identify(src) by extensions ['python_setup_py']
[0.248s] Level 1:colcon.colcon_core.package_identification:_identify(src) by extension 'python_setup_py'
[0.248s] Level 1:colcon.colcon_core.package_identification:_identify(src/dofbot_interfaces) by extensions ['ignore', 'ignore_ament_install']
[0.248s] Level 1:colcon.colcon_core.package_identification:_identify(src/dofbot_interfaces) by extension 'ignore'
[0.248s] Level 1:colcon.colcon_core.package_identification:_identify(src/dofbot_interfaces) by extension 'ignore_ament_install'
[0.248s] Level 1:colcon.colcon_core.package_identification:_identify(src/dofbot_interfaces) by extensions ['colcon_pkg']
[0.248s] Level 1:colcon.colcon_core.package_identification:_identify(src/dofbot_interfaces) by extension 'colcon_pkg'
[0.248s] Level 1:colcon.colcon_core.package_identification:_identify(src/dofbot_interfaces) by extensions ['colcon_meta']
[0.248s] Level 1:colcon.colcon_core.package_identification:_identify(src/dofbot_interfaces) by extension 'colcon_meta'
[0.248s] Level 1:colcon.colcon_core.package_identification:_identify(src/dofbot_interfaces) by extensions ['ros']
[0.248s] Level 1:colcon.colcon_core.package_identification:_identify(src/dofbot_interfaces) by extension 'ros'
[0.251s] DEBUG:colcon.colcon_core.package_identification:Package 'src/dofbot_interfaces' with type 'ros.ament_cmake' and name 'dofbot_interfaces'
[0.252s] Level 1:colcon.colcon_core.package_identification:_identify(src/dofbot_telemetry) by extensions ['ignore', 'ignore_ament_install']
[0.252s] Level 1:colcon.colcon_core.package_identification:_identify(src/dofbot_telemetry) by extension 'ignore'
[0.252s] Level 1:colcon.colcon_core.package_identification:_identify(src/dofbot_telemetry) by extension 'ignore_ament_install'
[0.252s] Level 1:colcon.colcon_core.package_identification:_identify(src/dofbot_telemetry) by extensions ['colcon_pkg']
[0.252s] Level 1:colcon.colcon_core.package_identification:_identify(src/dofbot_telemetry) by extension 'colcon_pkg'
[0.252s] Level 1:colcon.colcon_core.package_identification:_identify(src/dofbot_telemetry) by extensions ['colcon_meta']
[0.252s] Level 1:colcon.colcon_core.package_identification:_identify(src/dofbot_telemetry) by extension 'colcon_meta'
[0.252s] Level 1:colcon.colcon_core.package_identification:_identify(src/dofbot_telemetry) by extensions ['ros']
[0.252s] Level 1:colcon.colcon_core.package_identification:_identify(src/dofbot_telemetry) by extension 'ros'
[0.252s] DEBUG:colcon.colcon_core.package_identification:Package 'src/dofbot_telemetry' with type 'ros.ament_python' and name 'dofbot_telemetry'
[0.252s] Level 1:colcon.colcon_core.package_identification:_identify(src/primer_cpp) by extensions ['ignore', 'ignore_ament_install']
[0.252s] Level 1:colcon.colcon_core.package_identification:_identify(src/primer_cpp) by extension 'ignore'
[0.252s] Level 1:colcon.colcon_core.package_identification:_identify(src/primer_cpp) by extension 'ignore_ament_install'
[0.253s] Level 1:colcon.colcon_core.package_identification:_identify(src/primer_cpp) by extensions ['colcon_pkg']
[0.253s] Level 1:colcon.colcon_core.package_identification:_identify(src/primer_cpp) by extension 'colcon_pkg'
[0.253s] Level 1:colcon.colcon_core.package_identification:_identify(src/primer_cpp) by extensions ['colcon_meta']
[0.253s] Level 1:colcon.colcon_core.package_identification:_identify(src/primer_cpp) by extension 'colcon_meta'
[0.253s] Level 1:colcon.colcon_core.package_identification:_identify(src/primer_cpp) by extensions ['ros']
[0.253s] Level 1:colcon.colcon_core.package_identification:_identify(src/primer_cpp) by extension 'ros'
[0.254s] DEBUG:colcon.colcon_core.package_identification:Package 'src/primer_cpp' with type 'ros.ament_cmake' and name 'primer_cpp'
[0.254s] Level 1:colcon.colcon_core.package_identification:_identify(src/primer_py) by extensions ['ignore', 'ignore_ament_install']
[0.254s] Level 1:colcon.colcon_core.package_identification:_identify(src/primer_py) by extension 'ignore'
[0.254s] Level 1:colcon.colcon_core.package_identification:_identify(src/primer_py) by extension 'ignore_ament_install'
[0.254s] Level 1:colcon.colcon_core.package_identification:_identify(src/primer_py) by extensions ['colcon_pkg']
[0.254s] Level 1:colcon.colcon_core.package_identification:_identify(src/primer_py) by extension 'colcon_pkg'
[0.254s] Level 1:colcon.colcon_core.package_identification:_identify(src/primer_py) by extensions ['colcon_meta']
[0.254s] Level 1:colcon.colcon_core.package_identification:_identify(src/primer_py) by extension 'colcon_meta'
[0.255s] Level 1:colcon.colcon_core.package_identification:_identify(src/primer_py) by extensions ['ros']
[0.255s] Level 1:colcon.colcon_core.package_identification:_identify(src/primer_py) by extension 'ros'
[0.256s] DEBUG:colcon.colcon_core.package_identification:Package 'src/primer_py' with type 'ros.ament_python' and name 'primer_py'
[0.256s] Level 1:colcon.colcon_core.package_discovery:discover_packages(recursive) using defaults
[0.256s] Level 1:colcon.colcon_core.package_discovery:discover_packages(ignore) discover
[0.257s] Level 1:colcon.colcon_core.package_discovery:discover_packages(ignore) using defaults
[0.257s] Level 1:colcon.colcon_core.package_discovery:discover_packages(path) discover
[0.257s] Level 1:colcon.colcon_core.package_discovery:discover_packages(path) using defaults
[0.280s] INFO:colcon.colcon_core.package_selection:Skipping not selected package 'dofbot_interfaces' in 'src/dofbot_interfaces'
[0.280s] INFO:colcon.colcon_core.package_selection:Skipping not selected package 'primer_cpp' in 'src/primer_cpp'
[0.280s] INFO:colcon.colcon_core.package_selection:Skipping not selected package 'primer_py' in 'src/primer_py'
[0.280s] Level 1:colcon.colcon_core.package_discovery:discover_packages(prefix_path) check parameters
[0.280s] Level 1:colcon.colcon_core.package_discovery:discover_packages(prefix_path) discover
[0.282s] DEBUG:colcon.colcon_installed_package_information.package_discovery:Found 2 installed packages in /home/arrgusr/ROS2Dev/tsr-2027-1/dofbot_ws/install
[0.284s] DEBUG:colcon.colcon_installed_package_information.package_discovery:Found 287 installed packages in /opt/ros/jazzy
[0.287s] Level 1:colcon.colcon_core.package_discovery:discover_packages(prefix_path) using defaults
[0.357s] Level 5:colcon.colcon_core.verb:set package 'dofbot_telemetry' build argument 'cmake_args' from command line to 'None'
[0.357s] Level 5:colcon.colcon_core.verb:set package 'dofbot_telemetry' build argument 'cmake_target' from command line to 'None'
[0.357s] Level 5:colcon.colcon_core.verb:set package 'dofbot_telemetry' build argument 'cmake_target_skip_unavailable' from command line to 'False'
[0.357s] Level 5:colcon.colcon_core.verb:set package 'dofbot_telemetry' build argument 'cmake_clean_cache' from command line to 'False'
[0.357s] Level 5:colcon.colcon_core.verb:set package 'dofbot_telemetry' build argument 'cmake_clean_first' from command line to 'False'
[0.357s] Level 5:colcon.colcon_core.verb:set package 'dofbot_telemetry' build argument 'cmake_force_configure' from command line to 'False'
[0.357s] Level 5:colcon.colcon_core.verb:set package 'dofbot_telemetry' build argument 'ament_cmake_args' from command line to 'None'
[0.357s] Level 5:colcon.colcon_core.verb:set package 'dofbot_telemetry' build argument 'catkin_cmake_args' from command line to 'None'
[0.357s] Level 5:colcon.colcon_core.verb:set package 'dofbot_telemetry' build argument 'catkin_skip_building_tests' from command line to 'False'
[0.357s] DEBUG:colcon.colcon_core.verb:Building package 'dofbot_telemetry' with the following arguments: {'ament_cmake_args': None, 'build_base': '/home/arrgusr/ROS2Dev/tsr-2027-1/dofbot_ws/build/dofbot_telemetry', 'catkin_cmake_args': None, 'catkin_skip_building_tests': False, 'cmake_args': None, 'cmake_clean_cache': False, 'cmake_clean_first': False, 'cmake_force_configure': False, 'cmake_target': None, 'cmake_target_skip_unavailable': False, 'install_base': '/home/arrgusr/ROS2Dev/tsr-2027-1/dofbot_ws/install/dofbot_telemetry', 'merge_install': False, 'path': '/home/arrgusr/ROS2Dev/tsr-2027-1/dofbot_ws/src/dofbot_telemetry', 'symlink_install': True, 'test_result_base': None}
[0.357s] INFO:colcon.colcon_core.executor:Executing jobs using 'parallel' executor
[0.359s] DEBUG:colcon.colcon_parallel_executor.executor.parallel:run_until_complete
[0.359s] INFO:colcon.colcon_ros.task.ament_python.build:Building ROS package in '/home/arrgusr/ROS2Dev/tsr-2027-1/dofbot_ws/src/dofbot_telemetry' with build type 'ament_python'
[0.360s] Level 1:colcon.colcon_core.shell:create_environment_hook('dofbot_telemetry', 'ament_prefix_path')
[0.363s] INFO:colcon.colcon_core.plugin_system:Skipping extension 'colcon_core.shell.bat': Not used on non-Windows systems
[0.363s] INFO:colcon.colcon_core.shell:Creating environment hook '/home/arrgusr/ROS2Dev/tsr-2027-1/dofbot_ws/install/dofbot_telemetry/share/dofbot_telemetry/hook/ament_prefix_path.ps1'
[0.364s] INFO:colcon.colcon_core.shell:Creating environment descriptor '/home/arrgusr/ROS2Dev/tsr-2027-1/dofbot_ws/install/dofbot_telemetry/share/dofbot_telemetry/hook/ament_prefix_path.dsv'
[0.364s] INFO:colcon.colcon_core.shell:Creating environment hook '/home/arrgusr/ROS2Dev/tsr-2027-1/dofbot_ws/install/dofbot_telemetry/share/dofbot_telemetry/hook/ament_prefix_path.sh'
[0.365s] INFO:colcon.colcon_core.shell:Skip shell extension 'powershell' for command environment: Not usable outside of PowerShell
[0.365s] DEBUG:colcon.colcon_core.shell:Skip shell extension 'dsv' for command environment
[0.573s] INFO:colcon.colcon_core.task.python.build:Building Python package in '/home/arrgusr/ROS2Dev/tsr-2027-1/dofbot_ws/src/dofbot_telemetry'
[0.574s] INFO:colcon.colcon_core.shell:Skip shell extension 'powershell' for command environment: Not usable outside of PowerShell
[0.574s] DEBUG:colcon.colcon_core.shell:Skip shell extension 'dsv' for command environment
[1.076s] DEBUG:colcon.colcon_core.task.python.build:Available setuptools commands: build_py, develop, bdist_dumb, setopt, upload_docs, test, build_clib, init_catalog, bdist, clean, editable_wheel, install, dist_info, build_ext, bdist_egg, saveopts, rotate, extract_messages, update_catalog, build, register, bdist_rpm, install_egg_info, easy_install, install_scripts, install_data, upload, check, install_headers, egg_info, symlink_data, alias, build_scripts, bdist_wheel, compile_catalog, sdist, install_lib
[1.509s] DEBUG:colcon.colcon_core.task.python.build:Available setuptools 'develop' options: --always-unzip, --upgrade, --dry-run, --multi-version, --exclude-scripts, --script-dir, --always-copy, --no-deps, --index-url, --user, --force-installation-into-system-dir, --verbose, --quiet, --install-dir, --optimize, --version, --local-snapshots-ok, --egg-path, --uninstall, --help, --no-user-cfg, --zip-ok, --find-links, --no-find-links, --prefix, --allow-hosts, --build-directory, --record, --site-dirs, --editable, --install-layout
[1.512s] DEBUG:colcon.colcon_core.event_handler.log_command:Invoking command in '/home/arrgusr/ROS2Dev/tsr-2027-1/dofbot_ws/build/dofbot_telemetry': DEBUGINFOD_URLS=https://debuginfod.ubuntu.com PYTHONPATH=/home/arrgusr/ROS2Dev/tsr-2027-1/dofbot_ws/build/dofbot_telemetry/prefix_override:/usr/lib/python3/dist-packages/colcon_core/task/python/colcon_distutils_commands:/home/arrgusr/ROS2Dev/tsr-2027-1/dofbot_ws/install/dofbot_telemetry/lib/python3.12/site-packages:${PYTHONPATH} /usr/bin/python3 -W ignore:setup.py install is deprecated -W ignore:easy_install command is deprecated setup.py develop --editable --build-directory /home/arrgusr/ROS2Dev/tsr-2027-1/dofbot_ws/build/dofbot_telemetry/build --no-deps symlink_data
[2.069s] Level 1:colcon.colcon_core.shell:create_environment_hook('dofbot_telemetry', 'pythonpath_develop')
[2.069s] INFO:colcon.colcon_core.shell:Creating environment hook '/home/arrgusr/ROS2Dev/tsr-2027-1/dofbot_ws/build/dofbot_telemetry/share/dofbot_telemetry/hook/pythonpath_develop.ps1'
[2.070s] INFO:colcon.colcon_core.shell:Creating environment descriptor '/home/arrgusr/ROS2Dev/tsr-2027-1/dofbot_ws/build/dofbot_telemetry/share/dofbot_telemetry/hook/pythonpath_develop.dsv'
[2.070s] DEBUG:colcon.colcon_core.event_handler.log_command:Invoked command in '/home/arrgusr/ROS2Dev/tsr-2027-1/dofbot_ws/build/dofbot_telemetry' returned '0': DEBUGINFOD_URLS=https://debuginfod.ubuntu.com PYTHONPATH=/home/arrgusr/ROS2Dev/tsr-2027-1/dofbot_ws/build/dofbot_telemetry/prefix_override:/usr/lib/python3/dist-packages/colcon_core/task/python/colcon_distutils_commands:/home/arrgusr/ROS2Dev/tsr-2027-1/dofbot_ws/install/dofbot_telemetry/lib/python3.12/site-packages:${PYTHONPATH} /usr/bin/python3 -W ignore:setup.py install is deprecated -W ignore:easy_install command is deprecated setup.py develop --editable --build-directory /home/arrgusr/ROS2Dev/tsr-2027-1/dofbot_ws/build/dofbot_telemetry/build --no-deps symlink_data
[2.071s] INFO:colcon.colcon_core.shell:Creating environment hook '/home/arrgusr/ROS2Dev/tsr-2027-1/dofbot_ws/build/dofbot_telemetry/share/dofbot_telemetry/hook/pythonpath_develop.sh'
[2.075s] Level 1:colcon.colcon_core.environment:checking '/home/arrgusr/ROS2Dev/tsr-2027-1/dofbot_ws/install/dofbot_telemetry' for CMake module files
[2.076s] Level 1:colcon.colcon_core.environment:checking '/home/arrgusr/ROS2Dev/tsr-2027-1/dofbot_ws/install/dofbot_telemetry' for CMake config files
[2.077s] Level 1:colcon.colcon_core.environment:checking '/home/arrgusr/ROS2Dev/tsr-2027-1/dofbot_ws/install/dofbot_telemetry/lib'
[2.077s] Level 1:colcon.colcon_core.environment:checking '/home/arrgusr/ROS2Dev/tsr-2027-1/dofbot_ws/install/dofbot_telemetry/bin'
[2.077s] Level 1:colcon.colcon_core.environment:checking '/home/arrgusr/ROS2Dev/tsr-2027-1/dofbot_ws/install/dofbot_telemetry/lib/pkgconfig/dofbot_telemetry.pc'
[2.078s] Level 1:colcon.colcon_core.environment:checking '/home/arrgusr/ROS2Dev/tsr-2027-1/dofbot_ws/install/dofbot_telemetry/lib/python3.12/site-packages'
[2.078s] Level 1:colcon.colcon_core.shell:create_environment_hook('dofbot_telemetry', 'pythonpath')
[2.078s] INFO:colcon.colcon_core.shell:Creating environment hook '/home/arrgusr/ROS2Dev/tsr-2027-1/dofbot_ws/install/dofbot_telemetry/share/dofbot_telemetry/hook/pythonpath.ps1'
[2.079s] INFO:colcon.colcon_core.shell:Creating environment descriptor '/home/arrgusr/ROS2Dev/tsr-2027-1/dofbot_ws/install/dofbot_telemetry/share/dofbot_telemetry/hook/pythonpath.dsv'
[2.079s] INFO:colcon.colcon_core.shell:Creating environment hook '/home/arrgusr/ROS2Dev/tsr-2027-1/dofbot_ws/install/dofbot_telemetry/share/dofbot_telemetry/hook/pythonpath.sh'
[2.080s] Level 1:colcon.colcon_core.environment:checking '/home/arrgusr/ROS2Dev/tsr-2027-1/dofbot_ws/install/dofbot_telemetry/bin'
[2.080s] Level 1:colcon.colcon_core.environment:create_environment_scripts_only(dofbot_telemetry)
[2.080s] INFO:colcon.colcon_core.shell:Creating package script '/home/arrgusr/ROS2Dev/tsr-2027-1/dofbot_ws/install/dofbot_telemetry/share/dofbot_telemetry/package.ps1'
[2.081s] INFO:colcon.colcon_core.shell:Creating package descriptor '/home/arrgusr/ROS2Dev/tsr-2027-1/dofbot_ws/install/dofbot_telemetry/share/dofbot_telemetry/package.dsv'
[2.082s] INFO:colcon.colcon_core.shell:Creating package script '/home/arrgusr/ROS2Dev/tsr-2027-1/dofbot_ws/install/dofbot_telemetry/share/dofbot_telemetry/package.sh'
[2.082s] INFO:colcon.colcon_core.shell:Creating package script '/home/arrgusr/ROS2Dev/tsr-2027-1/dofbot_ws/install/dofbot_telemetry/share/dofbot_telemetry/package.bash'
[2.083s] INFO:colcon.colcon_core.shell:Creating package script '/home/arrgusr/ROS2Dev/tsr-2027-1/dofbot_ws/install/dofbot_telemetry/share/dofbot_telemetry/package.zsh'
[2.083s] Level 1:colcon.colcon_core.environment:create_file_with_runtime_dependencies(/home/arrgusr/ROS2Dev/tsr-2027-1/dofbot_ws/install/dofbot_telemetry/share/colcon-core/packages/dofbot_telemetry)
[2.083s] DEBUG:colcon.colcon_parallel_executor.executor.parallel:closing loop
[2.083s] DEBUG:colcon.colcon_parallel_executor.executor.parallel:loop closed
[2.084s] DEBUG:colcon.colcon_parallel_executor.executor.parallel:run_until_complete finished with '0'
[2.084s] DEBUG:colcon.colcon_core.event_reactor:joining thread
[2.097s] INFO:colcon.colcon_core.plugin_system:Skipping extension 'colcon_notification.desktop_notification.terminal_notifier': Not used on non-Darwin systems
[2.097s] INFO:colcon.colcon_core.plugin_system:Skipping extension 'colcon_notification.desktop_notification.win32': Not used on non-Windows systems
[2.097s] INFO:colcon.colcon_notification.desktop_notification:Sending desktop notification using 'notify2'
[2.116s] DEBUG:colcon.colcon_core.event_reactor:joined thread
[2.116s] INFO:colcon.colcon_core.shell:Creating prefix script '/home/arrgusr/ROS2Dev/tsr-2027-1/dofbot_ws/install/local_setup.ps1'
[2.117s] INFO:colcon.colcon_core.shell:Creating prefix util module '/home/arrgusr/ROS2Dev/tsr-2027-1/dofbot_ws/install/_local_setup_util_ps1.py'
[2.119s] INFO:colcon.colcon_core.shell:Creating prefix chain script '/home/arrgusr/ROS2Dev/tsr-2027-1/dofbot_ws/install/setup.ps1'
[2.120s] INFO:colcon.colcon_core.shell:Creating prefix script '/home/arrgusr/ROS2Dev/tsr-2027-1/dofbot_ws/install/local_setup.sh'
[2.121s] INFO:colcon.colcon_core.shell:Creating prefix util module '/home/arrgusr/ROS2Dev/tsr-2027-1/dofbot_ws/install/_local_setup_util_sh.py'
[2.121s] INFO:colcon.colcon_core.shell:Creating prefix chain script '/home/arrgusr/ROS2Dev/tsr-2027-1/dofbot_ws/install/setup.sh'
[2.122s] INFO:colcon.colcon_core.shell:Creating prefix script '/home/arrgusr/ROS2Dev/tsr-2027-1/dofbot_ws/install/local_setup.bash'
[2.123s] INFO:colcon.colcon_core.shell:Creating prefix chain script '/home/arrgusr/ROS2Dev/tsr-2027-1/dofbot_ws/install/setup.bash'
[2.124s] INFO:colcon.colcon_core.shell:Creating prefix script '/home/arrgusr/ROS2Dev/tsr-2027-1/dofbot_ws/install/local_setup.zsh'
[2.124s] INFO:colcon.colcon_core.shell:Creating prefix chain script '/home/arrgusr/ROS2Dev/tsr-2027-1/dofbot_ws/install/setup.zsh'
