[0.012s] Invoking command in '/home/arrgusr/ROS2Dev/tsr-2027-1/dofbot_ws/build/dofbot_interfaces': CMAKE_PREFIX_PATH=${CMAKE_PREFIX_PATH}:/home/arrgusr/ROS2Dev/tsr-2027-1/dofbot_ws/install/primer_py:/opt/ros/jazzy DEBUGINFOD_URLS=https://debuginfod.ubuntu.com /usr/bin/cmake /home/arrgusr/ROS2Dev/tsr-2027-1/dofbot_ws/src/dofbot_interfaces -DCMAKE_INSTALL_PREFIX=/home/arrgusr/ROS2Dev/tsr-2027-1/dofbot_ws/install/dofbot_interfaces
[0.079s] -- The C compiler identification is GNU 13.3.0
[0.144s] -- The CXX compiler identification is GNU 13.3.0
[0.169s] -- Detecting C compiler ABI info
[0.287s] -- Detecting C compiler ABI info - done
[0.302s] -- Check for working C compiler: /usr/bin/cc - skipped
[0.302s] -- Detecting C compile features
[0.302s] -- Detecting C compile features - done
[0.316s] -- Detecting CXX compiler ABI info
[0.455s] -- Detecting CXX compiler ABI info - done
[0.462s] -- Check for working CXX compiler: /usr/bin/c++ - skipped
[0.463s] -- Detecting CXX compile features
[0.463s] -- Detecting CXX compile features - done
[0.466s] -- Found ament_cmake: 2.5.6 (/opt/ros/jazzy/share/ament_cmake/cmake)
[1.332s] -- Found Python3: /home/arrgusr/.pyenv/shims/python3 (found version "3.12.3") found components: Interpreter 
[1.540s] -- Found rosidl_default_generators: 1.6.1 (/opt/ros/jazzy/share/rosidl_default_generators/cmake)
[1.547s] -- Using all available rosidl_typesupport_c: rosidl_typesupport_fastrtps_c;rosidl_typesupport_introspection_c
[1.585s] -- Using all available rosidl_typesupport_cpp: rosidl_typesupport_fastrtps_cpp;rosidl_typesupport_introspection_cpp
[1.646s] -- Found rosidl_adapter: 4.6.9 (/opt/ros/jazzy/share/rosidl_adapter/cmake)
[4.757s] -- Found ament_cmake_ros: 0.12.1 (/opt/ros/jazzy/share/ament_cmake_ros/cmake)
[7.523s] -- Using all available rosidl_typesupport_c: rosidl_typesupport_fastrtps_c;rosidl_typesupport_introspection_c
[11.307s] -- Using all available rosidl_typesupport_cpp: rosidl_typesupport_fastrtps_cpp;rosidl_typesupport_introspection_cpp
[11.321s] -- Found python_cmake_module: 0.11.1 (/opt/ros/jazzy/share/python_cmake_module/cmake)
[12.167s] -- Found PythonExtra: /home/arrgusr/.pyenv/shims/python3  
[14.094s] -- Found Python3: /home/arrgusr/.pyenv/shims/python3 (found version "3.12.3") found components: Interpreter Development NumPy Development.Module Development.Embed 
[14.389s] -- Found Python3: /home/arrgusr/.pyenv/shims/python3 (found version "3.12.3") found components: Interpreter 
[14.404s] -- Configuring done (14.4s)
[14.445s] -- Generating done (0.0s)
[14.453s] -- Build files have been written to: /home/arrgusr/ROS2Dev/tsr-2027-1/dofbot_ws/build/dofbot_interfaces
[14.462s] Invoked command in '/home/arrgusr/ROS2Dev/tsr-2027-1/dofbot_ws/build/dofbot_interfaces' returned '0': CMAKE_PREFIX_PATH=${CMAKE_PREFIX_PATH}:/home/arrgusr/ROS2Dev/tsr-2027-1/dofbot_ws/install/primer_py:/opt/ros/jazzy DEBUGINFOD_URLS=https://debuginfod.ubuntu.com /usr/bin/cmake /home/arrgusr/ROS2Dev/tsr-2027-1/dofbot_ws/src/dofbot_interfaces -DCMAKE_INSTALL_PREFIX=/home/arrgusr/ROS2Dev/tsr-2027-1/dofbot_ws/install/dofbot_interfaces
[14.462s] Invoking command in '/home/arrgusr/ROS2Dev/tsr-2027-1/dofbot_ws/build/dofbot_interfaces': CMAKE_PREFIX_PATH=${CMAKE_PREFIX_PATH}:/home/arrgusr/ROS2Dev/tsr-2027-1/dofbot_ws/install/primer_py:/opt/ros/jazzy DEBUGINFOD_URLS=https://debuginfod.ubuntu.com /usr/bin/cmake --build /home/arrgusr/ROS2Dev/tsr-2027-1/dofbot_ws/build/dofbot_interfaces -- -j2 -l2
[14.536s] [  2%] [34m[1mGenerating Rust code for ROS interfaces[0m
[14.544s] [  5%] [34m[1mGenerating type hashes for ROS interfaces[0m
[15.009s] [  5%] Built target dofbot_interfaces__rosidl_generator_type_description
[15.057s] [  5%] Built target ament_cmake_python_copy_dofbot_interfaces
[15.058s] [  5%] Built target dofbot_interfaces__rs
[15.069s] [  8%] [34m[1mGenerating C code for ROS interfaces[0m
[15.083s] [ 11%] [34m[1mGenerating C++ code for ROS interfaces[0m
[15.591s] [ 11%] Built target dofbot_interfaces__cpp
[15.620s] [ 14%] [32mBuilding C object CMakeFiles/dofbot_interfaces__rosidl_generator_c.dir/rosidl_generator_c/dofbot_interfaces/msg/detail/telemetry__description.c.o[0m
[15.677s] [ 17%] [32mBuilding C object CMakeFiles/dofbot_interfaces__rosidl_generator_c.dir/rosidl_generator_c/dofbot_interfaces/msg/detail/telemetry__functions.c.o[0m
[15.766s] [ 20%] [32mBuilding C object CMakeFiles/dofbot_interfaces__rosidl_generator_c.dir/rosidl_generator_c/dofbot_interfaces/msg/detail/telemetry__type_support.c.o[0m
[15.799s] [ 22%] [32m[1mLinking C shared library libdofbot_interfaces__rosidl_generator_c.so[0m
[15.857s] [ 22%] Built target dofbot_interfaces__rosidl_generator_c
[15.872s] [ 25%] [34m[1mGenerating C++ type support dispatch for ROS interfaces[0m
[15.967s] running egg_info
[15.970s] creating dofbot_interfaces.egg-info
[15.992s] writing dofbot_interfaces.egg-info/PKG-INFO
[15.992s] writing dependency_links to dofbot_interfaces.egg-info/dependency_links.txt
[15.992s] writing top-level names to dofbot_interfaces.egg-info/top_level.txt
[15.992s] writing manifest file 'dofbot_interfaces.egg-info/SOURCES.txt'
[16.084s] reading manifest file 'dofbot_interfaces.egg-info/SOURCES.txt'
[16.084s] writing manifest file 'dofbot_interfaces.egg-info/SOURCES.txt'
[16.116s] [ 25%] Built target ament_cmake_python_build_dofbot_interfaces_egg
[16.136s] [ 28%] [34m[1mGenerating C++ introspection for ROS interfaces[0m
[16.369s] [ 31%] [32mBuilding CXX object CMakeFiles/dofbot_interfaces__rosidl_typesupport_cpp.dir/rosidl_typesupport_cpp/dofbot_interfaces/msg/telemetry__type_support.cpp.o[0m
[16.604s] [ 34%] [32mBuilding CXX object CMakeFiles/dofbot_interfaces__rosidl_typesupport_introspection_cpp.dir/rosidl_typesupport_introspection_cpp/dofbot_interfaces/msg/detail/telemetry__type_support.cpp.o[0m
[16.732s] [ 37%] [32m[1mLinking CXX shared library libdofbot_interfaces__rosidl_typesupport_cpp.so[0m
[16.799s] [ 37%] Built target dofbot_interfaces__rosidl_typesupport_cpp
[16.817s] [ 40%] [34m[1mGenerating C introspection for ROS interfaces[0m
[16.975s] [ 42%] [32m[1mLinking CXX shared library libdofbot_interfaces__rosidl_typesupport_introspection_cpp.so[0m
[17.041s] [ 42%] Built target dofbot_interfaces__rosidl_typesupport_introspection_cpp
[17.057s] [ 45%] [34m[1mGenerating C++ type support for eProsima Fast-RTPS[0m
[17.258s] [ 48%] [32mBuilding C object CMakeFiles/dofbot_interfaces__rosidl_typesupport_introspection_c.dir/rosidl_typesupport_introspection_c/dofbot_interfaces/msg/detail/telemetry__type_support.c.o[0m
[17.320s] [ 51%] [32m[1mLinking C shared library libdofbot_interfaces__rosidl_typesupport_introspection_c.so[0m
[17.395s] [ 51%] Built target dofbot_interfaces__rosidl_typesupport_introspection_c
[17.409s] [ 54%] [34m[1mGenerating C type support dispatch for ROS interfaces[0m
[17.592s] [ 57%] [32mBuilding CXX object CMakeFiles/dofbot_interfaces__rosidl_typesupport_fastrtps_cpp.dir/rosidl_typesupport_fastrtps_cpp/dofbot_interfaces/msg/detail/dds_fastrtps/telemetry__type_support.cpp.o[0m
[17.863s] [ 60%] [32mBuilding CXX object CMakeFiles/dofbot_interfaces__rosidl_typesupport_c.dir/rosidl_typesupport_c/dofbot_interfaces/msg/telemetry__type_support.cpp.o[0m
[17.918s] [ 62%] [32m[1mLinking CXX shared library libdofbot_interfaces__rosidl_typesupport_c.so[0m
[17.987s] [ 62%] Built target dofbot_interfaces__rosidl_typesupport_c
[18.008s] [ 65%] [34m[1mGenerating C type support for eProsima Fast-RTPS[0m
[18.134s] [ 68%] [32m[1mLinking CXX shared library libdofbot_interfaces__rosidl_typesupport_fastrtps_cpp.so[0m
[18.241s] [ 68%] Built target dofbot_interfaces__rosidl_typesupport_fastrtps_cpp
[18.418s] [ 71%] [32mBuilding CXX object CMakeFiles/dofbot_interfaces__rosidl_typesupport_fastrtps_c.dir/rosidl_typesupport_fastrtps_c/dofbot_interfaces/msg/detail/telemetry__type_support_c.cpp.o[0m
[18.789s] [ 74%] [32m[1mLinking CXX shared library libdofbot_interfaces__rosidl_typesupport_fastrtps_c.so[0m
[18.871s] [ 74%] Built target dofbot_interfaces__rosidl_typesupport_fastrtps_c
[18.906s] [ 74%] Built target dofbot_interfaces
[18.929s] [ 77%] [34m[1mGenerating Python code for ROS interfaces[0m
[19.462s] [ 77%] Built target dofbot_interfaces__py
[19.489s] [ 80%] [32mBuilding C object CMakeFiles/dofbot_interfaces__rosidl_generator_py.dir/rosidl_generator_py/dofbot_interfaces/msg/_telemetry_s.c.o[0m
[19.623s] [ 82%] [32m[1mLinking C shared library libdofbot_interfaces__rosidl_generator_py.so[0m
[19.689s] [ 82%] Built target dofbot_interfaces__rosidl_generator_py
[19.713s] [ 85%] [32mBuilding C object CMakeFiles/dofbot_interfaces_s__rosidl_typesupport_introspection_c.dir/rosidl_generator_py/dofbot_interfaces/_dofbot_interfaces_s.ep.rosidl_typesupport_introspection_c.c.o[0m
[19.715s] [ 88%] [32mBuilding C object CMakeFiles/dofbot_interfaces_s__rosidl_typesupport_fastrtps_c.dir/rosidl_generator_py/dofbot_interfaces/_dofbot_interfaces_s.ep.rosidl_typesupport_fastrtps_c.c.o[0m
[19.842s] [ 91%] [32m[1mLinking C shared module rosidl_generator_py/dofbot_interfaces/dofbot_interfaces_s__rosidl_typesupport_introspection_c.so[0m
[19.864s] [ 94%] [32m[1mLinking C shared module rosidl_generator_py/dofbot_interfaces/dofbot_interfaces_s__rosidl_typesupport_fastrtps_c.so[0m
[19.894s] [ 94%] Built target dofbot_interfaces_s__rosidl_typesupport_introspection_c
[19.909s] [ 94%] Built target dofbot_interfaces_s__rosidl_typesupport_fastrtps_c
[19.921s] [ 97%] [32mBuilding C object CMakeFiles/dofbot_interfaces_s__rosidl_typesupport_c.dir/rosidl_generator_py/dofbot_interfaces/_dofbot_interfaces_s.ep.rosidl_typesupport_c.c.o[0m
[20.027s] [100%] [32m[1mLinking C shared module rosidl_generator_py/dofbot_interfaces/dofbot_interfaces_s__rosidl_typesupport_c.so[0m
[20.074s] [100%] Built target dofbot_interfaces_s__rosidl_typesupport_c
[20.093s] Invoked command in '/home/arrgusr/ROS2Dev/tsr-2027-1/dofbot_ws/build/dofbot_interfaces' returned '0': CMAKE_PREFIX_PATH=${CMAKE_PREFIX_PATH}:/home/arrgusr/ROS2Dev/tsr-2027-1/dofbot_ws/install/primer_py:/opt/ros/jazzy DEBUGINFOD_URLS=https://debuginfod.ubuntu.com /usr/bin/cmake --build /home/arrgusr/ROS2Dev/tsr-2027-1/dofbot_ws/build/dofbot_interfaces -- -j2 -l2
[20.103s] Invoking command in '/home/arrgusr/ROS2Dev/tsr-2027-1/dofbot_ws/build/dofbot_interfaces': CMAKE_PREFIX_PATH=${CMAKE_PREFIX_PATH}:/home/arrgusr/ROS2Dev/tsr-2027-1/dofbot_ws/install/primer_py:/opt/ros/jazzy DEBUGINFOD_URLS=https://debuginfod.ubuntu.com /usr/bin/cmake --install /home/arrgusr/ROS2Dev/tsr-2027-1/dofbot_ws/build/dofbot_interfaces
[20.113s] -- Install configuration: ""
[20.113s] -- Installing: /home/arrgusr/ROS2Dev/tsr-2027-1/dofbot_ws/install/dofbot_interfaces/share/ament_index/resource_index/rosidl_interfaces/dofbot_interfaces
[20.113s] -- Installing: /home/arrgusr/ROS2Dev/tsr-2027-1/dofbot_ws/install/dofbot_interfaces/share/dofbot_interfaces/msg/Telemetry.json
[20.113s] -- Installing: /home/arrgusr/ROS2Dev/tsr-2027-1/dofbot_ws/install/dofbot_interfaces/include/dofbot_interfaces/dofbot_interfaces
[20.113s] -- Installing: /home/arrgusr/ROS2Dev/tsr-2027-1/dofbot_ws/install/dofbot_interfaces/include/dofbot_interfaces/dofbot_interfaces/msg
[20.114s] -- Installing: /home/arrgusr/ROS2Dev/tsr-2027-1/dofbot_ws/install/dofbot_interfaces/include/dofbot_interfaces/dofbot_interfaces/msg/telemetry.h
[20.114s] -- Installing: /home/arrgusr/ROS2Dev/tsr-2027-1/dofbot_ws/install/dofbot_interfaces/include/dofbot_interfaces/dofbot_interfaces/msg/rosidl_generator_c__visibility_control.h
[20.114s] -- Installing: /home/arrgusr/ROS2Dev/tsr-2027-1/dofbot_ws/install/dofbot_interfaces/include/dofbot_interfaces/dofbot_interfaces/msg/detail
[20.114s] -- Installing: /home/arrgusr/ROS2Dev/tsr-2027-1/dofbot_ws/install/dofbot_interfaces/include/dofbot_interfaces/dofbot_interfaces/msg/detail/telemetry__type_support.h
[20.114s] -- Installing: /home/arrgusr/ROS2Dev/tsr-2027-1/dofbot_ws/install/dofbot_interfaces/include/dofbot_interfaces/dofbot_interfaces/msg/detail/telemetry__struct.h
[20.115s] -- Installing: /home/arrgusr/ROS2Dev/tsr-2027-1/dofbot_ws/install/dofbot_interfaces/include/dofbot_interfaces/dofbot_interfaces/msg/detail/telemetry__type_support.c
[20.115s] -- Installing: /home/arrgusr/ROS2Dev/tsr-2027-1/dofbot_ws/install/dofbot_interfaces/include/dofbot_interfaces/dofbot_interfaces/msg/detail/telemetry__functions.c
[20.115s] -- Installing: /home/arrgusr/ROS2Dev/tsr-2027-1/dofbot_ws/install/dofbot_interfaces/include/dofbot_interfaces/dofbot_interfaces/msg/detail/telemetry__description.c
[20.115s] -- Installing: /home/arrgusr/ROS2Dev/tsr-2027-1/dofbot_ws/install/dofbot_interfaces/include/dofbot_interfaces/dofbot_interfaces/msg/detail/telemetry__functions.h
[20.115s] -- Installing: /home/arrgusr/ROS2Dev/tsr-2027-1/dofbot_ws/install/dofbot_interfaces/share/dofbot_interfaces/environment/library_path.sh
[20.115s] -- Installing: /home/arrgusr/ROS2Dev/tsr-2027-1/dofbot_ws/install/dofbot_interfaces/share/dofbot_interfaces/environment/library_path.dsv
[20.115s] -- Installing: /home/arrgusr/ROS2Dev/tsr-2027-1/dofbot_ws/install/dofbot_interfaces/lib/libdofbot_interfaces__rosidl_generator_c.so
[20.115s] -- Set non-toolchain portion of runtime path of "/home/arrgusr/ROS2Dev/tsr-2027-1/dofbot_ws/install/dofbot_interfaces/lib/libdofbot_interfaces__rosidl_generator_c.so" to ""
[20.116s] -- Up-to-date: /home/arrgusr/ROS2Dev/tsr-2027-1/dofbot_ws/install/dofbot_interfaces/include/dofbot_interfaces/dofbot_interfaces
[20.116s] -- Up-to-date: /home/arrgusr/ROS2Dev/tsr-2027-1/dofbot_ws/install/dofbot_interfaces/include/dofbot_interfaces/dofbot_interfaces/msg
[20.116s] -- Installing: /home/arrgusr/ROS2Dev/tsr-2027-1/dofbot_ws/install/dofbot_interfaces/include/dofbot_interfaces/dofbot_interfaces/msg/rosidl_typesupport_fastrtps_c__visibility_control.h
[20.116s] -- Up-to-date: /home/arrgusr/ROS2Dev/tsr-2027-1/dofbot_ws/install/dofbot_interfaces/include/dofbot_interfaces/dofbot_interfaces/msg/detail
[20.116s] -- Installing: /home/arrgusr/ROS2Dev/tsr-2027-1/dofbot_ws/install/dofbot_interfaces/include/dofbot_interfaces/dofbot_interfaces/msg/detail/telemetry__rosidl_typesupport_fastrtps_c.h
[20.116s] -- Installing: /home/arrgusr/ROS2Dev/tsr-2027-1/dofbot_ws/install/dofbot_interfaces/lib/libdofbot_interfaces__rosidl_typesupport_fastrtps_c.so
[20.117s] -- Set non-toolchain portion of runtime path of "/home/arrgusr/ROS2Dev/tsr-2027-1/dofbot_ws/install/dofbot_interfaces/lib/libdofbot_interfaces__rosidl_typesupport_fastrtps_c.so" to ""
[20.117s] -- Up-to-date: /home/arrgusr/ROS2Dev/tsr-2027-1/dofbot_ws/install/dofbot_interfaces/include/dofbot_interfaces/dofbot_interfaces
[20.117s] -- Up-to-date: /home/arrgusr/ROS2Dev/tsr-2027-1/dofbot_ws/install/dofbot_interfaces/include/dofbot_interfaces/dofbot_interfaces/msg
[20.117s] -- Installing: /home/arrgusr/ROS2Dev/tsr-2027-1/dofbot_ws/install/dofbot_interfaces/include/dofbot_interfaces/dofbot_interfaces/msg/rosidl_typesupport_introspection_c__visibility_control.h
[20.117s] -- Up-to-date: /home/arrgusr/ROS2Dev/tsr-2027-1/dofbot_ws/install/dofbot_interfaces/include/dofbot_interfaces/dofbot_interfaces/msg/detail
[20.117s] -- Installing: /home/arrgusr/ROS2Dev/tsr-2027-1/dofbot_ws/install/dofbot_interfaces/include/dofbot_interfaces/dofbot_interfaces/msg/detail/telemetry__type_support.c
[20.117s] -- Installing: /home/arrgusr/ROS2Dev/tsr-2027-1/dofbot_ws/install/dofbot_interfaces/include/dofbot_interfaces/dofbot_interfaces/msg/detail/telemetry__rosidl_typesupport_introspection_c.h
[20.117s] -- Installing: /home/arrgusr/ROS2Dev/tsr-2027-1/dofbot_ws/install/dofbot_interfaces/lib/libdofbot_interfaces__rosidl_typesupport_introspection_c.so
[20.118s] -- Set non-toolchain portion of runtime path of "/home/arrgusr/ROS2Dev/tsr-2027-1/dofbot_ws/install/dofbot_interfaces/lib/libdofbot_interfaces__rosidl_typesupport_introspection_c.so" to ""
[20.118s] -- Installing: /home/arrgusr/ROS2Dev/tsr-2027-1/dofbot_ws/install/dofbot_interfaces/lib/libdofbot_interfaces__rosidl_typesupport_c.so
[20.118s] -- Set non-toolchain portion of runtime path of "/home/arrgusr/ROS2Dev/tsr-2027-1/dofbot_ws/install/dofbot_interfaces/lib/libdofbot_interfaces__rosidl_typesupport_c.so" to ""
[20.118s] -- Up-to-date: /home/arrgusr/ROS2Dev/tsr-2027-1/dofbot_ws/install/dofbot_interfaces/include/dofbot_interfaces/dofbot_interfaces
[20.118s] -- Up-to-date: /home/arrgusr/ROS2Dev/tsr-2027-1/dofbot_ws/install/dofbot_interfaces/include/dofbot_interfaces/dofbot_interfaces/msg
[20.119s] -- Installing: /home/arrgusr/ROS2Dev/tsr-2027-1/dofbot_ws/install/dofbot_interfaces/include/dofbot_interfaces/dofbot_interfaces/msg/rosidl_generator_cpp__visibility_control.hpp
[20.119s] -- Installing: /home/arrgusr/ROS2Dev/tsr-2027-1/dofbot_ws/install/dofbot_interfaces/include/dofbot_interfaces/dofbot_interfaces/msg/telemetry.hpp
[20.119s] -- Up-to-date: /home/arrgusr/ROS2Dev/tsr-2027-1/dofbot_ws/install/dofbot_interfaces/include/dofbot_interfaces/dofbot_interfaces/msg/detail
[20.119s] -- Installing: /home/arrgusr/ROS2Dev/tsr-2027-1/dofbot_ws/install/dofbot_interfaces/include/dofbot_interfaces/dofbot_interfaces/msg/detail/telemetry__traits.hpp
[20.119s] -- Installing: /home/arrgusr/ROS2Dev/tsr-2027-1/dofbot_ws/install/dofbot_interfaces/include/dofbot_interfaces/dofbot_interfaces/msg/detail/telemetry__builder.hpp
[20.119s] -- Installing: /home/arrgusr/ROS2Dev/tsr-2027-1/dofbot_ws/install/dofbot_interfaces/include/dofbot_interfaces/dofbot_interfaces/msg/detail/telemetry__struct.hpp
[20.119s] -- Installing: /home/arrgusr/ROS2Dev/tsr-2027-1/dofbot_ws/install/dofbot_interfaces/include/dofbot_interfaces/dofbot_interfaces/msg/detail/telemetry__type_support.hpp
[20.119s] -- Up-to-date: /home/arrgusr/ROS2Dev/tsr-2027-1/dofbot_ws/install/dofbot_interfaces/include/dofbot_interfaces/dofbot_interfaces
[20.120s] -- Up-to-date: /home/arrgusr/ROS2Dev/tsr-2027-1/dofbot_ws/install/dofbot_interfaces/include/dofbot_interfaces/dofbot_interfaces/msg
[20.120s] -- Installing: /home/arrgusr/ROS2Dev/tsr-2027-1/dofbot_ws/install/dofbot_interfaces/include/dofbot_interfaces/dofbot_interfaces/msg/rosidl_typesupport_fastrtps_cpp__visibility_control.h
[20.120s] -- Up-to-date: /home/arrgusr/ROS2Dev/tsr-2027-1/dofbot_ws/install/dofbot_interfaces/include/dofbot_interfaces/dofbot_interfaces/msg/detail
[20.120s] -- Installing: /home/arrgusr/ROS2Dev/tsr-2027-1/dofbot_ws/install/dofbot_interfaces/include/dofbot_interfaces/dofbot_interfaces/msg/detail/dds_fastrtps
[20.120s] -- Installing: /home/arrgusr/ROS2Dev/tsr-2027-1/dofbot_ws/install/dofbot_interfaces/include/dofbot_interfaces/dofbot_interfaces/msg/detail/telemetry__rosidl_typesupport_fastrtps_cpp.hpp
[20.121s] -- Installing: /home/arrgusr/ROS2Dev/tsr-2027-1/dofbot_ws/install/dofbot_interfaces/lib/libdofbot_interfaces__rosidl_typesupport_fastrtps_cpp.so
[20.121s] -- Set non-toolchain portion of runtime path of "/home/arrgusr/ROS2Dev/tsr-2027-1/dofbot_ws/install/dofbot_interfaces/lib/libdofbot_interfaces__rosidl_typesupport_fastrtps_cpp.so" to ""
[20.121s] -- Up-to-date: /home/arrgusr/ROS2Dev/tsr-2027-1/dofbot_ws/install/dofbot_interfaces/include/dofbot_interfaces/dofbot_interfaces
[20.121s] -- Up-to-date: /home/arrgusr/ROS2Dev/tsr-2027-1/dofbot_ws/install/dofbot_interfaces/include/dofbot_interfaces/dofbot_interfaces/msg
[20.121s] -- Up-to-date: /home/arrgusr/ROS2Dev/tsr-2027-1/dofbot_ws/install/dofbot_interfaces/include/dofbot_interfaces/dofbot_interfaces/msg/detail
[20.121s] -- Installing: /home/arrgusr/ROS2Dev/tsr-2027-1/dofbot_ws/install/dofbot_interfaces/include/dofbot_interfaces/dofbot_interfaces/msg/detail/telemetry__rosidl_typesupport_introspection_cpp.hpp
[20.121s] -- Installing: /home/arrgusr/ROS2Dev/tsr-2027-1/dofbot_ws/install/dofbot_interfaces/include/dofbot_interfaces/dofbot_interfaces/msg/detail/telemetry__type_support.cpp
[20.121s] -- Installing: /home/arrgusr/ROS2Dev/tsr-2027-1/dofbot_ws/install/dofbot_interfaces/lib/libdofbot_interfaces__rosidl_typesupport_introspection_cpp.so
[20.122s] -- Set non-toolchain portion of runtime path of "/home/arrgusr/ROS2Dev/tsr-2027-1/dofbot_ws/install/dofbot_interfaces/lib/libdofbot_interfaces__rosidl_typesupport_introspection_cpp.so" to ""
[20.122s] -- Installing: /home/arrgusr/ROS2Dev/tsr-2027-1/dofbot_ws/install/dofbot_interfaces/lib/libdofbot_interfaces__rosidl_typesupport_cpp.so
[20.122s] -- Set non-toolchain portion of runtime path of "/home/arrgusr/ROS2Dev/tsr-2027-1/dofbot_ws/install/dofbot_interfaces/lib/libdofbot_interfaces__rosidl_typesupport_cpp.so" to ""
[20.122s] -- Installing: /home/arrgusr/ROS2Dev/tsr-2027-1/dofbot_ws/install/dofbot_interfaces/share/dofbot_interfaces/environment/pythonpath.sh
[20.122s] -- Installing: /home/arrgusr/ROS2Dev/tsr-2027-1/dofbot_ws/install/dofbot_interfaces/share/dofbot_interfaces/environment/pythonpath.dsv
[20.122s] -- Installing: /home/arrgusr/ROS2Dev/tsr-2027-1/dofbot_ws/install/dofbot_interfaces/lib/python3.12/site-packages/dofbot_interfaces-0.0.0-py3.12.egg-info
[20.123s] -- Installing: /home/arrgusr/ROS2Dev/tsr-2027-1/dofbot_ws/install/dofbot_interfaces/lib/python3.12/site-packages/dofbot_interfaces-0.0.0-py3.12.egg-info/PKG-INFO
[20.123s] -- Installing: /home/arrgusr/ROS2Dev/tsr-2027-1/dofbot_ws/install/dofbot_interfaces/lib/python3.12/site-packages/dofbot_interfaces-0.0.0-py3.12.egg-info/SOURCES.txt
[20.123s] -- Installing: /home/arrgusr/ROS2Dev/tsr-2027-1/dofbot_ws/install/dofbot_interfaces/lib/python3.12/site-packages/dofbot_interfaces-0.0.0-py3.12.egg-info/top_level.txt
[20.123s] -- Installing: /home/arrgusr/ROS2Dev/tsr-2027-1/dofbot_ws/install/dofbot_interfaces/lib/python3.12/site-packages/dofbot_interfaces-0.0.0-py3.12.egg-info/dependency_links.txt
[20.123s] -- Installing: /home/arrgusr/ROS2Dev/tsr-2027-1/dofbot_ws/install/dofbot_interfaces/lib/python3.12/site-packages/dofbot_interfaces
[20.123s] -- Installing: /home/arrgusr/ROS2Dev/tsr-2027-1/dofbot_ws/install/dofbot_interfaces/lib/python3.12/site-packages/dofbot_interfaces/__init__.py
[20.123s] -- Installing: /home/arrgusr/ROS2Dev/tsr-2027-1/dofbot_ws/install/dofbot_interfaces/lib/python3.12/site-packages/dofbot_interfaces/dofbot_interfaces_s__rosidl_typesupport_c.so
[20.123s] -- Installing: /home/arrgusr/ROS2Dev/tsr-2027-1/dofbot_ws/install/dofbot_interfaces/lib/python3.12/site-packages/dofbot_interfaces/dofbot_interfaces_s__rosidl_typesupport_introspection_c.so
[20.124s] -- Installing: /home/arrgusr/ROS2Dev/tsr-2027-1/dofbot_ws/install/dofbot_interfaces/lib/python3.12/site-packages/dofbot_interfaces/_dofbot_interfaces_s.ep.rosidl_typesupport_fastrtps_c.c
[20.124s] -- Installing: /home/arrgusr/ROS2Dev/tsr-2027-1/dofbot_ws/install/dofbot_interfaces/lib/python3.12/site-packages/dofbot_interfaces/_dofbot_interfaces_s.ep.rosidl_typesupport_c.c
[20.124s] -- Installing: /home/arrgusr/ROS2Dev/tsr-2027-1/dofbot_ws/install/dofbot_interfaces/lib/python3.12/site-packages/dofbot_interfaces/msg
[20.124s] -- Installing: /home/arrgusr/ROS2Dev/tsr-2027-1/dofbot_ws/install/dofbot_interfaces/lib/python3.12/site-packages/dofbot_interfaces/msg/__init__.py
[20.124s] -- Installing: /home/arrgusr/ROS2Dev/tsr-2027-1/dofbot_ws/install/dofbot_interfaces/lib/python3.12/site-packages/dofbot_interfaces/msg/_telemetry.py
[20.124s] -- Installing: /home/arrgusr/ROS2Dev/tsr-2027-1/dofbot_ws/install/dofbot_interfaces/lib/python3.12/site-packages/dofbot_interfaces/msg/_telemetry_s.c
[20.124s] -- Installing: /home/arrgusr/ROS2Dev/tsr-2027-1/dofbot_ws/install/dofbot_interfaces/lib/python3.12/site-packages/dofbot_interfaces/_dofbot_interfaces_s.ep.rosidl_typesupport_introspection_c.c
[20.125s] -- Installing: /home/arrgusr/ROS2Dev/tsr-2027-1/dofbot_ws/install/dofbot_interfaces/lib/python3.12/site-packages/dofbot_interfaces/dofbot_interfaces_s__rosidl_typesupport_fastrtps_c.so
[20.296s] Listing '/home/arrgusr/ROS2Dev/tsr-2027-1/dofbot_ws/install/dofbot_interfaces/lib/python3.12/site-packages/dofbot_interfaces'...
[20.296s] Compiling '/home/arrgusr/ROS2Dev/tsr-2027-1/dofbot_ws/install/dofbot_interfaces/lib/python3.12/site-packages/dofbot_interfaces/__init__.py'...
[20.296s] Listing '/home/arrgusr/ROS2Dev/tsr-2027-1/dofbot_ws/install/dofbot_interfaces/lib/python3.12/site-packages/dofbot_interfaces/msg'...
[20.296s] Compiling '/home/arrgusr/ROS2Dev/tsr-2027-1/dofbot_ws/install/dofbot_interfaces/lib/python3.12/site-packages/dofbot_interfaces/msg/__init__.py'...
[20.296s] Compiling '/home/arrgusr/ROS2Dev/tsr-2027-1/dofbot_ws/install/dofbot_interfaces/lib/python3.12/site-packages/dofbot_interfaces/msg/_telemetry.py'...
[20.300s] -- Installing: /home/arrgusr/ROS2Dev/tsr-2027-1/dofbot_ws/install/dofbot_interfaces/lib/python3.12/site-packages/dofbot_interfaces/dofbot_interfaces_s__rosidl_typesupport_fastrtps_c.so
[20.300s] -- Set non-toolchain portion of runtime path of "/home/arrgusr/ROS2Dev/tsr-2027-1/dofbot_ws/install/dofbot_interfaces/lib/python3.12/site-packages/dofbot_interfaces/dofbot_interfaces_s__rosidl_typesupport_fastrtps_c.so" to ""
[20.300s] -- Installing: /home/arrgusr/ROS2Dev/tsr-2027-1/dofbot_ws/install/dofbot_interfaces/lib/python3.12/site-packages/dofbot_interfaces/dofbot_interfaces_s__rosidl_typesupport_introspection_c.so
[20.301s] -- Set non-toolchain portion of runtime path of "/home/arrgusr/ROS2Dev/tsr-2027-1/dofbot_ws/install/dofbot_interfaces/lib/python3.12/site-packages/dofbot_interfaces/dofbot_interfaces_s__rosidl_typesupport_introspection_c.so" to ""
[20.301s] -- Installing: /home/arrgusr/ROS2Dev/tsr-2027-1/dofbot_ws/install/dofbot_interfaces/lib/python3.12/site-packages/dofbot_interfaces/dofbot_interfaces_s__rosidl_typesupport_c.so
[20.301s] -- Set non-toolchain portion of runtime path of "/home/arrgusr/ROS2Dev/tsr-2027-1/dofbot_ws/install/dofbot_interfaces/lib/python3.12/site-packages/dofbot_interfaces/dofbot_interfaces_s__rosidl_typesupport_c.so" to ""
[20.301s] -- Installing: /home/arrgusr/ROS2Dev/tsr-2027-1/dofbot_ws/install/dofbot_interfaces/lib/libdofbot_interfaces__rosidl_generator_py.so
[20.302s] -- Set non-toolchain portion of runtime path of "/home/arrgusr/ROS2Dev/tsr-2027-1/dofbot_ws/install/dofbot_interfaces/lib/libdofbot_interfaces__rosidl_generator_py.so" to ""
[20.302s] -- Installing: /home/arrgusr/ROS2Dev/tsr-2027-1/dofbot_ws/install/dofbot_interfaces/share/dofbot_interfaces/rust
[20.302s] -- Installing: /home/arrgusr/ROS2Dev/tsr-2027-1/dofbot_ws/install/dofbot_interfaces/share/dofbot_interfaces/rust/build.rs
[20.302s] -- Installing: /home/arrgusr/ROS2Dev/tsr-2027-1/dofbot_ws/install/dofbot_interfaces/share/dofbot_interfaces/rust/Cargo.toml
[20.302s] -- Installing: /home/arrgusr/ROS2Dev/tsr-2027-1/dofbot_ws/install/dofbot_interfaces/share/dofbot_interfaces/rust/src
[20.302s] -- Installing: /home/arrgusr/ROS2Dev/tsr-2027-1/dofbot_ws/install/dofbot_interfaces/share/dofbot_interfaces/rust/src/msg.rs
[20.302s] -- Installing: /home/arrgusr/ROS2Dev/tsr-2027-1/dofbot_ws/install/dofbot_interfaces/share/dofbot_interfaces/rust/src/msg
[20.302s] -- Installing: /home/arrgusr/ROS2Dev/tsr-2027-1/dofbot_ws/install/dofbot_interfaces/share/dofbot_interfaces/rust/src/msg/rmw.rs
[20.303s] -- Installing: /home/arrgusr/ROS2Dev/tsr-2027-1/dofbot_ws/install/dofbot_interfaces/share/dofbot_interfaces/rust/src/lib.rs
[20.303s] -- Installing: /home/arrgusr/ROS2Dev/tsr-2027-1/dofbot_ws/install/dofbot_interfaces/share/dofbot_interfaces/msg/Telemetry.idl
[20.303s] -- Installing: /home/arrgusr/ROS2Dev/tsr-2027-1/dofbot_ws/install/dofbot_interfaces/share/dofbot_interfaces/msg/Telemetry.msg
[20.303s] -- Installing: /home/arrgusr/ROS2Dev/tsr-2027-1/dofbot_ws/install/dofbot_interfaces/share/ament_index/resource_index/package_run_dependencies/dofbot_interfaces
[20.303s] -- Installing: /home/arrgusr/ROS2Dev/tsr-2027-1/dofbot_ws/install/dofbot_interfaces/share/ament_index/resource_index/parent_prefix_path/dofbot_interfaces
[20.304s] -- Installing: /home/arrgusr/ROS2Dev/tsr-2027-1/dofbot_ws/install/dofbot_interfaces/share/dofbot_interfaces/environment/ament_prefix_path.sh
[20.304s] -- Installing: /home/arrgusr/ROS2Dev/tsr-2027-1/dofbot_ws/install/dofbot_interfaces/share/dofbot_interfaces/environment/ament_prefix_path.dsv
[20.304s] -- Installing: /home/arrgusr/ROS2Dev/tsr-2027-1/dofbot_ws/install/dofbot_interfaces/share/dofbot_interfaces/environment/path.sh
[20.304s] -- Installing: /home/arrgusr/ROS2Dev/tsr-2027-1/dofbot_ws/install/dofbot_interfaces/share/dofbot_interfaces/environment/path.dsv
[20.304s] -- Installing: /home/arrgusr/ROS2Dev/tsr-2027-1/dofbot_ws/install/dofbot_interfaces/share/dofbot_interfaces/local_setup.bash
[20.305s] -- Installing: /home/arrgusr/ROS2Dev/tsr-2027-1/dofbot_ws/install/dofbot_interfaces/share/dofbot_interfaces/local_setup.sh
[20.305s] -- Installing: /home/arrgusr/ROS2Dev/tsr-2027-1/dofbot_ws/install/dofbot_interfaces/share/dofbot_interfaces/local_setup.zsh
[20.305s] -- Installing: /home/arrgusr/ROS2Dev/tsr-2027-1/dofbot_ws/install/dofbot_interfaces/share/dofbot_interfaces/local_setup.dsv
[20.305s] -- Installing: /home/arrgusr/ROS2Dev/tsr-2027-1/dofbot_ws/install/dofbot_interfaces/share/dofbot_interfaces/package.dsv
[20.305s] -- Installing: /home/arrgusr/ROS2Dev/tsr-2027-1/dofbot_ws/install/dofbot_interfaces/share/ament_index/resource_index/packages/dofbot_interfaces
[20.306s] -- Installing: /home/arrgusr/ROS2Dev/tsr-2027-1/dofbot_ws/install/dofbot_interfaces/share/dofbot_interfaces/cmake/export_dofbot_interfaces__rosidl_generator_cExport.cmake
[20.306s] -- Installing: /home/arrgusr/ROS2Dev/tsr-2027-1/dofbot_ws/install/dofbot_interfaces/share/dofbot_interfaces/cmake/export_dofbot_interfaces__rosidl_generator_cExport-noconfig.cmake
[20.306s] -- Installing: /home/arrgusr/ROS2Dev/tsr-2027-1/dofbot_ws/install/dofbot_interfaces/share/dofbot_interfaces/cmake/export_dofbot_interfaces__rosidl_typesupport_fastrtps_cExport.cmake
[20.306s] -- Installing: /home/arrgusr/ROS2Dev/tsr-2027-1/dofbot_ws/install/dofbot_interfaces/share/dofbot_interfaces/cmake/export_dofbot_interfaces__rosidl_typesupport_fastrtps_cExport-noconfig.cmake
[20.306s] -- Installing: /home/arrgusr/ROS2Dev/tsr-2027-1/dofbot_ws/install/dofbot_interfaces/share/dofbot_interfaces/cmake/dofbot_interfaces__rosidl_typesupport_introspection_cExport.cmake
[20.307s] -- Installing: /home/arrgusr/ROS2Dev/tsr-2027-1/dofbot_ws/install/dofbot_interfaces/share/dofbot_interfaces/cmake/dofbot_interfaces__rosidl_typesupport_introspection_cExport-noconfig.cmake
[20.307s] -- Installing: /home/arrgusr/ROS2Dev/tsr-2027-1/dofbot_ws/install/dofbot_interfaces/share/dofbot_interfaces/cmake/dofbot_interfaces__rosidl_typesupport_cExport.cmake
[20.307s] -- Installing: /home/arrgusr/ROS2Dev/tsr-2027-1/dofbot_ws/install/dofbot_interfaces/share/dofbot_interfaces/cmake/dofbot_interfaces__rosidl_typesupport_cExport-noconfig.cmake
[20.307s] -- Installing: /home/arrgusr/ROS2Dev/tsr-2027-1/dofbot_ws/install/dofbot_interfaces/share/dofbot_interfaces/cmake/export_dofbot_interfaces__rosidl_generator_cppExport.cmake
[20.307s] -- Installing: /home/arrgusr/ROS2Dev/tsr-2027-1/dofbot_ws/install/dofbot_interfaces/share/dofbot_interfaces/cmake/export_dofbot_interfaces__rosidl_typesupport_fastrtps_cppExport.cmake
[20.307s] -- Installing: /home/arrgusr/ROS2Dev/tsr-2027-1/dofbot_ws/install/dofbot_interfaces/share/dofbot_interfaces/cmake/export_dofbot_interfaces__rosidl_typesupport_fastrtps_cppExport-noconfig.cmake
[20.308s] -- Installing: /home/arrgusr/ROS2Dev/tsr-2027-1/dofbot_ws/install/dofbot_interfaces/share/dofbot_interfaces/cmake/dofbot_interfaces__rosidl_typesupport_introspection_cppExport.cmake
[20.308s] -- Installing: /home/arrgusr/ROS2Dev/tsr-2027-1/dofbot_ws/install/dofbot_interfaces/share/dofbot_interfaces/cmake/dofbot_interfaces__rosidl_typesupport_introspection_cppExport-noconfig.cmake
[20.308s] -- Installing: /home/arrgusr/ROS2Dev/tsr-2027-1/dofbot_ws/install/dofbot_interfaces/share/dofbot_interfaces/cmake/dofbot_interfaces__rosidl_typesupport_cppExport.cmake
[20.308s] -- Installing: /home/arrgusr/ROS2Dev/tsr-2027-1/dofbot_ws/install/dofbot_interfaces/share/dofbot_interfaces/cmake/dofbot_interfaces__rosidl_typesupport_cppExport-noconfig.cmake
[20.308s] -- Installing: /home/arrgusr/ROS2Dev/tsr-2027-1/dofbot_ws/install/dofbot_interfaces/share/dofbot_interfaces/cmake/export_dofbot_interfaces__rosidl_generator_pyExport.cmake
[20.309s] -- Installing: /home/arrgusr/ROS2Dev/tsr-2027-1/dofbot_ws/install/dofbot_interfaces/share/dofbot_interfaces/cmake/export_dofbot_interfaces__rosidl_generator_pyExport-noconfig.cmake
[20.309s] -- Installing: /home/arrgusr/ROS2Dev/tsr-2027-1/dofbot_ws/install/dofbot_interfaces/share/dofbot_interfaces/cmake/rosidl_cmake-extras.cmake
[20.309s] -- Installing: /home/arrgusr/ROS2Dev/tsr-2027-1/dofbot_ws/install/dofbot_interfaces/share/dofbot_interfaces/cmake/ament_cmake_export_include_directories-extras.cmake
[20.309s] -- Installing: /home/arrgusr/ROS2Dev/tsr-2027-1/dofbot_ws/install/dofbot_interfaces/share/dofbot_interfaces/cmake/ament_cmake_export_libraries-extras.cmake
[20.309s] -- Installing: /home/arrgusr/ROS2Dev/tsr-2027-1/dofbot_ws/install/dofbot_interfaces/share/dofbot_interfaces/cmake/ament_cmake_export_targets-extras.cmake
[20.310s] -- Installing: /home/arrgusr/ROS2Dev/tsr-2027-1/dofbot_ws/install/dofbot_interfaces/share/dofbot_interfaces/cmake/rosidl_cmake_export_typesupport_targets-extras.cmake
[20.310s] -- Installing: /home/arrgusr/ROS2Dev/tsr-2027-1/dofbot_ws/install/dofbot_interfaces/share/dofbot_interfaces/cmake/ament_cmake_export_dependencies-extras.cmake
[20.310s] -- Installing: /home/arrgusr/ROS2Dev/tsr-2027-1/dofbot_ws/install/dofbot_interfaces/share/dofbot_interfaces/cmake/rosidl_cmake_export_typesupport_libraries-extras.cmake
[20.310s] -- Installing: /home/arrgusr/ROS2Dev/tsr-2027-1/dofbot_ws/install/dofbot_interfaces/share/dofbot_interfaces/cmake/rosidl_cmake_aggregate_target-extras.cmake
[20.310s] -- Installing: /home/arrgusr/ROS2Dev/tsr-2027-1/dofbot_ws/install/dofbot_interfaces/share/dofbot_interfaces/cmake/dofbot_interfacesConfig.cmake
[20.310s] -- Installing: /home/arrgusr/ROS2Dev/tsr-2027-1/dofbot_ws/install/dofbot_interfaces/share/dofbot_interfaces/cmake/dofbot_interfacesConfig-version.cmake
[20.311s] -- Installing: /home/arrgusr/ROS2Dev/tsr-2027-1/dofbot_ws/install/dofbot_interfaces/share/dofbot_interfaces/package.xml
[20.313s] Invoked command in '/home/arrgusr/ROS2Dev/tsr-2027-1/dofbot_ws/build/dofbot_interfaces' returned '0': CMAKE_PREFIX_PATH=${CMAKE_PREFIX_PATH}:/home/arrgusr/ROS2Dev/tsr-2027-1/dofbot_ws/install/primer_py:/opt/ros/jazzy DEBUGINFOD_URLS=https://debuginfod.ubuntu.com /usr/bin/cmake --install /home/arrgusr/ROS2Dev/tsr-2027-1/dofbot_ws/build/dofbot_interfaces
