[0.085s] DEBUG:colcon:Command line arguments: ['/usr/bin/colcon', 'build', '--packages-select', 'dofbot_interfaces', '--allow-overriding', 'dofbot_interfaces']
[0.085s] DEBUG:colcon:Parsed command line arguments: Namespace(log_base=None, log_level=None, verb_name='build', build_base='build', install_base='install', merge_install=False, symlink_install=False, test_result_base=None, continue_on_error=False, executor='parallel', parallel_workers=2, event_handlers=None, ignore_user_meta=False, metas=['./colcon.meta'], base_paths=['.'], packages_ignore=None, packages_ignore_regex=None, paths=None, packages_up_to=None, packages_up_to_regex=None, packages_above=None, packages_above_and_dependencies=None, packages_above_depth=None, packages_select_by_dep=None, packages_skip_by_dep=None, packages_skip_up_to=None, packages_select_build_failed=False, packages_skip_build_finished=False, packages_select_test_failures=False, packages_skip_test_passed=False, packages_select=['dofbot_interfaces'], packages_skip=None, packages_select_regex=None, packages_skip_regex=None, packages_start=None, packages_end=None, allow_overriding=['dofbot_interfaces'], cmake_args=None, cmake_target=None, cmake_target_skip_unavailable=False, cmake_clean_cache=False, cmake_clean_first=False, cmake_force_configure=False, ament_cmake_args=None, catkin_cmake_args=None, catkin_skip_building_tests=False, mixin_files=None, mixin=None, verb_parser=<colcon_mixin.mixin.mixin_argument.MixinArgumentDecorator object at 0x7127cc985c10>, verb_extension=<colcon_core.verb.build.BuildVerb object at 0x7127cc985910>, main=<bound method BuildVerb.main of <colcon_core.verb.build.BuildVerb object at 0x7127cc985910>>, mixin_verb=('build',))
[0.115s] Level 1:colcon.colcon_core.package_discovery:discover_packages(colcon_meta) check parameters
[0.115s] Level 1:colcon.colcon_core.package_discovery:discover_packages(recursive) check parameters
[0.115s] Level 1:colcon.colcon_core.package_discovery:discover_packages(ignore) check parameters
[0.115s] Level 1:colcon.colcon_core.package_discovery:discover_packages(path) check parameters
[0.115s] Level 1:colcon.colcon_core.package_discovery:discover_packages(colcon_meta) discover
[0.115s] Level 1:colcon.colcon_core.package_discovery:discover_packages(recursive) discover
[0.116s] INFO:colcon.colcon_core.package_discovery:Crawling recursively for packages in '/home/arrgusr/ROS2Dev/tsr-2027-1/dofbot_ws'
[0.116s] Level 1:colcon.colcon_core.package_identification:_identify(.) by extensions ['ignore', 'ignore_ament_install']
[0.116s] Level 1:colcon.colcon_core.package_identification:_identify(.) by extension 'ignore'
[0.116s] Level 1:colcon.colcon_core.package_identification:_identify(.) by extension 'ignore_ament_install'
[0.116s] Level 1:colcon.colcon_core.package_identification:_identify(.) by extensions ['colcon_pkg']
[0.116s] Level 1:colcon.colcon_core.package_identification:_identify(.) by extension 'colcon_pkg'
[0.116s] Level 1:colcon.colcon_core.package_identification:_identify(.) by extensions ['colcon_meta']
[0.116s] Level 1:colcon.colcon_core.package_identification:_identify(.) by extension 'colcon_meta'
[0.116s] Level 1:colcon.colcon_core.package_identification:_identify(.) by extensions ['ros']
[0.116s] Level 1:colcon.colcon_core.package_identification:_identify(.) by extension 'ros'
[0.135s] Level 1:colcon.colcon_core.package_identification:_identify(.) by extensions ['cmake', 'python']
[0.135s] Level 1:colcon.colcon_core.package_identification:_identify(.) by extension 'cmake'
[0.135s] Level 1:colcon.colcon_core.package_identification:_identify(.) by extension 'python'
[0.135s] Level 1:colcon.colcon_core.package_identification:_identify(.) by extensions ['python_setup_py']
[0.135s] Level 1:colcon.colcon_core.package_identification:_identify(.) by extension 'python_setup_py'
[0.135s] Level 1:colcon.colcon_core.package_identification:_identify(build) by extensions ['ignore', 'ignore_ament_install']
[0.135s] Level 1:colcon.colcon_core.package_identification:_identify(build) by extension 'ignore'
[0.135s] Level 1:colcon.colcon_core.package_identification:_identify(build) ignored
[0.135s] Level 1:colcon.colcon_core.package_identification:_identify(install) by extensions ['ignore', 'ignore_ament_install']
[0.135s] Level 1:colcon.colcon_core.package_identification:_identify(install) by extension 'ignore'
[0.135s] Level 1:colcon.colcon_core.package_identification:_identify(install) ignored
[0.135s] Level 1:colcon.colcon_core.package_identification:_identify(log) by extensions ['ignore', 'ignore_ament_install']
[0.135s] Level 1:colcon.colcon_core.package_identification:_identify(log) by extension 'ignore'
[0.135s] Level 1:colcon.colcon_core.package_identification:_identify(log) ignored
[0.136s] Level 1:colcon.colcon_core.package_identification:_identify(src) by extensions ['ignore', 'ignore_ament_install']
[0.136s] Level 1:colcon.colcon_core.package_identification:_identify(src) by extension 'ignore'
[0.136s] Level 1:colcon.colcon_core.package_identification:_identify(src) by extension 'ignore_ament_install'
[0.136s] Level 1:colcon.colcon_core.package_identification:_identify(src) by extensions ['colcon_pkg']
[0.136s] Level 1:colcon.colcon_core.package_identification:_identify(src) by extension 'colcon_pkg'
[0.136s] Level 1:colcon.colcon_core.package_identification:_identify(src) by extensions ['colcon_meta']
[0.136s] Level 1:colcon.colcon_core.package_identification:_identify(src) by extension 'colcon_meta'
[0.136s] Level 1:colcon.colcon_core.package_identification:_identify(src) by extensions ['ros']
[0.136s] Level 1:colcon.colcon_core.package_identification:_identify(src) by extension 'ros'
[0.136s] Level 1:colcon.colcon_core.package_identification:_identify(src) by extensions ['cmake', 'python']
[0.136s] Level 1:colcon.colcon_core.package_identification:_identify(src) by extension 'cmake'
[0.136s] Level 1:colcon.colcon_core.package_identification:_identify(src) by extension 'python'
[0.136s] Level 1:colcon.colcon_core.package_identification:_identify(src) by extensions ['python_setup_py']
[0.136s] Level 1:colcon.colcon_core.package_identification:_identify(src) by extension 'python_setup_py'
[0.136s] Level 1:colcon.colcon_core.package_identification:_identify(src/dofbot_interfaces) by extensions ['ignore', 'ignore_ament_install']
[0.136s] Level 1:colcon.colcon_core.package_identification:_identify(src/dofbot_interfaces) by extension 'ignore'
[0.136s] Level 1:colcon.colcon_core.package_identification:_identify(src/dofbot_interfaces) by extension 'ignore_ament_install'
[0.136s] Level 1:colcon.colcon_core.package_identification:_identify(src/dofbot_interfaces) by extensions ['colcon_pkg']
[0.136s] Level 1:colcon.colcon_core.package_identification:_identify(src/dofbot_interfaces) by extension 'colcon_pkg'
[0.136s] Level 1:colcon.colcon_core.package_identification:_identify(src/dofbot_interfaces) by extensions ['colcon_meta']
[0.136s] Level 1:colcon.colcon_core.package_identification:_identify(src/dofbot_interfaces) by extension 'colcon_meta'
[0.136s] Level 1:colcon.colcon_core.package_identification:_identify(src/dofbot_interfaces) by extensions ['ros']
[0.136s] Level 1:colcon.colcon_core.package_identification:_identify(src/dofbot_interfaces) by extension 'ros'
[0.138s] DEBUG:colcon.colcon_core.package_identification:Package 'src/dofbot_interfaces' with type 'ros.ament_cmake' and name 'dofbot_interfaces'
[0.138s] Level 1:colcon.colcon_core.package_identification:_identify(src/dofbot_telemetry) by extensions ['ignore', 'ignore_ament_install']
[0.138s] Level 1:colcon.colcon_core.package_identification:_identify(src/dofbot_telemetry) by extension 'ignore'
[0.138s] Level 1:colcon.colcon_core.package_identification:_identify(src/dofbot_telemetry) by extension 'ignore_ament_install'
[0.138s] Level 1:colcon.colcon_core.package_identification:_identify(src/dofbot_telemetry) by extensions ['colcon_pkg']
[0.138s] Level 1:colcon.colcon_core.package_identification:_identify(src/dofbot_telemetry) by extension 'colcon_pkg'
[0.138s] Level 1:colcon.colcon_core.package_identification:_identify(src/dofbot_telemetry) by extensions ['colcon_meta']
[0.138s] Level 1:colcon.colcon_core.package_identification:_identify(src/dofbot_telemetry) by extension 'colcon_meta'
[0.138s] Level 1:colcon.colcon_core.package_identification:_identify(src/dofbot_telemetry) by extensions ['ros']
[0.138s] Level 1:colcon.colcon_core.package_identification:_identify(src/dofbot_telemetry) by extension 'ros'
[0.139s] DEBUG:colcon.colcon_core.package_identification:Package 'src/dofbot_telemetry' with type 'ros.ament_python' and name 'dofbot_telemetry'
[0.139s] Level 1:colcon.colcon_core.package_identification:_identify(src/primer_cpp) by extensions ['ignore', 'ignore_ament_install']
[0.139s] Level 1:colcon.colcon_core.package_identification:_identify(src/primer_cpp) by extension 'ignore'
[0.139s] Level 1:colcon.colcon_core.package_identification:_identify(src/primer_cpp) by extension 'ignore_ament_install'
[0.139s] Level 1:colcon.colcon_core.package_identification:_identify(src/primer_cpp) by extensions ['colcon_pkg']
[0.139s] Level 1:colcon.colcon_core.package_identification:_identify(src/primer_cpp) by extension 'colcon_pkg'
[0.139s] Level 1:colcon.colcon_core.package_identification:_identify(src/primer_cpp) by extensions ['colcon_meta']
[0.139s] Level 1:colcon.colcon_core.package_identification:_identify(src/primer_cpp) by extension 'colcon_meta'
[0.139s] Level 1:colcon.colcon_core.package_identification:_identify(src/primer_cpp) by extensions ['ros']
[0.139s] Level 1:colcon.colcon_core.package_identification:_identify(src/primer_cpp) by extension 'ros'
[0.139s] DEBUG:colcon.colcon_core.package_identification:Package 'src/primer_cpp' with type 'ros.ament_cmake' and name 'primer_cpp'
[0.139s] Level 1:colcon.colcon_core.package_identification:_identify(src/primer_py) by extensions ['ignore', 'ignore_ament_install']
[0.139s] Level 1:colcon.colcon_core.package_identification:_identify(src/primer_py) by extension 'ignore'
[0.139s] Level 1:colcon.colcon_core.package_identification:_identify(src/primer_py) by extension 'ignore_ament_install'
[0.139s] Level 1:colcon.colcon_core.package_identification:_identify(src/primer_py) by extensions ['colcon_pkg']
[0.140s] Level 1:colcon.colcon_core.package_identification:_identify(src/primer_py) by extension 'colcon_pkg'
[0.140s] Level 1:colcon.colcon_core.package_identification:_identify(src/primer_py) by extensions ['colcon_meta']
[0.140s] Level 1:colcon.colcon_core.package_identification:_identify(src/primer_py) by extension 'colcon_meta'
[0.140s] Level 1:colcon.colcon_core.package_identification:_identify(src/primer_py) by extensions ['ros']
[0.140s] Level 1:colcon.colcon_core.package_identification:_identify(src/primer_py) by extension 'ros'
[0.140s] DEBUG:colcon.colcon_core.package_identification:Package 'src/primer_py' with type 'ros.ament_python' and name 'primer_py'
[0.140s] Level 1:colcon.colcon_core.package_discovery:discover_packages(recursive) using defaults
[0.140s] Level 1:colcon.colcon_core.package_discovery:discover_packages(ignore) discover
[0.140s] Level 1:colcon.colcon_core.package_discovery:discover_packages(ignore) using defaults
[0.140s] Level 1:colcon.colcon_core.package_discovery:discover_packages(path) discover
[0.140s] Level 1:colcon.colcon_core.package_discovery:discover_packages(path) using defaults
[0.155s] INFO:colcon.colcon_core.package_selection:Skipping not selected package 'primer_cpp' in 'src/primer_cpp'
[0.155s] INFO:colcon.colcon_core.package_selection:Skipping not selected package 'primer_py' in 'src/primer_py'
[0.155s] INFO:colcon.colcon_core.package_selection:Skipping not selected package 'dofbot_telemetry' in 'src/dofbot_telemetry'
[0.155s] Level 1:colcon.colcon_core.package_discovery:discover_packages(prefix_path) check parameters
[0.155s] Level 1:colcon.colcon_core.package_discovery:discover_packages(prefix_path) discover
[0.156s] DEBUG:colcon.colcon_installed_package_information.package_discovery:Found 3 installed packages in /home/arrgusr/ROS2Dev/tsr-2027-1/dofbot_ws/install
[0.157s] DEBUG:colcon.colcon_installed_package_information.package_discovery:Found 287 installed packages in /opt/ros/jazzy
[0.158s] Level 1:colcon.colcon_core.package_discovery:discover_packages(prefix_path) using defaults
[0.187s] Level 5:colcon.colcon_core.verb:set package 'dofbot_interfaces' build argument 'cmake_args' from command line to 'None'
[0.187s] Level 5:colcon.colcon_core.verb:set package 'dofbot_interfaces' build argument 'cmake_target' from command line to 'None'
[0.188s] Level 5:colcon.colcon_core.verb:set package 'dofbot_interfaces' build argument 'cmake_target_skip_unavailable' from command line to 'False'
[0.188s] Level 5:colcon.colcon_core.verb:set package 'dofbot_interfaces' build argument 'cmake_clean_cache' from command line to 'False'
[0.188s] Level 5:colcon.colcon_core.verb:set package 'dofbot_interfaces' build argument 'cmake_clean_first' from command line to 'False'
[0.188s] Level 5:colcon.colcon_core.verb:set package 'dofbot_interfaces' build argument 'cmake_force_configure' from command line to 'False'
[0.188s] Level 5:colcon.colcon_core.verb:set package 'dofbot_interfaces' build argument 'ament_cmake_args' from command line to 'None'
[0.188s] Level 5:colcon.colcon_core.verb:set package 'dofbot_interfaces' build argument 'catkin_cmake_args' from command line to 'None'
[0.188s] Level 5:colcon.colcon_core.verb:set package 'dofbot_interfaces' build argument 'catkin_skip_building_tests' from command line to 'False'
[0.188s] DEBUG:colcon.colcon_core.verb:Building package 'dofbot_interfaces' with the following arguments: {'ament_cmake_args': None, 'build_base': '/home/arrgusr/ROS2Dev/tsr-2027-1/dofbot_ws/build/dofbot_interfaces', 'catkin_cmake_args': None, 'catkin_skip_building_tests': False, 'cmake_args': None, 'cmake_clean_cache': False, 'cmake_clean_first': False, 'cmake_force_configure': False, 'cmake_target': None, 'cmake_target_skip_unavailable': False, 'install_base': '/home/arrgusr/ROS2Dev/tsr-2027-1/dofbot_ws/install/dofbot_interfaces', 'merge_install': False, 'path': '/home/arrgusr/ROS2Dev/tsr-2027-1/dofbot_ws/src/dofbot_interfaces', 'symlink_install': False, 'test_result_base': None}
[0.188s] INFO:colcon.colcon_core.executor:Executing jobs using 'parallel' executor
[0.189s] DEBUG:colcon.colcon_parallel_executor.executor.parallel:run_until_complete
[0.189s] INFO:colcon.colcon_ros.task.ament_cmake.build:Building ROS package in '/home/arrgusr/ROS2Dev/tsr-2027-1/dofbot_ws/src/dofbot_interfaces' with build type 'ament_cmake'
[0.189s] INFO:colcon.colcon_cmake.task.cmake.build:Building CMake package in '/home/arrgusr/ROS2Dev/tsr-2027-1/dofbot_ws/src/dofbot_interfaces'
[0.192s] INFO:colcon.colcon_core.plugin_system:Skipping extension 'colcon_core.shell.bat': Not used on non-Windows systems
[0.192s] INFO:colcon.colcon_core.shell:Skip shell extension 'powershell' for command environment: Not usable outside of PowerShell
[0.192s] DEBUG:colcon.colcon_core.shell:Skip shell extension 'dsv' for command environment
[0.210s] DEBUG:colcon.colcon_core.event_handler.log_command:Invoking command in '/home/arrgusr/ROS2Dev/tsr-2027-1/dofbot_ws/build/dofbot_interfaces': CMAKE_PREFIX_PATH=${CMAKE_PREFIX_PATH}:/home/arrgusr/ROS2Dev/tsr-2027-1/dofbot_ws/install/primer_py:/home/arrgusr/ROS2Dev/tsr-2027-1/dofbot_ws/install/dofbot_telemetry:/opt/ros/jazzy DEBUGINFOD_URLS=https://debuginfod.ubuntu.com /usr/bin/cmake --build /home/arrgusr/ROS2Dev/tsr-2027-1/dofbot_ws/build/dofbot_interfaces -- -j2 -l2
[0.906s] DEBUG:colcon.colcon_core.event_handler.log_command:Invoked command in '/home/arrgusr/ROS2Dev/tsr-2027-1/dofbot_ws/build/dofbot_interfaces' returned '0': CMAKE_PREFIX_PATH=${CMAKE_PREFIX_PATH}:/home/arrgusr/ROS2Dev/tsr-2027-1/dofbot_ws/install/primer_py:/home/arrgusr/ROS2Dev/tsr-2027-1/dofbot_ws/install/dofbot_telemetry:/opt/ros/jazzy DEBUGINFOD_URLS=https://debuginfod.ubuntu.com /usr/bin/cmake --build /home/arrgusr/ROS2Dev/tsr-2027-1/dofbot_ws/build/dofbot_interfaces -- -j2 -l2
[0.922s] DEBUG:colcon.colcon_core.event_handler.log_command:Invoking command in '/home/arrgusr/ROS2Dev/tsr-2027-1/dofbot_ws/build/dofbot_interfaces': CMAKE_PREFIX_PATH=${CMAKE_PREFIX_PATH}:/home/arrgusr/ROS2Dev/tsr-2027-1/dofbot_ws/install/primer_py:/home/arrgusr/ROS2Dev/tsr-2027-1/dofbot_ws/install/dofbot_telemetry:/opt/ros/jazzy DEBUGINFOD_URLS=https://debuginfod.ubuntu.com /usr/bin/cmake --install /home/arrgusr/ROS2Dev/tsr-2027-1/dofbot_ws/build/dofbot_interfaces
[1.080s] Level 1:colcon.colcon_core.environment:create_environment_scripts_only(dofbot_interfaces)
[1.080s] DEBUG:colcon.colcon_core.event_handler.log_command:Invoked command in '/home/arrgusr/ROS2Dev/tsr-2027-1/dofbot_ws/build/dofbot_interfaces' returned '0': CMAKE_PREFIX_PATH=${CMAKE_PREFIX_PATH}:/home/arrgusr/ROS2Dev/tsr-2027-1/dofbot_ws/install/primer_py:/home/arrgusr/ROS2Dev/tsr-2027-1/dofbot_ws/install/dofbot_telemetry:/opt/ros/jazzy DEBUGINFOD_URLS=https://debuginfod.ubuntu.com /usr/bin/cmake --install /home/arrgusr/ROS2Dev/tsr-2027-1/dofbot_ws/build/dofbot_interfaces
[1.082s] Level 1:colcon.colcon_core.environment:checking '/home/arrgusr/ROS2Dev/tsr-2027-1/dofbot_ws/install/dofbot_interfaces' for CMake module files
[1.082s] Level 1:colcon.colcon_core.environment:checking '/home/arrgusr/ROS2Dev/tsr-2027-1/dofbot_ws/install/dofbot_interfaces' for CMake config files
[1.083s] Level 1:colcon.colcon_core.shell:create_environment_hook('dofbot_interfaces', 'cmake_prefix_path')
[1.083s] INFO:colcon.colcon_core.shell:Creating environment hook '/home/arrgusr/ROS2Dev/tsr-2027-1/dofbot_ws/install/dofbot_interfaces/share/dofbot_interfaces/hook/cmake_prefix_path.ps1'
[1.084s] INFO:colcon.colcon_core.shell:Creating environment descriptor '/home/arrgusr/ROS2Dev/tsr-2027-1/dofbot_ws/install/dofbot_interfaces/share/dofbot_interfaces/hook/cmake_prefix_path.dsv'
[1.084s] INFO:colcon.colcon_core.shell:Creating environment hook '/home/arrgusr/ROS2Dev/tsr-2027-1/dofbot_ws/install/dofbot_interfaces/share/dofbot_interfaces/hook/cmake_prefix_path.sh'
[1.085s] Level 1:colcon.colcon_core.environment:checking '/home/arrgusr/ROS2Dev/tsr-2027-1/dofbot_ws/install/dofbot_interfaces/lib'
[1.085s] Level 1:colcon.colcon_core.shell:create_environment_hook('dofbot_interfaces', 'ld_library_path_lib')
[1.085s] INFO:colcon.colcon_core.shell:Creating environment hook '/home/arrgusr/ROS2Dev/tsr-2027-1/dofbot_ws/install/dofbot_interfaces/share/dofbot_interfaces/hook/ld_library_path_lib.ps1'
[1.086s] INFO:colcon.colcon_core.shell:Creating environment descriptor '/home/arrgusr/ROS2Dev/tsr-2027-1/dofbot_ws/install/dofbot_interfaces/share/dofbot_interfaces/hook/ld_library_path_lib.dsv'
[1.086s] INFO:colcon.colcon_core.shell:Creating environment hook '/home/arrgusr/ROS2Dev/tsr-2027-1/dofbot_ws/install/dofbot_interfaces/share/dofbot_interfaces/hook/ld_library_path_lib.sh'
[1.086s] Level 1:colcon.colcon_core.environment:checking '/home/arrgusr/ROS2Dev/tsr-2027-1/dofbot_ws/install/dofbot_interfaces/bin'
[1.086s] Level 1:colcon.colcon_core.environment:checking '/home/arrgusr/ROS2Dev/tsr-2027-1/dofbot_ws/install/dofbot_interfaces/lib/pkgconfig/dofbot_interfaces.pc'
[1.087s] Level 1:colcon.colcon_core.environment:checking '/home/arrgusr/ROS2Dev/tsr-2027-1/dofbot_ws/install/dofbot_interfaces/lib/python3.12/site-packages'
[1.087s] Level 1:colcon.colcon_core.shell:create_environment_hook('dofbot_interfaces', 'pythonpath')
[1.087s] INFO:colcon.colcon_core.shell:Creating environment hook '/home/arrgusr/ROS2Dev/tsr-2027-1/dofbot_ws/install/dofbot_interfaces/share/dofbot_interfaces/hook/pythonpath.ps1'
[1.087s] INFO:colcon.colcon_core.shell:Creating environment descriptor '/home/arrgusr/ROS2Dev/tsr-2027-1/dofbot_ws/install/dofbot_interfaces/share/dofbot_interfaces/hook/pythonpath.dsv'
[1.087s] INFO:colcon.colcon_core.shell:Creating environment hook '/home/arrgusr/ROS2Dev/tsr-2027-1/dofbot_ws/install/dofbot_interfaces/share/dofbot_interfaces/hook/pythonpath.sh'
[1.088s] Level 1:colcon.colcon_core.environment:checking '/home/arrgusr/ROS2Dev/tsr-2027-1/dofbot_ws/install/dofbot_interfaces/bin'
[1.088s] INFO:colcon.colcon_core.shell:Creating package script '/home/arrgusr/ROS2Dev/tsr-2027-1/dofbot_ws/install/dofbot_interfaces/share/dofbot_interfaces/package.ps1'
[1.089s] INFO:colcon.colcon_core.shell:Creating package descriptor '/home/arrgusr/ROS2Dev/tsr-2027-1/dofbot_ws/install/dofbot_interfaces/share/dofbot_interfaces/package.dsv'
[1.092s] INFO:colcon.colcon_core.shell:Creating package script '/home/arrgusr/ROS2Dev/tsr-2027-1/dofbot_ws/install/dofbot_interfaces/share/dofbot_interfaces/package.sh'
[1.093s] INFO:colcon.colcon_core.shell:Creating package script '/home/arrgusr/ROS2Dev/tsr-2027-1/dofbot_ws/install/dofbot_interfaces/share/dofbot_interfaces/package.bash'
[1.094s] INFO:colcon.colcon_core.shell:Creating package script '/home/arrgusr/ROS2Dev/tsr-2027-1/dofbot_ws/install/dofbot_interfaces/share/dofbot_interfaces/package.zsh'
[1.094s] Level 1:colcon.colcon_core.environment:create_file_with_runtime_dependencies(/home/arrgusr/ROS2Dev/tsr-2027-1/dofbot_ws/install/dofbot_interfaces/share/colcon-core/packages/dofbot_interfaces)
[1.095s] Level 1:colcon.colcon_core.environment:create_environment_scripts_only(dofbot_interfaces)
[1.096s] Level 1:colcon.colcon_core.environment:checking '/home/arrgusr/ROS2Dev/tsr-2027-1/dofbot_ws/install/dofbot_interfaces' for CMake module files
[1.096s] Level 1:colcon.colcon_core.environment:checking '/home/arrgusr/ROS2Dev/tsr-2027-1/dofbot_ws/install/dofbot_interfaces' for CMake config files
[1.096s] Level 1:colcon.colcon_core.shell:create_environment_hook('dofbot_interfaces', 'cmake_prefix_path')
[1.097s] INFO:colcon.colcon_core.shell:Creating environment hook '/home/arrgusr/ROS2Dev/tsr-2027-1/dofbot_ws/install/dofbot_interfaces/share/dofbot_interfaces/hook/cmake_prefix_path.ps1'
[1.097s] INFO:colcon.colcon_core.shell:Creating environment descriptor '/home/arrgusr/ROS2Dev/tsr-2027-1/dofbot_ws/install/dofbot_interfaces/share/dofbot_interfaces/hook/cmake_prefix_path.dsv'
[1.098s] INFO:colcon.colcon_core.shell:Creating environment hook '/home/arrgusr/ROS2Dev/tsr-2027-1/dofbot_ws/install/dofbot_interfaces/share/dofbot_interfaces/hook/cmake_prefix_path.sh'
[1.099s] Level 1:colcon.colcon_core.environment:checking '/home/arrgusr/ROS2Dev/tsr-2027-1/dofbot_ws/install/dofbot_interfaces/lib'
[1.099s] Level 1:colcon.colcon_core.shell:create_environment_hook('dofbot_interfaces', 'ld_library_path_lib')
[1.099s] INFO:colcon.colcon_core.shell:Creating environment hook '/home/arrgusr/ROS2Dev/tsr-2027-1/dofbot_ws/install/dofbot_interfaces/share/dofbot_interfaces/hook/ld_library_path_lib.ps1'
[1.100s] INFO:colcon.colcon_core.shell:Creating environment descriptor '/home/arrgusr/ROS2Dev/tsr-2027-1/dofbot_ws/install/dofbot_interfaces/share/dofbot_interfaces/hook/ld_library_path_lib.dsv'
[1.100s] INFO:colcon.colcon_core.shell:Creating environment hook '/home/arrgusr/ROS2Dev/tsr-2027-1/dofbot_ws/install/dofbot_interfaces/share/dofbot_interfaces/hook/ld_library_path_lib.sh'
[1.101s] Level 1:colcon.colcon_core.environment:checking '/home/arrgusr/ROS2Dev/tsr-2027-1/dofbot_ws/install/dofbot_interfaces/bin'
[1.101s] Level 1:colcon.colcon_core.environment:checking '/home/arrgusr/ROS2Dev/tsr-2027-1/dofbot_ws/install/dofbot_interfaces/lib/pkgconfig/dofbot_interfaces.pc'
[1.101s] Level 1:colcon.colcon_core.environment:checking '/home/arrgusr/ROS2Dev/tsr-2027-1/dofbot_ws/install/dofbot_interfaces/lib/python3.12/site-packages'
[1.101s] Level 1:colcon.colcon_core.shell:create_environment_hook('dofbot_interfaces', 'pythonpath')
[1.101s] INFO:colcon.colcon_core.shell:Creating environment hook '/home/arrgusr/ROS2Dev/tsr-2027-1/dofbot_ws/install/dofbot_interfaces/share/dofbot_interfaces/hook/pythonpath.ps1'
[1.102s] INFO:colcon.colcon_core.shell:Creating environment descriptor '/home/arrgusr/ROS2Dev/tsr-2027-1/dofbot_ws/install/dofbot_interfaces/share/dofbot_interfaces/hook/pythonpath.dsv'
[1.103s] INFO:colcon.colcon_core.shell:Creating environment hook '/home/arrgusr/ROS2Dev/tsr-2027-1/dofbot_ws/install/dofbot_interfaces/share/dofbot_interfaces/hook/pythonpath.sh'
[1.103s] Level 1:colcon.colcon_core.environment:checking '/home/arrgusr/ROS2Dev/tsr-2027-1/dofbot_ws/install/dofbot_interfaces/bin'
[1.104s] INFO:colcon.colcon_core.shell:Creating package script '/home/arrgusr/ROS2Dev/tsr-2027-1/dofbot_ws/install/dofbot_interfaces/share/dofbot_interfaces/package.ps1'
[1.104s] INFO:colcon.colcon_core.shell:Creating package descriptor '/home/arrgusr/ROS2Dev/tsr-2027-1/dofbot_ws/install/dofbot_interfaces/share/dofbot_interfaces/package.dsv'
[1.105s] INFO:colcon.colcon_core.shell:Creating package script '/home/arrgusr/ROS2Dev/tsr-2027-1/dofbot_ws/install/dofbot_interfaces/share/dofbot_interfaces/package.sh'
[1.105s] INFO:colcon.colcon_core.shell:Creating package script '/home/arrgusr/ROS2Dev/tsr-2027-1/dofbot_ws/install/dofbot_interfaces/share/dofbot_interfaces/package.bash'
[1.106s] INFO:colcon.colcon_core.shell:Creating package script '/home/arrgusr/ROS2Dev/tsr-2027-1/dofbot_ws/install/dofbot_interfaces/share/dofbot_interfaces/package.zsh'
[1.106s] Level 1:colcon.colcon_core.environment:create_file_with_runtime_dependencies(/home/arrgusr/ROS2Dev/tsr-2027-1/dofbot_ws/install/dofbot_interfaces/share/colcon-core/packages/dofbot_interfaces)
[1.107s] DEBUG:colcon.colcon_parallel_executor.executor.parallel:closing loop
[1.107s] DEBUG:colcon.colcon_parallel_executor.executor.parallel:loop closed
[1.108s] DEBUG:colcon.colcon_parallel_executor.executor.parallel:run_until_complete finished with '0'
[1.108s] DEBUG:colcon.colcon_core.event_reactor:joining thread
[1.112s] INFO:colcon.colcon_core.plugin_system:Skipping extension 'colcon_notification.desktop_notification.terminal_notifier': Not used on non-Darwin systems
[1.112s] INFO:colcon.colcon_core.plugin_system:Skipping extension 'colcon_notification.desktop_notification.win32': Not used on non-Windows systems
[1.112s] INFO:colcon.colcon_notification.desktop_notification:Sending desktop notification using 'notify2'
[1.128s] DEBUG:colcon.colcon_core.event_reactor:joined thread
[1.129s] INFO:colcon.colcon_core.shell:Creating prefix script '/home/arrgusr/ROS2Dev/tsr-2027-1/dofbot_ws/install/local_setup.ps1'
[1.130s] INFO:colcon.colcon_core.shell:Creating prefix util module '/home/arrgusr/ROS2Dev/tsr-2027-1/dofbot_ws/install/_local_setup_util_ps1.py'
[1.132s] INFO:colcon.colcon_core.shell:Creating prefix chain script '/home/arrgusr/ROS2Dev/tsr-2027-1/dofbot_ws/install/setup.ps1'
[1.133s] INFO:colcon.colcon_core.shell:Creating prefix script '/home/arrgusr/ROS2Dev/tsr-2027-1/dofbot_ws/install/local_setup.sh'
[1.134s] INFO:colcon.colcon_core.shell:Creating prefix util module '/home/arrgusr/ROS2Dev/tsr-2027-1/dofbot_ws/install/_local_setup_util_sh.py'
[1.134s] INFO:colcon.colcon_core.shell:Creating prefix chain script '/home/arrgusr/ROS2Dev/tsr-2027-1/dofbot_ws/install/setup.sh'
[1.135s] INFO:colcon.colcon_core.shell:Creating prefix script '/home/arrgusr/ROS2Dev/tsr-2027-1/dofbot_ws/install/local_setup.bash'
[1.136s] INFO:colcon.colcon_core.shell:Creating prefix chain script '/home/arrgusr/ROS2Dev/tsr-2027-1/dofbot_ws/install/setup.bash'
[1.136s] INFO:colcon.colcon_core.shell:Creating prefix script '/home/arrgusr/ROS2Dev/tsr-2027-1/dofbot_ws/install/local_setup.zsh'
[1.137s] INFO:colcon.colcon_core.shell:Creating prefix chain script '/home/arrgusr/ROS2Dev/tsr-2027-1/dofbot_ws/install/setup.zsh'
